#
# There is insufficient memory for the Java Runtime Environment to continue.
# Native memory allocation (malloc) failed to allocate 1630576 bytes. Error detail: Chunk::new
# Possible reasons:
#   The system is out of physical RAM or swap space
#   This process is running with CompressedOops enabled, and the Java Heap may be blocking the growth of the native heap
# Possible solutions:
#   Reduce memory load on the system
#   Increase physical memory or swap space
#   Check if swap backing store is full
#   Decrease Java heap size (-Xmx/-Xms)
#   Decrease number of Java threads
#   Decrease Java thread stack sizes (-Xss)
#   Set larger code cache with -XX:ReservedCodeCacheSize=
#   JVM is running with Unscaled Compressed Oops mode in which the Java heap is
#     placed in the first 4GB address space. The Java Heap base address is the
#     maximum limit for the native heap growth. Please use -XX:HeapBaseMinAddress
#     to set the Java Heap base and to place the Java Heap above 4GB virtual address.
# This output file may be truncated or incomplete.
#
#  Out of Memory Error (arena.cpp:168), pid=32112, tid=1508
#
# JRE version: OpenJDK Runtime Environment Temurin-21.0.11+10 (21.0.11+10) (build 21.0.11+10-LTS)
# Java VM: OpenJDK 64-Bit Server VM Temurin-21.0.11+10 (21.0.11+10-LTS, mixed mode, sharing, tiered, compressed oops, compressed class ptrs, parallel gc, windows-amd64)
# No core dump will be written. Minidumps are not enabled by default on client versions of Windows
#

---------------  S U M M A R Y ------------

Command Line: --add-modules=ALL-SYSTEM --add-opens=java.base/java.util=ALL-UNNAMED --add-opens=java.base/java.lang=ALL-UNNAMED --add-opens=java.base/sun.nio.fs=ALL-UNNAMED -Declipse.application=org.eclipse.jdt.ls.core.id1 -Dosgi.bundles.defaultStartLevel=4 -Declipse.product=org.eclipse.jdt.ls.core.product -Djava.import.generatesMetadataFilesAtProjectRoot=false -DDetectVMInstallationsJob.disabled=true -Dfile.encoding=utf8 -XX:+UseParallelGC -XX:GCTimeRatio=4 -XX:AdaptiveSizePolicyWeight=90 -Dsun.zip.disableMemoryMapping=true -Xmx2G -Xms100m -Xlog:disable -javaagent:c:\Users\ey669\.cursor\extensions\redhat.java-1.55.0-win32-x64\lombok\lombok-1.18.39-4050.jar -XX:+HeapDumpOnOutOfMemoryError -XX:HeapDumpPath=c:\Users\ey669\AppData\Roaming\Cursor\User\workspaceStorage\fe64c8470bcab7440b311695d50dbcfc\redhat.java -Daether.dependencyCollector.impl=bf c:\Users\ey669\.cursor\extensions\redhat.java-1.55.0-win32-x64\server\plugins\org.eclipse.equinox.launcher_1.7.200.v20260619-2039.jar -configuration c:\Users\ey669\AppData\Roaming\Cursor\User\globalStorage\redhat.java\1.55.0\config_win -data c:\Users\ey669\AppData\Roaming\Cursor\User\workspaceStorage\fe64c8470bcab7440b311695d50dbcfc\redhat.java\jdt_ws --pipe=\\.\pipe\lsp-2e08a6cda5c71da200c7320bd76807fd-sock

Host: AMD Ryzen 5 5500U with Radeon Graphics         , 12 cores, 5G,  Windows 11 , 64 bit Build 26100 (10.0.26100.8875)
Time: Wed Aug 12 11:15:52 2026 elapsed time: 150.265539 seconds (0d 0h 2m 30s)

---------------  T H R E A D  ---------------

Current thread (0x000001257b444a00):  JavaThread "C2 CompilerThread0" daemon [_thread_in_native, id=1508, stack(0x0000000c6a100000,0x0000000c6a200000) (1024K)]


Current CompileTask:
C2:150265 14689   !   4       org.eclipse.osgi.internal.loader.classpath.ClasspathManager::findClassImpl (328 bytes)

Stack: [0x0000000c6a100000,0x0000000c6a200000]
Native frames: (J=compiled Java code, j=interpreted, Vv=VM code, C=native code)
V  [jvm.dll+0x6d7e19]
V  [jvm.dll+0x8b5096]
V  [jvm.dll+0x8b764e]
V  [jvm.dll+0x8b7d33]
V  [jvm.dll+0x284596]
V  [jvm.dll+0xc685d]
V  [jvm.dll+0xc6da1]
V  [jvm.dll+0x3bed31]
V  [jvm.dll+0x1e4149]
V  [jvm.dll+0x24c853]
V  [jvm.dll+0x24bce0]
V  [jvm.dll+0x1cb4ae]
V  [jvm.dll+0x25baad]
V  [jvm.dll+0x25a03a]
V  [jvm.dll+0x3f868e]
V  [jvm.dll+0x85fb0d]
V  [jvm.dll+0x6d664d]
C  [ucrtbase.dll+0x2cd30]
C  [KERNEL32.DLL+0x2e957]
C  [ntdll.dll+0xaad6c]


---------------  P R O C E S S  ---------------

Threads class SMR info:
_java_thread_list=0x000001250413ec60, length=59, elements={
0x000001251d0fe590, 0x000001257a1fdda0, 0x000001251d1982d0, 0x000001251d19ea40,
0x000001251d1a24c0, 0x000001251d1a89d0, 0x000001251d1aa990, 0x000001257b444a00,
0x000001257b449080, 0x000001257b60cc20, 0x000001257b7b0e30, 0x000001257b805be0,
0x000001257cb0f020, 0x000001257c61ed20, 0x000001257c4c8fa0, 0x000001257d1140f0,
0x000001257cb6c1f0, 0x000001257c705ea0, 0x000001257d64a500, 0x000001257d647710,
0x000001257d647da0, 0x000001257d649150, 0x000001257d6497e0, 0x000001257d649e70,
0x0000012504436720, 0x0000012504436090, 0x0000012504436db0, 0x0000012504437440,
0x0000012504433fc0, 0x0000012504434ce0, 0x0000012504435370, 0x0000012504437ad0,
0x0000012504434650, 0x0000012504438160, 0x00000125044387f0, 0x0000012504438e80,
0x0000012504435a00, 0x0000012504439510, 0x0000012504439ba0, 0x000001250443af50,
0x000001250443b5e0, 0x0000012504570930, 0x0000012504572370, 0x0000012504572a00,
0x0000012504573090, 0x0000012504571ce0, 0x000001250456fc10, 0x0000012504573720,
0x00000125045702a0, 0x0000012504571650, 0x0000012504573db0, 0x0000012504574440,
0x0000012504570fc0, 0x0000012504575160, 0x00000125045757f0, 0x0000012504577230,
0x0000012504575e80, 0x0000012504dc8600, 0x0000012504dcc110
}

Java Threads: ( => current thread )
  0x000001251d0fe590 JavaThread "main"                              [_thread_blocked, id=33568, stack(0x0000000c69700000,0x0000000c69800000) (1024K)]
  0x000001257a1fdda0 JavaThread "Reference Handler"          daemon [_thread_blocked, id=14364, stack(0x0000000c69b00000,0x0000000c69c00000) (1024K)]
  0x000001251d1982d0 JavaThread "Finalizer"                  daemon [_thread_blocked, id=4228, stack(0x0000000c69c00000,0x0000000c69d00000) (1024K)]
  0x000001251d19ea40 JavaThread "Signal Dispatcher"          daemon [_thread_blocked, id=26272, stack(0x0000000c69d00000,0x0000000c69e00000) (1024K)]
  0x000001251d1a24c0 JavaThread "Attach Listener"            daemon [_thread_blocked, id=5980, stack(0x0000000c69e00000,0x0000000c69f00000) (1024K)]
  0x000001251d1a89d0 JavaThread "Service Thread"             daemon [_thread_blocked, id=20324, stack(0x0000000c69f00000,0x0000000c6a000000) (1024K)]
  0x000001251d1aa990 JavaThread "Monitor Deflation Thread"   daemon [_thread_blocked, id=12784, stack(0x0000000c6a000000,0x0000000c6a100000) (1024K)]
=>0x000001257b444a00 JavaThread "C2 CompilerThread0"         daemon [_thread_in_native, id=1508, stack(0x0000000c6a100000,0x0000000c6a200000) (1024K)]
  0x000001257b449080 JavaThread "C1 CompilerThread0"         daemon [_thread_blocked, id=34408, stack(0x0000000c6a200000,0x0000000c6a300000) (1024K)]
  0x000001257b60cc20 JavaThread "Common-Cleaner"             daemon [_thread_blocked, id=8876, stack(0x0000000c6a300000,0x0000000c6a400000) (1024K)]
  0x000001257b7b0e30 JavaThread "Notification Thread"        daemon [_thread_blocked, id=32908, stack(0x0000000c6a400000,0x0000000c6a500000) (1024K)]
  0x000001257b805be0 JavaThread "Active Thread: Equinox Container: 009c1440-7837-4c70-bd88-1dfb0dfb1bd0"        [_thread_blocked, id=8292, stack(0x0000000c6ab00000,0x0000000c6ac00000) (1024K)]
  0x000001257cb0f020 JavaThread "Refresh Thread: Equinox Container: 009c1440-7837-4c70-bd88-1dfb0dfb1bd0" daemon [_thread_blocked, id=34776, stack(0x0000000c6ad00000,0x0000000c6ae00000) (1024K)]
  0x000001257c61ed20 JavaThread "Framework Event Dispatcher: Equinox Container: 009c1440-7837-4c70-bd88-1dfb0dfb1bd0" daemon [_thread_blocked, id=33944, stack(0x0000000c6ae00000,0x0000000c6af00000) (1024K)]
  0x000001257c4c8fa0 JavaThread "Start Level: Equinox Container: 009c1440-7837-4c70-bd88-1dfb0dfb1bd0" daemon [_thread_blocked, id=2416, stack(0x0000000c6af00000,0x0000000c6b000000) (1024K)]
  0x000001257d1140f0 JavaThread "Bundle File Closer"         daemon [_thread_blocked, id=28044, stack(0x0000000c6b200000,0x0000000c6b300000) (1024K)]
  0x000001257cb6c1f0 JavaThread "SCR Component Actor"        daemon [_thread_blocked, id=30168, stack(0x0000000c6b300000,0x0000000c6b400000) (1024K)]
  0x000001257c705ea0 JavaThread "Worker-JM"                         [_thread_blocked, id=34632, stack(0x0000000c6b500000,0x0000000c6b600000) (1024K)]
  0x000001257d64a500 JavaThread "JNA Cleaner"                daemon [_thread_blocked, id=14608, stack(0x0000000c6b600000,0x0000000c6b700000) (1024K)]
  0x000001257d647710 JavaThread "Worker-1: Update project take-out-admin"        [_thread_in_vm, id=4872, stack(0x0000000c6b800000,0x0000000c6b900000) (1024K)]
  0x000001257d647da0 JavaThread "Java indexing"              daemon [_thread_blocked, id=26860, stack(0x0000000c6ba00000,0x0000000c6bb00000) (1024K)]
  0x000001257d649150 JavaThread "Worker-3"                          [_thread_blocked, id=29844, stack(0x0000000c6bd00000,0x0000000c6be00000) (1024K)]
  0x000001257d6497e0 JavaThread "Thread-1"                   daemon [_thread_in_native, id=28504, stack(0x0000000c6bf00000,0x0000000c6c000000) (1024K)]
  0x000001257d649e70 JavaThread "Thread-2"                   daemon [_thread_in_native, id=27724, stack(0x0000000c6c000000,0x0000000c6c100000) (1024K)]
  0x0000012504436720 JavaThread "Thread-3"                   daemon [_thread_in_native, id=30412, stack(0x0000000c6c100000,0x0000000c6c200000) (1024K)]
  0x0000012504436090 JavaThread "Thread-4"                   daemon [_thread_in_native, id=31448, stack(0x0000000c6c200000,0x0000000c6c300000) (1024K)]
  0x0000012504436db0 JavaThread "Thread-5"                   daemon [_thread_in_native, id=21736, stack(0x0000000c6c300000,0x0000000c6c400000) (1024K)]
  0x0000012504437440 JavaThread "Thread-6"                   daemon [_thread_in_native, id=3752, stack(0x0000000c6c400000,0x0000000c6c500000) (1024K)]
  0x0000012504433fc0 JavaThread "Thread-7"                   daemon [_thread_in_native, id=2852, stack(0x0000000c6c500000,0x0000000c6c600000) (1024K)]
  0x0000012504434ce0 JavaThread "Thread-8"                   daemon [_thread_in_native, id=33604, stack(0x0000000c6c600000,0x0000000c6c700000) (1024K)]
  0x0000012504435370 JavaThread "Thread-9"                   daemon [_thread_in_native, id=17884, stack(0x0000000c6c700000,0x0000000c6c800000) (1024K)]
  0x0000012504437ad0 JavaThread "Thread-10"                  daemon [_thread_in_native, id=9672, stack(0x0000000c6c800000,0x0000000c6c900000) (1024K)]
  0x0000012504434650 JavaThread "Thread-11"                  daemon [_thread_in_native, id=24484, stack(0x0000000c6c900000,0x0000000c6ca00000) (1024K)]
  0x0000012504438160 JavaThread "Thread-12"                  daemon [_thread_in_native, id=21020, stack(0x0000000c6ca00000,0x0000000c6cb00000) (1024K)]
  0x00000125044387f0 JavaThread "Thread-13"                  daemon [_thread_in_native, id=34024, stack(0x0000000c6cb00000,0x0000000c6cc00000) (1024K)]
  0x0000012504438e80 JavaThread "pool-2-thread-1"                   [_thread_blocked, id=11524, stack(0x0000000c6cc00000,0x0000000c6cd00000) (1024K)]
  0x0000012504435a00 JavaThread "WorkspaceEventsHandler"            [_thread_blocked, id=13924, stack(0x0000000c6cd00000,0x0000000c6ce00000) (1024K)]
  0x0000012504439510 JavaThread "pool-1-thread-1"                   [_thread_blocked, id=8572, stack(0x0000000c6ce00000,0x0000000c6cf00000) (1024K)]
  0x0000012504439ba0 JavaThread "ForkJoinPool.commonPool-worker-1" daemon [_thread_in_Java, id=8240, stack(0x0000000c6cf00000,0x0000000c6d000000) (1024K)]
  0x000001250443af50 JavaThread "ForkJoinPool.commonPool-worker-2" daemon [_thread_blocked, id=6308, stack(0x0000000c6d000000,0x0000000c6d100000) (1024K)]
  0x000001250443b5e0 JavaThread "ForkJoinPool.commonPool-worker-3" daemon [_thread_blocked, id=26012, stack(0x0000000c6d100000,0x0000000c6d200000) (1024K)]
  0x0000012504570930 JavaThread "ForkJoinPool.commonPool-worker-4" daemon [_thread_blocked, id=31772, stack(0x0000000c6d200000,0x0000000c6d300000) (1024K)]
  0x0000012504572370 JavaThread "ForkJoinPool.commonPool-worker-5" daemon [_thread_blocked, id=29096, stack(0x0000000c6d300000,0x0000000c6d400000) (1024K)]
  0x0000012504572a00 JavaThread "ForkJoinPool.commonPool-worker-6" daemon [_thread_blocked, id=30212, stack(0x0000000c6d400000,0x0000000c6d500000) (1024K)]
  0x0000012504573090 JavaThread "PatternSearchJob-worker-1"  daemon [_thread_blocked, id=9344, stack(0x0000000c6d500000,0x0000000c6d600000) (1024K)]
  0x0000012504571ce0 JavaThread "PatternSearchJob-worker-2"  daemon [_thread_blocked, id=20784, stack(0x0000000c6d600000,0x0000000c6d700000) (1024K)]
  0x000001250456fc10 JavaThread "PatternSearchJob-worker-3"  daemon [_thread_blocked, id=23084, stack(0x0000000c6d700000,0x0000000c6d800000) (1024K)]
  0x0000012504573720 JavaThread "PatternSearchJob-worker-4"  daemon [_thread_blocked, id=31620, stack(0x0000000c6d800000,0x0000000c6d900000) (1024K)]
  0x00000125045702a0 JavaThread "PatternSearchJob-worker-5"  daemon [_thread_blocked, id=18008, stack(0x0000000c6d900000,0x0000000c6da00000) (1024K)]
  0x0000012504571650 JavaThread "PatternSearchJob-worker-6"  daemon [_thread_blocked, id=32808, stack(0x0000000c6da00000,0x0000000c6db00000) (1024K)]
  0x0000012504573db0 JavaThread "PatternSearchJob-worker-7"  daemon [_thread_blocked, id=22156, stack(0x0000000c6db00000,0x0000000c6dc00000) (1024K)]
  0x0000012504574440 JavaThread "PatternSearchJob-worker-8"  daemon [_thread_blocked, id=29680, stack(0x0000000c6dc00000,0x0000000c6dd00000) (1024K)]
  0x0000012504570fc0 JavaThread "PatternSearchJob-worker-9"  daemon [_thread_blocked, id=29532, stack(0x0000000c6dd00000,0x0000000c6de00000) (1024K)]
  0x0000012504575160 JavaThread "PatternSearchJob-worker-10" daemon [_thread_blocked, id=23016, stack(0x0000000c6de00000,0x0000000c6df00000) (1024K)]
  0x00000125045757f0 JavaThread "PatternSearchJob-worker-11" daemon [_thread_blocked, id=26900, stack(0x0000000c6df00000,0x0000000c6e000000) (1024K)]
  0x0000012504577230 JavaThread "ForkJoinPool.commonPool-worker-7" daemon [_thread_blocked, id=29220, stack(0x0000000c6e000000,0x0000000c6e100000) (1024K)]
  0x0000012504575e80 JavaThread "ForkJoinPool.commonPool-worker-8" daemon [_thread_blocked, id=17060, stack(0x0000000c6e100000,0x0000000c6e200000) (1024K)]
  0x0000012504dc8600 JavaThread "Worker-5"                          [_thread_blocked, id=32164, stack(0x0000000c69400000,0x0000000c69500000) (1024K)]
  0x0000012504dcc110 JavaThread "Worker-6"                          [_thread_blocked, id=34292, stack(0x0000000c69500000,0x0000000c69600000) (1024K)]
Total: 59

Other Threads:
  0x000001257a1e4800 VMThread "VM Thread"                           [id=32696, stack(0x0000000c69a00000,0x0000000c69b00000) (1024K)]
  0x000001251d161640 WatcherThread "VM Periodic Task Thread"        [id=34552, stack(0x0000000c69900000,0x0000000c69a00000) (1024K)]
  0x000001251d114de0 WorkerThread "GC Thread#0"                     [id=26072, stack(0x0000000c69800000,0x0000000c69900000) (1024K)]
  0x000001257c8ed550 WorkerThread "GC Thread#1"                     [id=8276, stack(0x0000000c6a500000,0x0000000c6a600000) (1024K)]
  0x000001257c6aaa20 WorkerThread "GC Thread#2"                     [id=23968, stack(0x0000000c6a600000,0x0000000c6a700000) (1024K)]
  0x000001257c6aadd0 WorkerThread "GC Thread#3"                     [id=11492, stack(0x0000000c6a700000,0x0000000c6a800000) (1024K)]
  0x000001257c8ebed0 WorkerThread "GC Thread#4"                     [id=32800, stack(0x0000000c6a800000,0x0000000c6a900000) (1024K)]
  0x000001257c8ec280 WorkerThread "GC Thread#5"                     [id=13056, stack(0x0000000c6a900000,0x0000000c6aa00000) (1024K)]
  0x000001257c8ec630 WorkerThread "GC Thread#6"                     [id=34444, stack(0x0000000c6aa00000,0x0000000c6ab00000) (1024K)]
  0x000001257cabde10 WorkerThread "GC Thread#7"                     [id=29336, stack(0x0000000c6ac00000,0x0000000c6ad00000) (1024K)]
  0x000001257cd37d80 WorkerThread "GC Thread#8"                     [id=25624, stack(0x0000000c6b000000,0x0000000c6b100000) (1024K)]
  0x000001257cd38130 WorkerThread "GC Thread#9"                     [id=34340, stack(0x0000000c6b100000,0x0000000c6b200000) (1024K)]
Total: 12

Threads with active compile tasks:
C2 CompilerThread0  150371 14689   !   4       org.eclipse.osgi.internal.loader.classpath.ClasspathManager::findClassImpl (328 bytes)
C1 CompilerThread0  150372 14728   !   3       java.util.stream.ReferencePipeline$7$1::accept (127 bytes)
Total: 2

VM state: not at safepoint (normal execution)

VM Mutex/Monitor currently owned by a thread: None

Heap address: 0x0000000080000000, size: 2048 MB, Compressed Oops mode: 32-bit

CDS archive(s) mapped at: [0x0000012539000000-0x0000012539c80000-0x0000012539c80000), size 13107200, SharedBaseAddress: 0x0000012539000000, ArchiveRelocationMode: 1.
Compressed class space mapped at: 0x000001253a000000-0x000001257a000000, reserved size: 1073741824
Narrow klass base: 0x0000012539000000, Narrow klass shift: 0, Narrow klass range: 0x100000000

GC Precious Log:
 CardTable entry size: 512
 CPUs: 12 total, 12 available
 Memory: 5989M
 Large Page Support: Disabled
 NUMA Support: Disabled
 Compressed Oops: Enabled (32-bit)
 Alignments: Space 512K, Generation 512K, Heap 2M
 Heap Min Capacity: 100M
 Heap Initial Capacity: 100M
 Heap Max Capacity: 2G
 Pre-touch: Disabled
 Parallel Workers: 10

Heap:
 PSYoungGen      total 8704K, used 4757K [0x00000000d5580000, 0x00000000d5f00000, 0x0000000100000000)
  eden space 7680K, 52% used [0x00000000d5580000,0x00000000d5973980,0x00000000d5d00000)
  from space 1024K, 69% used [0x00000000d5e00000,0x00000000d5eb1bb8,0x00000000d5f00000)
  to   space 1024K, 0% used [0x00000000d5d00000,0x00000000d5d00000,0x00000000d5e00000)
 ParOldGen       total 176640K, used 176288K [0x0000000080000000, 0x000000008ac80000, 0x00000000d5580000)
  object space 176640K, 99% used [0x0000000080000000,0x000000008ac283c8,0x000000008ac80000)
 Metaspace       used 67299K, committed 68800K, reserved 1114112K
  class space    used 7035K, committed 7680K, reserved 1048576K

Card table byte_map: [0x000001251caa0000,0x000001251ceb0000] _byte_map_base: 0x000001251c6a0000

Marking Bits: (ParMarkBitMap*) 0x00007ffb26864460
 Begin Bits: [0x0000012534ac0000, 0x0000012536ac0000)
 End Bits:   [0x0000012536ac0000, 0x0000012538ac0000)

Polling page: 0x000001251b000000

Metaspace:

Usage:
  Non-class:     58.85 MB used.
      Class:      6.87 MB used.
       Both:     65.72 MB used.

Virtual space:
  Non-class space:       64.00 MB reserved,      59.69 MB ( 93%) committed,  1 nodes.
      Class space:        1.00 GB reserved,       7.50 MB ( <1%) committed,  1 nodes.
             Both:        1.06 GB reserved,      67.19 MB (  6%) committed. 

Chunk freelists:
   Non-Class:  3.78 MB
       Class:  8.45 MB
        Both:  12.23 MB

MaxMetaspaceSize: unlimited
CompressedClassSpaceSize: 1.00 GB
Initial GC threshold: 21.00 MB
Current GC threshold: 97.31 MB
CDS: on
 - commit_granule_bytes: 65536.
 - commit_granule_words: 8192.
 - virtual_space_node_default_size: 8388608.
 - enlarge_chunks_in_place: 1.
 - use_allocation_guard: 0.


Internal statistics:

num_allocs_failed_limit: 9.
num_arena_births: 1364.
num_arena_deaths: 18.
num_vsnodes_births: 2.
num_vsnodes_deaths: 0.
num_space_committed: 1075.
num_space_uncommitted: 0.
num_chunks_returned_to_freelist: 29.
num_chunks_taken_from_freelist: 4587.
num_chunk_merges: 11.
num_chunk_splits: 2804.
num_chunks_enlarged: 1540.
num_inconsistent_stats: 0.

CodeHeap 'non-profiled nmethods': size=120000Kb used=10982Kb max_used=10982Kb free=109017Kb
 bounds [0x000001252d2e0000, 0x000001252dda0000, 0x0000012534810000]
CodeHeap 'profiled nmethods': size=120000Kb used=32440Kb max_used=32440Kb free=87559Kb
 bounds [0x0000012525810000, 0x00000125277c0000, 0x000001252cd40000]
CodeHeap 'non-nmethods': size=5760Kb used=1427Kb max_used=1492Kb free=4332Kb
 bounds [0x000001252cd40000, 0x000001252cfb0000, 0x000001252d2e0000]
CodeCache: size=245760Kb, used=44849Kb, max_used=44914Kb, free=200908Kb
 total_blobs=14673, nmethods=13931, adapters=647, full_count=0
Compilation: enabled, stopped_count=0, restarted_count=0

Compilation events (20 events):
Event: 148.673 Thread 0x000001257b449080 14691       3       org.codehaus.plexus.classworlds.realm.Entry::matches (282 bytes)
Event: 148.677 Thread 0x000001257b449080 nmethod 14691 0x00000125277a8590 code [0x00000125277a8c40, 0x00000125277ac1d0]
Event: 148.739 Thread 0x000001257b449080 14695       3       com.google.common.base.Objects::hashCode (5 bytes)
Event: 148.740 Thread 0x000001257b449080 nmethod 14695 0x00000125277ad490 code [0x00000125277ad640, 0x00000125277ad7b0]
Event: 148.749 Thread 0x000001257b449080 14696       3       com.google.inject.internal.ProviderMethodsModule::getAnnotation (104 bytes)
Event: 148.754 Thread 0x000001257b449080 nmethod 14696 0x00000125277ad890 code [0x00000125277adbc0, 0x00000125277af038]
Event: 148.754 Thread 0x000001257b449080 14698       3       com.google.common.collect.Iterators::forArray (6 bytes)
Event: 148.755 Thread 0x000001257b449080 nmethod 14698 0x00000125277af710 code [0x00000125277af920, 0x00000125277afef0]
Event: 148.755 Thread 0x000001257b449080 14697       3       com.google.inject.internal.ProvidesMethodScanner::annotationClasses (4 bytes)
Event: 148.755 Thread 0x000001257b449080 nmethod 14697 0x00000125277b0190 code [0x00000125277b0320, 0x00000125277b0438]
Event: 148.831 Thread 0x000001257b449080 14699       3       sun.net.www.protocol.jar.URLJarFile::isFileURL (50 bytes)
Event: 148.834 Thread 0x000001257b449080 nmethod 14699 0x00000125277b0510 code [0x00000125277b0700, 0x00000125277b0ae0]
Event: 148.834 Thread 0x000001257b449080 14700   !   3       sun.net.www.protocol.jar.JarFileFactory::close (46 bytes)
Event: 148.835 Thread 0x000001257b449080 nmethod 14700 0x00000125277b0c90 code [0x00000125277b0e80, 0x00000125277b1388]
Event: 148.853 Thread 0x000001257b449080 14701       3       java.util.zip.ZipFile$InflaterCleanupAction::run (12 bytes)
Event: 148.859 Thread 0x000001257b449080 nmethod 14701 0x00000125277b1590 code [0x00000125277b1740, 0x00000125277b1890]
Event: 149.074 Thread 0x000001257b449080 14703   !   3       java.lang.reflect.Proxy::newProxyInstance (75 bytes)
Event: 149.076 Thread 0x000001257b449080 nmethod 14703 0x00000125277b1990 code [0x00000125277b1c00, 0x00000125277b2700]
Event: 149.198 Thread 0x000001257b449080 14706       3       org.codehaus.plexus.classworlds.realm.ClassRealm::getImportClassLoader (47 bytes)
Event: 149.199 Thread 0x000001257b449080 nmethod 14706 0x00000125277b2b90 code [0x00000125277b2da0, 0x00000125277b3390]

GC Heap History (20 events):
Event: 139.820 GC heap before
{Heap before GC invocations=198 (full 3):
 PSYoungGen      total 9728K, used 9696K [0x00000000d5580000, 0x00000000d6600000, 0x0000000100000000)
  eden space 8704K, 100% used [0x00000000d5580000,0x00000000d5e00000,0x00000000d5e00000)
  from space 1024K, 96% used [0x00000000d6100000,0x00000000d61f8020,0x00000000d6200000)
  to   space 3072K, 0% used [0x00000000d5e00000,0x00000000d5e00000,0x00000000d6100000)
 ParOldGen       total 168448K, used 168401K [0x0000000080000000, 0x000000008a480000, 0x00000000d5580000)
  object space 168448K, 99% used [0x0000000080000000,0x000000008a4744a0,0x000000008a480000)
 Metaspace       used 65974K, committed 67456K, reserved 1114112K
  class space    used 6845K, committed 7488K, reserved 1048576K
}
Event: 139.822 GC heap after
{Heap after GC invocations=198 (full 3):
 PSYoungGen      total 9728K, used 1024K [0x00000000d5580000, 0x00000000d6200000, 0x0000000100000000)
  eden space 8704K, 0% used [0x00000000d5580000,0x00000000d5580000,0x00000000d5e00000)
  from space 1024K, 100% used [0x00000000d5e00000,0x00000000d5f00000,0x00000000d5f00000)
  to   space 2048K, 0% used [0x00000000d6000000,0x00000000d6000000,0x00000000d6200000)
 ParOldGen       total 169472K, used 169413K [0x0000000080000000, 0x000000008a580000, 0x00000000d5580000)
  object space 169472K, 99% used [0x0000000080000000,0x000000008a5714f0,0x000000008a580000)
 Metaspace       used 65974K, committed 67456K, reserved 1114112K
  class space    used 6845K, committed 7488K, reserved 1048576K
}
Event: 139.914 GC heap before
{Heap before GC invocations=199 (full 3):
 PSYoungGen      total 9728K, used 9728K [0x00000000d5580000, 0x00000000d6200000, 0x0000000100000000)
  eden space 8704K, 100% used [0x00000000d5580000,0x00000000d5e00000,0x00000000d5e00000)
  from space 1024K, 100% used [0x00000000d5e00000,0x00000000d5f00000,0x00000000d5f00000)
  to   space 2048K, 0% used [0x00000000d6000000,0x00000000d6000000,0x00000000d6200000)
 ParOldGen       total 169472K, used 169413K [0x0000000080000000, 0x000000008a580000, 0x00000000d5580000)
  object space 169472K, 99% used [0x0000000080000000,0x000000008a5714f0,0x000000008a580000)
 Metaspace       used 65974K, committed 67456K, reserved 1114112K
  class space    used 6845K, committed 7488K, reserved 1048576K
}
Event: 139.918 GC heap after
{Heap after GC invocations=199 (full 3):
 PSYoungGen      total 10240K, used 1312K [0x00000000d5580000, 0x00000000d6180000, 0x0000000100000000)
  eden space 8704K, 0% used [0x00000000d5580000,0x00000000d5580000,0x00000000d5e00000)
  from space 1536K, 85% used [0x00000000d6000000,0x00000000d6148000,0x00000000d6180000)
  to   space 1536K, 0% used [0x00000000d5e80000,0x00000000d5e80000,0x00000000d6000000)
 ParOldGen       total 170496K, used 170325K [0x0000000080000000, 0x000000008a680000, 0x00000000d5580000)
  object space 170496K, 99% used [0x0000000080000000,0x000000008a6554f0,0x000000008a680000)
 Metaspace       used 65974K, committed 67456K, reserved 1114112K
  class space    used 6845K, committed 7488K, reserved 1048576K
}
Event: 140.016 GC heap before
{Heap before GC invocations=200 (full 3):
 PSYoungGen      total 10240K, used 10016K [0x00000000d5580000, 0x00000000d6180000, 0x0000000100000000)
  eden space 8704K, 100% used [0x00000000d5580000,0x00000000d5e00000,0x00000000d5e00000)
  from space 1536K, 85% used [0x00000000d6000000,0x00000000d6148000,0x00000000d6180000)
  to   space 1536K, 0% used [0x00000000d5e80000,0x00000000d5e80000,0x00000000d6000000)
 ParOldGen       total 170496K, used 170325K [0x0000000080000000, 0x000000008a680000, 0x00000000d5580000)
  object space 170496K, 99% used [0x0000000080000000,0x000000008a6554f0,0x000000008a680000)
 Metaspace       used 65974K, committed 67456K, reserved 1114112K
  class space    used 6845K, committed 7488K, reserved 1048576K
}
Event: 140.018 GC heap after
{Heap after GC invocations=200 (full 3):
 PSYoungGen      total 9728K, used 800K [0x00000000d5580000, 0x00000000d6080000, 0x0000000100000000)
  eden space 8704K, 0% used [0x00000000d5580000,0x00000000d5580000,0x00000000d5e00000)
  from space 1024K, 78% used [0x00000000d5e80000,0x00000000d5f48000,0x00000000d5f80000)
  to   space 1024K, 0% used [0x00000000d5f80000,0x00000000d5f80000,0x00000000d6080000)
 ParOldGen       total 171520K, used 171348K [0x0000000080000000, 0x000000008a780000, 0x00000000d5580000)
  object space 171520K, 99% used [0x0000000080000000,0x000000008a755340,0x000000008a780000)
 Metaspace       used 65974K, committed 67456K, reserved 1114112K
  class space    used 6845K, committed 7488K, reserved 1048576K
}
Event: 140.097 GC heap before
{Heap before GC invocations=201 (full 3):
 PSYoungGen      total 9728K, used 9504K [0x00000000d5580000, 0x00000000d6080000, 0x0000000100000000)
  eden space 8704K, 100% used [0x00000000d5580000,0x00000000d5e00000,0x00000000d5e00000)
  from space 1024K, 78% used [0x00000000d5e80000,0x00000000d5f48000,0x00000000d5f80000)
  to   space 1024K, 0% used [0x00000000d5f80000,0x00000000d5f80000,0x00000000d6080000)
 ParOldGen       total 171520K, used 171348K [0x0000000080000000, 0x000000008a780000, 0x00000000d5580000)
  object space 171520K, 99% used [0x0000000080000000,0x000000008a755340,0x000000008a780000)
 Metaspace       used 65974K, committed 67456K, reserved 1114112K
  class space    used 6845K, committed 7488K, reserved 1048576K
}
Event: 140.100 GC heap after
{Heap after GC invocations=201 (full 3):
 PSYoungGen      total 9216K, used 1024K [0x00000000d5580000, 0x00000000d6200000, 0x0000000100000000)
  eden space 8192K, 0% used [0x00000000d5580000,0x00000000d5580000,0x00000000d5d80000)
  from space 1024K, 100% used [0x00000000d5f80000,0x00000000d6080000,0x00000000d6080000)
  to   space 2048K, 0% used [0x00000000d5d80000,0x00000000d5d80000,0x00000000d5f80000)
 ParOldGen       total 172032K, used 172008K [0x0000000080000000, 0x000000008a800000, 0x00000000d5580000)
  object space 172032K, 99% used [0x0000000080000000,0x000000008a7fa1a0,0x000000008a800000)
 Metaspace       used 65974K, committed 67456K, reserved 1114112K
  class space    used 6845K, committed 7488K, reserved 1048576K
}
Event: 140.227 GC heap before
{Heap before GC invocations=202 (full 3):
 PSYoungGen      total 9216K, used 9216K [0x00000000d5580000, 0x00000000d6200000, 0x0000000100000000)
  eden space 8192K, 100% used [0x00000000d5580000,0x00000000d5d80000,0x00000000d5d80000)
  from space 1024K, 100% used [0x00000000d5f80000,0x00000000d6080000,0x00000000d6080000)
  to   space 2048K, 0% used [0x00000000d5d80000,0x00000000d5d80000,0x00000000d5f80000)
 ParOldGen       total 172032K, used 172008K [0x0000000080000000, 0x000000008a800000, 0x00000000d5580000)
  object space 172032K, 99% used [0x0000000080000000,0x000000008a7fa1a0,0x000000008a800000)
 Metaspace       used 65974K, committed 67456K, reserved 1114112K
  class space    used 6845K, committed 7488K, reserved 1048576K
}
Event: 140.231 GC heap after
{Heap after GC invocations=202 (full 3):
 PSYoungGen      total 9216K, used 1024K [0x00000000d5580000, 0x00000000d6080000, 0x0000000100000000)
  eden space 8192K, 0% used [0x00000000d5580000,0x00000000d5580000,0x00000000d5d80000)
  from space 1024K, 100% used [0x00000000d5d80000,0x00000000d5e80000,0x00000000d5e80000)
  to   space 1536K, 0% used [0x00000000d5f00000,0x00000000d5f00000,0x00000000d6080000)
 ParOldGen       total 173056K, used 172864K [0x0000000080000000, 0x000000008a900000, 0x00000000d5580000)
  object space 173056K, 99% used [0x0000000080000000,0x000000008a8d01a0,0x000000008a900000)
 Metaspace       used 65974K, committed 67456K, reserved 1114112K
  class space    used 6845K, committed 7488K, reserved 1048576K
}
Event: 140.433 GC heap before
{Heap before GC invocations=203 (full 3):
 PSYoungGen      total 9216K, used 9216K [0x00000000d5580000, 0x00000000d6080000, 0x0000000100000000)
  eden space 8192K, 100% used [0x00000000d5580000,0x00000000d5d80000,0x00000000d5d80000)
  from space 1024K, 100% used [0x00000000d5d80000,0x00000000d5e80000,0x00000000d5e80000)
  to   space 1536K, 0% used [0x00000000d5f00000,0x00000000d5f00000,0x00000000d6080000)
 ParOldGen       total 173056K, used 172864K [0x0000000080000000, 0x000000008a900000, 0x00000000d5580000)
  object space 173056K, 99% used [0x0000000080000000,0x000000008a8d01a0,0x000000008a900000)
 Metaspace       used 65974K, committed 67456K, reserved 1114112K
  class space    used 6845K, committed 7488K, reserved 1048576K
}
Event: 140.438 GC heap after
{Heap after GC invocations=203 (full 3):
 PSYoungGen      total 9216K, used 768K [0x00000000d5580000, 0x00000000d6000000, 0x0000000100000000)
  eden space 8192K, 0% used [0x00000000d5580000,0x00000000d5580000,0x00000000d5d80000)
  from space 1024K, 75% used [0x00000000d5f00000,0x00000000d5fc0000,0x00000000d6000000)
  to   space 1024K, 0% used [0x00000000d5d80000,0x00000000d5d80000,0x00000000d5e80000)
 ParOldGen       total 174080K, used 173728K [0x0000000080000000, 0x000000008aa00000, 0x00000000d5580000)
  object space 174080K, 99% used [0x0000000080000000,0x000000008a9a81a0,0x000000008aa00000)
 Metaspace       used 65974K, committed 67456K, reserved 1114112K
  class space    used 6845K, committed 7488K, reserved 1048576K
}
Event: 141.208 GC heap before
{Heap before GC invocations=204 (full 3):
 PSYoungGen      total 9216K, used 8960K [0x00000000d5580000, 0x00000000d6000000, 0x0000000100000000)
  eden space 8192K, 100% used [0x00000000d5580000,0x00000000d5d80000,0x00000000d5d80000)
  from space 1024K, 75% used [0x00000000d5f00000,0x00000000d5fc0000,0x00000000d6000000)
  to   space 1024K, 0% used [0x00000000d5d80000,0x00000000d5d80000,0x00000000d5e80000)
 ParOldGen       total 174080K, used 173728K [0x0000000080000000, 0x000000008aa00000, 0x00000000d5580000)
  object space 174080K, 99% used [0x0000000080000000,0x000000008a9a81a0,0x000000008aa00000)
 Metaspace       used 66231K, committed 67712K, reserved 1114112K
  class space    used 6889K, committed 7552K, reserved 1048576K
}
Event: 141.211 GC heap after
{Heap after GC invocations=204 (full 3):
 PSYoungGen      total 9216K, used 832K [0x00000000d5580000, 0x00000000d5f80000, 0x0000000100000000)
  eden space 8192K, 0% used [0x00000000d5580000,0x00000000d5580000,0x00000000d5d80000)
  from space 1024K, 81% used [0x00000000d5d80000,0x00000000d5e50000,0x00000000d5e80000)
  to   space 1024K, 0% used [0x00000000d5e80000,0x00000000d5e80000,0x00000000d5f80000)
 ParOldGen       total 174592K, used 174232K [0x0000000080000000, 0x000000008aa80000, 0x00000000d5580000)
  object space 174592K, 99% used [0x0000000080000000,0x000000008aa261a0,0x000000008aa80000)
 Metaspace       used 66231K, committed 67712K, reserved 1114112K
  class space    used 6889K, committed 7552K, reserved 1048576K
}
Event: 147.846 GC heap before
{Heap before GC invocations=205 (full 3):
 PSYoungGen      total 9216K, used 9024K [0x00000000d5580000, 0x00000000d5f80000, 0x0000000100000000)
  eden space 8192K, 100% used [0x00000000d5580000,0x00000000d5d80000,0x00000000d5d80000)
  from space 1024K, 81% used [0x00000000d5d80000,0x00000000d5e50000,0x00000000d5e80000)
  to   space 1024K, 0% used [0x00000000d5e80000,0x00000000d5e80000,0x00000000d5f80000)
 ParOldGen       total 174592K, used 174290K [0x0000000080000000, 0x000000008aa80000, 0x00000000d5580000)
  object space 174592K, 99% used [0x0000000080000000,0x000000008aa34b28,0x000000008aa80000)
 Metaspace       used 66391K, committed 67840K, reserved 1114112K
  class space    used 6916K, committed 7552K, reserved 1048576K
}
Event: 147.852 GC heap after
{Heap after GC invocations=205 (full 3):
 PSYoungGen      total 8704K, used 1024K [0x00000000d5580000, 0x00000000d6080000, 0x0000000100000000)
  eden space 7680K, 0% used [0x00000000d5580000,0x00000000d5580000,0x00000000d5d00000)
  from space 1024K, 100% used [0x00000000d5e80000,0x00000000d5f80000,0x00000000d5f80000)
  to   space 1536K, 0% used [0x00000000d5d00000,0x00000000d5d00000,0x00000000d5e80000)
 ParOldGen       total 175104K, used 174890K [0x0000000080000000, 0x000000008ab00000, 0x00000000d5580000)
  object space 175104K, 99% used [0x0000000080000000,0x000000008aaca918,0x000000008ab00000)
 Metaspace       used 66391K, committed 67840K, reserved 1114112K
  class space    used 6916K, committed 7552K, reserved 1048576K
}
Event: 148.389 GC heap before
{Heap before GC invocations=206 (full 3):
 PSYoungGen      total 8704K, used 8703K [0x00000000d5580000, 0x00000000d6080000, 0x0000000100000000)
  eden space 7680K, 99% used [0x00000000d5580000,0x00000000d5cffff0,0x00000000d5d00000)
  from space 1024K, 100% used [0x00000000d5e80000,0x00000000d5f80000,0x00000000d5f80000)
  to   space 1536K, 0% used [0x00000000d5d00000,0x00000000d5d00000,0x00000000d5e80000)
 ParOldGen       total 175104K, used 174904K [0x0000000080000000, 0x000000008ab00000, 0x00000000d5580000)
  object space 175104K, 99% used [0x0000000080000000,0x000000008aace378,0x000000008ab00000)
 Metaspace       used 66513K, committed 67968K, reserved 1114112K
  class space    used 6929K, committed 7552K, reserved 1048576K
}
Event: 148.396 GC heap after
{Heap after GC invocations=206 (full 3):
 PSYoungGen      total 8704K, used 1008K [0x00000000d5580000, 0x00000000d5f00000, 0x0000000100000000)
  eden space 7680K, 0% used [0x00000000d5580000,0x00000000d5580000,0x00000000d5d00000)
  from space 1024K, 98% used [0x00000000d5d00000,0x00000000d5dfc038,0x00000000d5e00000)
  to   space 1024K, 0% used [0x00000000d5e00000,0x00000000d5e00000,0x00000000d5f00000)
 ParOldGen       total 175616K, used 175568K [0x0000000080000000, 0x000000008ab80000, 0x00000000d5580000)
  object space 175616K, 99% used [0x0000000080000000,0x000000008ab74378,0x000000008ab80000)
 Metaspace       used 66513K, committed 67968K, reserved 1114112K
  class space    used 6929K, committed 7552K, reserved 1048576K
}
Event: 149.063 GC heap before
{Heap before GC invocations=207 (full 3):
 PSYoungGen      total 8704K, used 8688K [0x00000000d5580000, 0x00000000d5f00000, 0x0000000100000000)
  eden space 7680K, 100% used [0x00000000d5580000,0x00000000d5d00000,0x00000000d5d00000)
  from space 1024K, 98% used [0x00000000d5d00000,0x00000000d5dfc038,0x00000000d5e00000)
  to   space 1024K, 0% used [0x00000000d5e00000,0x00000000d5e00000,0x00000000d5f00000)
 ParOldGen       total 175616K, used 175568K [0x0000000080000000, 0x000000008ab80000, 0x00000000d5580000)
  object space 175616K, 99% used [0x0000000080000000,0x000000008ab74378,0x000000008ab80000)
 Metaspace       used 66910K, committed 68416K, reserved 1114112K
  class space    used 6969K, committed 7616K, reserved 1048576K
}
Event: 149.068 GC heap after
{Heap after GC invocations=207 (full 3):
 PSYoungGen      total 8704K, used 710K [0x00000000d5580000, 0x00000000d5f00000, 0x0000000100000000)
  eden space 7680K, 0% used [0x00000000d5580000,0x00000000d5580000,0x00000000d5d00000)
  from space 1024K, 69% used [0x00000000d5e00000,0x00000000d5eb1bb8,0x00000000d5f00000)
  to   space 1024K, 0% used [0x00000000d5d00000,0x00000000d5d00000,0x00000000d5e00000)
 ParOldGen       total 176640K, used 176288K [0x0000000080000000, 0x000000008ac80000, 0x00000000d5580000)
  object space 176640K, 99% used [0x0000000080000000,0x000000008ac283c8,0x000000008ac80000)
 Metaspace       used 66910K, committed 68416K, reserved 1114112K
  class space    used 6969K, committed 7616K, reserved 1048576K
}

Dll operation events (11 events):
Event: 0.038 Loaded shared library D:\Java\jdks\jdk-21.0.11_10\bin\java.dll
Event: 0.126 Loaded shared library D:\Java\jdks\jdk-21.0.11_10\bin\jsvml.dll
Event: 0.253 Loaded shared library D:\Java\jdks\jdk-21.0.11_10\bin\zip.dll
Event: 0.264 Loaded shared library D:\Java\jdks\jdk-21.0.11_10\bin\instrument.dll
Event: 0.282 Loaded shared library D:\Java\jdks\jdk-21.0.11_10\bin\net.dll
Event: 0.295 Loaded shared library D:\Java\jdks\jdk-21.0.11_10\bin\nio.dll
Event: 0.305 Loaded shared library D:\Java\jdks\jdk-21.0.11_10\bin\zip.dll
Event: 0.356 Loaded shared library D:\Java\jdks\jdk-21.0.11_10\bin\jimage.dll
Event: 0.555 Loaded shared library D:\Java\jdks\jdk-21.0.11_10\bin\verify.dll
Event: 13.940 Loaded shared library C:\Users\ey669\AppData\Roaming\Cursor\User\globalStorage\redhat.java\1.55.0\config_win\org.eclipse.equinox.launcher\org.eclipse.equinox.launcher.win32.win32.x86_64_1.3.100.v20260613-0559\eclipse_11924.dll
Event: 25.769 Loaded shared library C:\Users\ey669\AppData\Local\Temp\jna-96933957\jna4446259754860398700.dll

Deoptimization events (20 events):
Event: 148.497 Thread 0x0000012504439ba0 DEOPT UNPACKING pc=0x000001252cd93aa2 sp=0x0000000c6cffe8f8 mode 2
Event: 148.575 Thread 0x000001257d647710 Uncommon trap: trap_request=0xffffff6e fr.pc=0x000001252d31a458 relative=0x0000000000000138
Event: 148.575 Thread 0x000001257d647710 Uncommon trap: reason=loop_limit_check action=maybe_recompile pc=0x000001252d31a458 method=java.lang.StringLatin1.lastIndexOf([BII)I @ 19 c2
Event: 148.575 Thread 0x000001257d647710 DEOPT PACKING pc=0x000001252d31a458 sp=0x0000000c6b8fd320
Event: 148.575 Thread 0x000001257d647710 DEOPT UNPACKING pc=0x000001252cd93aa2 sp=0x0000000c6b8fd2a0 mode 2
Event: 148.578 Thread 0x000001257d647710 Uncommon trap: trap_request=0xffffff45 fr.pc=0x000001252da70c74 relative=0x0000000000000054
Event: 148.578 Thread 0x000001257d647710 Uncommon trap: reason=unstable_if action=reinterpret pc=0x000001252da70c74 method=org.codehaus.plexus.util.StringUtils.isNotEmpty(Ljava/lang/String;)Z @ 8 c2
Event: 148.578 Thread 0x000001257d647710 DEOPT PACKING pc=0x000001252da70c74 sp=0x0000000c6b8fd870
Event: 148.578 Thread 0x000001257d647710 DEOPT UNPACKING pc=0x000001252cd93aa2 sp=0x0000000c6b8fd800 mode 2
Event: 148.593 Thread 0x000001257d647710 Uncommon trap: trap_request=0xffffff45 fr.pc=0x000001252d7006c0 relative=0x0000000000000120
Event: 148.593 Thread 0x000001257d647710 Uncommon trap: reason=unstable_if action=reinterpret pc=0x000001252d7006c0 method=java.util.ArrayDeque.addLast(Ljava/lang/Object;)V @ 42 c2
Event: 148.593 Thread 0x000001257d647710 DEOPT PACKING pc=0x000001252d7006c0 sp=0x0000000c6b8fd720
Event: 148.593 Thread 0x000001257d647710 DEOPT UNPACKING pc=0x000001252cd93aa2 sp=0x0000000c6b8fd6c0 mode 2
Event: 148.649 Thread 0x000001257d647710 Uncommon trap: trap_request=0xffffff45 fr.pc=0x000001252d6c5b9c relative=0x00000000000014dc
Event: 148.650 Thread 0x000001257d647710 Uncommon trap: reason=unstable_if action=reinterpret pc=0x000001252d6c5b9c method=lombok.eclipse.agent.EclipsePatcher$1.shouldTransform(Ljava/lang/ClassLoader;Ljava/lang/String;Ljava/lang/Class;Ljava/security/ProtectionDomain;[B)Z @ 80 c2
Event: 148.650 Thread 0x000001257d647710 DEOPT PACKING pc=0x000001252d6c5b9c sp=0x0000000c6b8fbb80
Event: 148.650 Thread 0x000001257d647710 DEOPT UNPACKING pc=0x000001252cd93aa2 sp=0x0000000c6b8fba80 mode 2
Event: 149.050 Thread 0x0000012504439ba0 DEOPT PACKING pc=0x00000125277a791e sp=0x0000000c6cff8dd0
Event: 149.050 Thread 0x0000012504439ba0 DEOPT UNPACKING pc=0x000001252cd94242 sp=0x0000000c6cff82b0 mode 0
Event: 149.339 Thread 0x0000012504439ba0 DEOPT PACKING pc=0x0000012527302972 sp=0x0000000c6cffde80

Classes loaded (20 events):
Event: 135.650 Loading class com/sun/org/apache/xerces/internal/util/URI
Event: 135.675 Loading class com/sun/org/apache/xerces/internal/util/URI done
Event: 136.405 Loading class org/xml/sax/SAXNotRecognizedException
Event: 136.406 Loading class org/xml/sax/SAXNotRecognizedException done
Event: 136.406 Loading class org/xml/sax/SAXNotSupportedException
Event: 136.407 Loading class org/xml/sax/SAXNotSupportedException done
Event: 136.446 Loading class com/sun/org/apache/xerces/internal/xni/XNIException
Event: 136.452 Loading class com/sun/org/apache/xerces/internal/xni/XNIException done
Event: 136.459 Loading class com/sun/org/apache/xerces/internal/xni/parser/XMLParseException
Event: 136.463 Loading class com/sun/org/apache/xerces/internal/xni/parser/XMLParseException done
Event: 136.588 Loading class java/io/ObjectOutputStream$BlockDataOutputStream
Event: 136.593 Loading class java/io/ObjectOutputStream$BlockDataOutputStream done
Event: 136.593 Loading class java/io/ObjectOutputStream$HandleTable
Event: 136.595 Loading class java/io/ObjectOutputStream$HandleTable done
Event: 136.595 Loading class java/io/ObjectOutputStream$ReplaceTable
Event: 136.597 Loading class java/io/ObjectOutputStream$ReplaceTable done
Event: 137.263 Loading class java/util/ImmutableCollections$SubList
Event: 137.264 Loading class java/util/ImmutableCollections$SubList done
Event: 138.387 Loading class java/util/zip/CheckedInputStream
Event: 138.388 Loading class java/util/zip/CheckedInputStream done

Classes unloaded (9 events):
Event: 26.636 Thread 0x000001257a1e4800 Unloading class 0x000001253a1a9000 'java/lang/invoke/LambdaForm$MH+0x000001253a1a9000'
Event: 26.636 Thread 0x000001257a1e4800 Unloading class 0x000001253a1a8c00 'java/lang/invoke/LambdaForm$MH+0x000001253a1a8c00'
Event: 26.636 Thread 0x000001257a1e4800 Unloading class 0x000001253a1a8800 'java/lang/invoke/LambdaForm$MH+0x000001253a1a8800'
Event: 26.636 Thread 0x000001257a1e4800 Unloading class 0x000001253a1a8400 'java/lang/invoke/LambdaForm$MH+0x000001253a1a8400'
Event: 26.636 Thread 0x000001257a1e4800 Unloading class 0x000001253a1a8000 'java/lang/invoke/LambdaForm$BMH+0x000001253a1a8000'
Event: 26.636 Thread 0x000001257a1e4800 Unloading class 0x000001253a1a7c00 'java/lang/invoke/LambdaForm$DMH+0x000001253a1a7c00'
Event: 26.636 Thread 0x000001257a1e4800 Unloading class 0x000001253a1a6c00 'java/lang/invoke/LambdaForm$DMH+0x000001253a1a6c00'
Event: 48.610 Thread 0x000001257a1e4800 Unloading class 0x000001253a679400 'java/lang/invoke/LambdaForm$DMH+0x000001253a679400'
Event: 48.610 Thread 0x000001257a1e4800 Unloading class 0x000001253a679800 'java/lang/invoke/LambdaForm$DMH+0x000001253a679800'

Classes redefined (0 events):
No events

Internal exceptions (20 events):
Event: 133.502 Thread 0x0000012504435a00 Exception <a 'sun/nio/fs/WindowsException'{0x00000000d595ed78}> (0x00000000d595ed78) 
thrown [s\src\hotspot\share\prims\jni.cpp, line 520]
Event: 133.503 Thread 0x0000012504435a00 Exception <a 'sun/nio/fs/WindowsException'{0x00000000d595f650}> (0x00000000d595f650) 
thrown [s\src\hotspot\share\prims\jni.cpp, line 520]
Event: 133.507 Thread 0x0000012504435a00 Exception <a 'sun/nio/fs/WindowsException'{0x00000000d59621d0}> (0x00000000d59621d0) 
thrown [s\src\hotspot\share\prims\jni.cpp, line 520]
Event: 133.507 Thread 0x0000012504435a00 Exception <a 'sun/nio/fs/WindowsException'{0x00000000d5962d10}> (0x00000000d5962d10) 
thrown [s\src\hotspot\share\prims\jni.cpp, line 520]
Event: 135.344 Thread 0x0000012504435a00 Exception <a 'java/io/FileNotFoundException'{0x00000000d5b35410}> (0x00000000d5b35410) 
thrown [s\src\hotspot\share\prims\jni.cpp, line 520]
Event: 135.345 Thread 0x0000012504435a00 Exception <a 'java/io/FileNotFoundException'{0x00000000d5b368a0}> (0x00000000d5b368a0) 
thrown [s\src\hotspot\share\prims\jni.cpp, line 520]
Event: 137.018 Thread 0x000001257d649150 Exception <a 'java/lang/NoSuchMethodError'{0x00000000d5d69e70}: 'java.lang.Object java.lang.invoke.DirectMethodHandle$Holder.newInvokeSpecial(java.lang.Object, java.lang.Object, int, java.lang.Object, java.lang.Object)'> (0x00000000d5d69e70) 
thrown [s\src\hotspot\share\interpreter\linkResolver.cpp, line 773]
Event: 137.078 Thread 0x000001257d649150 Exception <a 'java/lang/NoSuchMethodError'{0x00000000d5d88610}: 'java.lang.Object java.lang.invoke.DirectMethodHandle$Holder.invokeSpecial(java.lang.Object, java.lang.Object, java.lang.Object, int, java.lang.Object, java.lang.Object, java.lang.Object)'> (0x00000000d5d88610) 
thrown [s\src\hotspot\share\interpreter\linkResolver.cpp, line 773]
Event: 137.588 Thread 0x000001257d649150 Exception <a 'java/io/FileNotFoundException'{0x00000000d5ffcad0}> (0x00000000d5ffcad0) 
thrown [s\src\hotspot\share\prims\jni.cpp, line 520]
Event: 137.591 Thread 0x000001257d649150 Exception <a 'java/io/FileNotFoundException'{0x00000000d5ffe6a0}> (0x00000000d5ffe6a0) 
thrown [s\src\hotspot\share\prims\jni.cpp, line 520]
Event: 138.106 Thread 0x000001257d649150 Exception <a 'java/io/FileNotFoundException'{0x00000000d60496e8}> (0x00000000d60496e8) 
thrown [s\src\hotspot\share\prims\jni.cpp, line 520]
Event: 138.286 Thread 0x000001257d649150 Implicit null exception at 0x000001252d7ddc86 to 0x000001252d7ddfc8
Event: 139.512 Thread 0x000001257d647710 Exception <a 'java/lang/NoSuchMethodError'{0x00000000d5a6d750}: 'void java.lang.invoke.DirectMethodHandle$Holder.invokeStatic(java.lang.Object, java.lang.Object, java.lang.Object, java.lang.Object, java.lang.Object, java.lang.Object, java.lang.Object, java.lang.Object)'> (0x00000000d5a6d750) 
thrown [s\src\hotspot\share\interpreter\linkResolver.cpp, line 773]
Event: 140.590 Thread 0x000001257d647710 Exception <a 'java/lang/NoSuchMethodError'{0x00000000d5948000}: 'java.lang.Object java.lang.invoke.DirectMethodHandle$Holder.newInvokeSpecial(java.lang.Object, java.lang.Object, java.lang.Object, java.lang.Object, java.lang.Object, java.lang.Object, java.lang.Object, java.lang.Object)'> (0x00000000d5948000) 
thrown [s\src\hotspot\share\interpreter\linkResolver.cpp, line 773]
Event: 140.596 Thread 0x000001257d647710 Exception <a 'java/lang/NoSuchMethodError'{0x00000000d595e9e8}: 'java.lang.Object java.lang.invoke.DirectMethodHandle$Holder.invokeStatic(java.lang.Object, java.lang.Object, int, java.lang.Object, java.lang.Object)'> (0x00000000d595e9e8) 
thrown [s\src\hotspot\share\interpreter\linkResolver.cpp, line 773]
Event: 140.755 Thread 0x000001257d647710 Exception <a 'java/lang/NoSuchMethodError'{0x00000000d59e01d8}: 'void java.lang.invoke.DirectMethodHandle$Holder.invokeStatic(java.lang.Object, int)'> (0x00000000d59e01d8) 
thrown [s\src\hotspot\share\interpreter\linkResolver.cpp, line 773]
Event: 141.252 Thread 0x000001257d647710 Exception <a 'java/io/FileNotFoundException'{0x00000000d5597c70}> (0x00000000d5597c70) 
thrown [s\src\hotspot\share\prims\jni.cpp, line 520]
Event: 145.258 Thread 0x000001257d647710 Implicit null exception at 0x000001252db396ca to 0x000001252db39df8
Event: 147.444 Thread 0x000001257d647710 Implicit null exception at 0x000001252db0a795 to 0x000001252db0ad84
Event: 148.649 Thread 0x000001257d647710 Implicit null exception at 0x000001252d6c4e5f to 0x000001252d6c5b84

ZGC Phase Switch (0 events):
No events

VM Operations (20 events):
Event: 147.256 Executing safepoint VM operation: Cleanup done
Event: 147.842 Executing safepoint VM operation: ParallelGCFailedAllocation (Allocation Failure)
Event: 147.844 Executing safepoint VM operation: ParallelGCFailedAllocation (Allocation Failure) done
Event: 147.846 Executing safepoint VM operation: ParallelGCSystemGC (GCLocker Initiated GC)
Event: 147.852 Executing safepoint VM operation: ParallelGCSystemGC (GCLocker Initiated GC) done
Event: 148.389 Executing safepoint VM operation: ParallelGCFailedAllocation (Allocation Failure)
Event: 148.397 Executing safepoint VM operation: ParallelGCFailedAllocation (Allocation Failure) done
Event: 149.063 Executing safepoint VM operation: ParallelGCFailedAllocation (Allocation Failure)
Event: 149.068 Executing safepoint VM operation: ParallelGCFailedAllocation (Allocation Failure) done
Event: 149.135 Executing non-safepoint VM operation: HandshakeAllThreads (Deoptimize)
Event: 149.135 Executing non-safepoint VM operation: HandshakeAllThreads (Deoptimize) done
Event: 149.145 Executing non-safepoint VM operation: HandshakeAllThreads (Deoptimize)
Event: 149.145 Executing non-safepoint VM operation: HandshakeAllThreads (Deoptimize) done
Event: 149.166 Executing non-safepoint VM operation: HandshakeAllThreads (Deoptimize)
Event: 149.167 Executing non-safepoint VM operation: HandshakeAllThreads (Deoptimize) done
Event: 149.190 Executing non-safepoint VM operation: HandshakeAllThreads (Deoptimize)
Event: 149.191 Executing non-safepoint VM operation: HandshakeAllThreads (Deoptimize) done
Event: 149.201 Executing non-safepoint VM operation: HandshakeAllThreads (Deoptimize)
Event: 149.201 Executing non-safepoint VM operation: HandshakeAllThreads (Deoptimize) done
Event: 150.205 Executing safepoint VM operation: Cleanup

Memory protections (0 events):
No events

Nmethod flushes (20 events):
Event: 48.671 Thread 0x000001257a1e4800 flushing  nmethod 0x00000125260f9490
Event: 48.671 Thread 0x000001257a1e4800 flushing  nmethod 0x00000125260f9b10
Event: 48.671 Thread 0x000001257a1e4800 flushing  nmethod 0x000001252610dd90
Event: 48.671 Thread 0x000001257a1e4800 flushing  nmethod 0x0000012526129310
Event: 48.671 Thread 0x000001257a1e4800 flushing  nmethod 0x000001252612ae90
Event: 48.671 Thread 0x000001257a1e4800 flushing  nmethod 0x000001252615ff10
Event: 48.671 Thread 0x000001257a1e4800 flushing  nmethod 0x0000012526161190
Event: 48.671 Thread 0x000001257a1e4800 flushing  nmethod 0x0000012526164690
Event: 48.671 Thread 0x000001257a1e4800 flushing  nmethod 0x0000012526165590
Event: 48.671 Thread 0x000001257a1e4800 flushing  nmethod 0x0000012526166310
Event: 48.671 Thread 0x000001257a1e4800 flushing  nmethod 0x000001252616c290
Event: 48.671 Thread 0x000001257a1e4800 flushing  nmethod 0x0000012526182410
Event: 48.671 Thread 0x000001257a1e4800 flushing  nmethod 0x000001252618c890
Event: 48.671 Thread 0x000001257a1e4800 flushing  nmethod 0x000001252618ce90
Event: 48.671 Thread 0x000001257a1e4800 flushing  nmethod 0x000001252618d590
Event: 48.671 Thread 0x000001257a1e4800 flushing  nmethod 0x000001252618d910
Event: 48.671 Thread 0x000001257a1e4800 flushing  nmethod 0x0000012526190710
Event: 48.671 Thread 0x000001257a1e4800 flushing  nmethod 0x0000012526198510
Event: 48.671 Thread 0x000001257a1e4800 flushing  nmethod 0x000001252619dc10
Event: 48.671 Thread 0x000001257a1e4800 flushing  nmethod 0x00000125261fc090

Events (20 events):
Event: 70.272 Thread 0x0000012504dc99b0 Thread exited: 0x0000012504dc99b0
Event: 70.272 Thread 0x0000012504dcb3f0 Thread exited: 0x0000012504dcb3f0
Event: 70.272 Thread 0x0000012504dcad60 Thread exited: 0x0000012504dcad60
Event: 77.959 Thread 0x0000012506115a50 Thread exited: 0x0000012506115a50
Event: 125.809 Thread 0x0000012504576510 Thread exited: 0x0000012504576510
Event: 128.929 Thread 0x000001257d648430 Thread exited: 0x000001257d648430
Event: 131.433 Thread 0x000001257d648ac0 Thread exited: 0x000001257d648ac0
Event: 131.444 Thread 0x000001257d647080 Thread exited: 0x000001257d647080
Event: 133.891 Thread 0x0000012504435a00 Thread added: 0x0000012504dc8600
Event: 138.436 Thread 0x0000012504dc8600 Thread added: 0x0000012504dcc110
Event: 147.488 Thread 0x000001257d647710 Thread added: 0x0000012504dcad60
Event: 147.489 Thread 0x000001257d647710 Thread added: 0x0000012504dc9320
Event: 147.490 Thread 0x000001257d647710 Thread added: 0x0000012504dc99b0
Event: 147.495 Thread 0x000001257d647710 Thread added: 0x0000012504dcce30
Event: 147.497 Thread 0x000001257d647710 Thread added: 0x0000012504dcb3f0
Event: 148.519 Thread 0x0000012504dcb3f0 Thread exited: 0x0000012504dcb3f0
Event: 148.519 Thread 0x0000012504dc99b0 Thread exited: 0x0000012504dc99b0
Event: 148.519 Thread 0x0000012504dcce30 Thread exited: 0x0000012504dcce30
Event: 148.519 Thread 0x0000012504dc9320 Thread exited: 0x0000012504dc9320
Event: 148.519 Thread 0x0000012504dcad60 Thread exited: 0x0000012504dcad60


Dynamic libraries:
0x00007ff672ae0000 - 0x00007ff672aee000 	D:\Java\jdks\jdk-21.0.11_10\bin\java.exe
0x00007ffc0bba0000 - 0x00007ffc0be06000 	C:\WINDOWS\SYSTEM32\ntdll.dll
0x00007ffc0a250000 - 0x00007ffc0a319000 	C:\WINDOWS\System32\KERNEL32.DLL
0x00007ffc091d0000 - 0x00007ffc095ce000 	C:\WINDOWS\System32\KERNELBASE.dll
0x00007ffc056b0000 - 0x00007ffc05750000 	C:\WINDOWS\SYSTEM32\apphelp.dll
0x00007ffc08df0000 - 0x00007ffc08f3c000 	C:\WINDOWS\System32\ucrtbase.dll
0x00007ffbe9e20000 - 0x00007ffbe9e3e000 	D:\Java\jdks\jdk-21.0.11_10\bin\VCRUNTIME140.dll
0x00007ffbe9e00000 - 0x00007ffbe9e18000 	D:\Java\jdks\jdk-21.0.11_10\bin\jli.dll
0x00007ffc098e0000 - 0x00007ffc09aa7000 	C:\WINDOWS\System32\USER32.dll
0x00007ffc08dc0000 - 0x00007ffc08de7000 	C:\WINDOWS\System32\win32u.dll
0x00007ffbf4d20000 - 0x00007ffbf4fb2000 	C:\WINDOWS\WinSxS\amd64_microsoft.windows.common-controls_6595b64144ccf1df_6.0.26100.8875_none_3e0d5d42e32fe9dd\COMCTL32.dll
0x00007ffc0b880000 - 0x00007ffc0b8ab000 	C:\WINDOWS\System32\GDI32.dll
0x00007ffc0a390000 - 0x00007ffc0a439000 	C:\WINDOWS\System32\msvcrt.dll
0x00007ffc08fe0000 - 0x00007ffc0910a000 	C:\WINDOWS\System32\gdi32full.dll
0x00007ffc095e0000 - 0x00007ffc09683000 	C:\WINDOWS\System32\msvcp_win.dll
0x00007ffc0aad0000 - 0x00007ffc0ab02000 	C:\WINDOWS\System32\IMM32.DLL
0x00007ffbf86f0000 - 0x00007ffbf86fc000 	D:\Java\jdks\jdk-21.0.11_10\bin\vcruntime140_1.dll
0x00007ffb9ad00000 - 0x00007ffb9ad8d000 	D:\Java\jdks\jdk-21.0.11_10\bin\msvcp140.dll
0x00007ffb25ba0000 - 0x00007ffb26942000 	D:\Java\jdks\jdk-21.0.11_10\bin\server\jvm.dll
0x00007ffc0b6a0000 - 0x00007ffc0b757000 	C:\WINDOWS\System32\ADVAPI32.dll
0x00007ffc0b940000 - 0x00007ffc0b9ea000 	C:\WINDOWS\System32\sechost.dll
0x00007ffc0b760000 - 0x00007ffc0b878000 	C:\WINDOWS\System32\RPCRT4.dll
0x00007ffc0ab10000 - 0x00007ffc0ab90000 	C:\WINDOWS\System32\WS2_32.dll
0x00007ffc00af0000 - 0x00007ffc00b26000 	C:\WINDOWS\SYSTEM32\WINMM.dll
0x00007ffc02520000 - 0x00007ffc0252b000 	C:\WINDOWS\SYSTEM32\VERSION.dll
0x00007ffc08c20000 - 0x00007ffc08c7e000 	C:\WINDOWS\SYSTEM32\POWRPROF.dll
0x00007ffc08c00000 - 0x00007ffc08c14000 	C:\WINDOWS\SYSTEM32\UMPDC.dll
0x00007ffc07aa0000 - 0x00007ffc07abb000 	C:\WINDOWS\SYSTEM32\kernel.appcore.dll
0x00007ffbf65f0000 - 0x00007ffbf65fa000 	D:\Java\jdks\jdk-21.0.11_10\bin\jimage.dll
0x00007ffc065d0000 - 0x00007ffc06812000 	C:\WINDOWS\SYSTEM32\DBGHELP.DLL
0x00007ffc09b00000 - 0x00007ffc09e83000 	C:\WINDOWS\System32\combase.dll
0x00007ffc0a990000 - 0x00007ffc0aa69000 	C:\WINDOWS\System32\OLEAUT32.dll
0x00007ffbf3e50000 - 0x00007ffbf3e8b000 	C:\WINDOWS\SYSTEM32\dbgcore.DLL
0x00007ffc09110000 - 0x00007ffc091bc000 	C:\WINDOWS\System32\bcryptPrimitives.dll
0x00007ffc03a50000 - 0x00007ffc03a5f000 	D:\Java\jdks\jdk-21.0.11_10\bin\instrument.dll
0x00007ffbc8bf0000 - 0x00007ffbc8c10000 	D:\Java\jdks\jdk-21.0.11_10\bin\java.dll
0x00007ffc0aba0000 - 0x00007ffc0b332000 	C:\WINDOWS\System32\SHELL32.dll
0x00007ffc06850000 - 0x00007ffc070e2000 	C:\WINDOWS\SYSTEM32\windows.storage.dll
0x00007ffc09eb0000 - 0x00007ffc09fa7000 	C:\WINDOWS\System32\SHCORE.dll
0x00007ffc0a320000 - 0x00007ffc0a387000 	C:\WINDOWS\System32\shlwapi.dll
0x00007ffc08ce0000 - 0x00007ffc08d09000 	C:\WINDOWS\SYSTEM32\profapi.dll
0x00007ffb95410000 - 0x00007ffb954e7000 	D:\Java\jdks\jdk-21.0.11_10\bin\jsvml.dll
0x00007ffbb0510000 - 0x00007ffbb0528000 	D:\Java\jdks\jdk-21.0.11_10\bin\zip.dll
0x00007ffbe9070000 - 0x00007ffbe9080000 	D:\Java\jdks\jdk-21.0.11_10\bin\net.dll
0x00007ffbfd7b0000 - 0x00007ffbfd8d7000 	C:\WINDOWS\SYSTEM32\WINHTTP.dll
0x00007ffc08050000 - 0x00007ffc080bc000 	C:\WINDOWS\system32\mswsock.dll
0x00007ffbafd00000 - 0x00007ffbafd16000 	D:\Java\jdks\jdk-21.0.11_10\bin\nio.dll
0x00007ffbe1f70000 - 0x00007ffbe1f80000 	D:\Java\jdks\jdk-21.0.11_10\bin\verify.dll
0x00007ffbc8950000 - 0x00007ffbc8995000 	C:\Users\ey669\AppData\Roaming\Cursor\User\globalStorage\redhat.java\1.55.0\config_win\org.eclipse.equinox.launcher\org.eclipse.equinox.launcher.win32.win32.x86_64_1.3.100.v20260613-0559\eclipse_11924.dll
0x00007ffc0b440000 - 0x00007ffc0b5d9000 	C:\WINDOWS\System32\ole32.dll
0x00007ffc08350000 - 0x00007ffc0836b000 	C:\WINDOWS\SYSTEM32\CRYPTSP.dll
0x00007ffc07a00000 - 0x00007ffc07a39000 	C:\WINDOWS\system32\rsaenh.dll
0x00007ffc08110000 - 0x00007ffc08142000 	C:\WINDOWS\SYSTEM32\USERENV.dll
0x00007ffc08cb0000 - 0x00007ffc08cda000 	C:\WINDOWS\SYSTEM32\bcrypt.dll
0x00007ffc08370000 - 0x00007ffc0837c000 	C:\WINDOWS\SYSTEM32\CRYPTBASE.dll
0x00007ffc07430000 - 0x00007ffc07463000 	C:\WINDOWS\SYSTEM32\IPHLPAPI.DLL
0x00007ffc0a240000 - 0x00007ffc0a24a000 	C:\WINDOWS\System32\NSI.dll
0x00007ffba5d20000 - 0x00007ffba5d69000 	C:\Users\ey669\AppData\Local\Temp\jna-96933957\jna4446259754860398700.dll
0x00007ffc098d0000 - 0x00007ffc098d8000 	C:\WINDOWS\System32\PSAPI.DLL
0x00007ffbfd6a0000 - 0x00007ffbfd6bd000 	C:\WINDOWS\SYSTEM32\dhcpcsvc6.DLL
0x00007ffbfd670000 - 0x00007ffbfd695000 	C:\WINDOWS\SYSTEM32\dhcpcsvc.DLL

JVMTI agents:
c:\Users\ey669\.cursor\extensions\redhat.java-1.55.0-win32-x64\lombok\lombok-1.18.39-4050.jar path:D:\Java\jdks\jdk-21.0.11_10\bin\instrument.dll, loaded, initialized, instrumentlib options:none

dbghelp: loaded successfully - version: 4.0.5 - missing functions: none
symbol engine: initialized successfully - sym options: 0x614 - pdb path: .;D:\Java\jdks\jdk-21.0.11_10\bin;C:\WINDOWS\SYSTEM32;C:\WINDOWS\WinSxS\amd64_microsoft.windows.common-controls_6595b64144ccf1df_6.0.26100.8875_none_3e0d5d42e32fe9dd;D:\Java\jdks\jdk-21.0.11_10\bin\server;C:\Users\ey669\AppData\Roaming\Cursor\User\globalStorage\redhat.java\1.55.0\config_win\org.eclipse.equinox.launcher\org.eclipse.equinox.launcher.win32.win32.x86_64_1.3.100.v20260613-0559;C:\Users\ey669\AppData\Local\Temp\jna-96933957

VM Arguments:
jvm_args: --add-modules=ALL-SYSTEM --add-opens=java.base/java.util=ALL-UNNAMED --add-opens=java.base/java.lang=ALL-UNNAMED --add-opens=java.base/sun.nio.fs=ALL-UNNAMED -Declipse.application=org.eclipse.jdt.ls.core.id1 -Dosgi.bundles.defaultStartLevel=4 -Declipse.product=org.eclipse.jdt.ls.core.product -Djava.import.generatesMetadataFilesAtProjectRoot=false -DDetectVMInstallationsJob.disabled=true -Dfile.encoding=utf8 -XX:+UseParallelGC -XX:GCTimeRatio=4 -XX:AdaptiveSizePolicyWeight=90 -Dsun.zip.disableMemoryMapping=true -Xmx2G -Xms100m -Xlog:disable -javaagent:c:\Users\ey669\.cursor\extensions\redhat.java-1.55.0-win32-x64\lombok\lombok-1.18.39-4050.jar -XX:+HeapDumpOnOutOfMemoryError -XX:HeapDumpPath=c:\Users\ey669\AppData\Roaming\Cursor\User\workspaceStorage\fe64c8470bcab7440b311695d50dbcfc\redhat.java -Daether.dependencyCollector.impl=bf 
java_command: c:\Users\ey669\.cursor\extensions\redhat.java-1.55.0-win32-x64\server\plugins\org.eclipse.equinox.launcher_1.7.200.v20260619-2039.jar -configuration c:\Users\ey669\AppData\Roaming\Cursor\User\globalStorage\redhat.java\1.55.0\config_win -data c:\Users\ey669\AppData\Roaming\Cursor\User\workspaceStorage\fe64c8470bcab7440b311695d50dbcfc\redhat.java\jdt_ws --pipe=\\.\pipe\lsp-2e08a6cda5c71da200c7320bd76807fd-sock
java_class_path (initial): c:\Users\ey669\.cursor\extensions\redhat.java-1.55.0-win32-x64\server\plugins\org.eclipse.equinox.launcher_1.7.200.v20260619-2039.jar
Launcher Type: SUN_STANDARD

[Global flags]
    uintx AdaptiveSizePolicyWeight                 = 90                                        {product} {command line}
     intx CICompilerCount                          = 4                                         {product} {ergonomic}
    uintx GCTimeRatio                              = 4                                         {product} {command line}
     bool HeapDumpOnOutOfMemoryError               = true                                   {manageable} {command line}
    ccstr HeapDumpPath                             = c:\Users\ey669\AppData\Roaming\Cursor\User\workspaceStorage\fe64c8470bcab7440b311695d50dbcfc\redhat.java         {manageable} {command line}
   size_t InitialHeapSize                          = 104857600                                 {product} {command line}
   size_t MaxHeapSize                              = 2147483648                                {product} {command line}
   size_t MaxNewSize                               = 715653120                                 {product} {ergonomic}
   size_t MinHeapDeltaBytes                        = 524288                                    {product} {ergonomic}
   size_t MinHeapSize                              = 104857600                                 {product} {command line}
   size_t NewSize                                  = 34603008                                  {product} {ergonomic}
    uintx NonNMethodCodeHeapSize                   = 5839372                                {pd product} {ergonomic}
    uintx NonProfiledCodeHeapSize                  = 122909434                              {pd product} {ergonomic}
   size_t OldSize                                  = 70254592                                  {product} {ergonomic}
    uintx ProfiledCodeHeapSize                     = 122909434                              {pd product} {ergonomic}
    uintx ReservedCodeCacheSize                    = 251658240                              {pd product} {ergonomic}
     bool SegmentedCodeCache                       = true                                      {product} {ergonomic}
   size_t SoftMaxHeapSize                          = 2147483648                             {manageable} {ergonomic}
     bool UseCompressedOops                        = true                           {product lp64_product} {ergonomic}
     bool UseLargePagesIndividualAllocation        = false                                  {pd product} {ergonomic}
     bool UseParallelGC                            = true                                      {product} {command line}

Logging:
Log output configuration:
 #0: stdout all=off uptime,level,tags foldmultilines=false
 #1: stderr all=off uptime,level,tags foldmultilines=false

Release file:
IMPLEMENTOR="Eclipse Adoptium" 
IMPLEMENTOR_VERSION="Temurin-21.0.11+10" 
JAVA_RUNTIME_VERSION="21.0.11+10-LTS" 
JAVA_VERSION="21.0.11" 
JAVA_VERSION_DATE="2026-04-21" 
LIBC="default" 
MODULES="java.base java.compiler java.datatransfer java.xml java.prefs java.desktop java.instrument java.logging java.management java.security.sasl java.naming java.rmi java.management.rmi java.net.http java.scripting java.security.jgss java.transaction.xa java.sql java.sql.rowset java.xml.crypto java.se java.smartcardio jdk.accessibility jdk.internal.jvmstat jdk.attach jdk.charsets jdk.internal.opt jdk.zipfs jdk.compiler jdk.crypto.ec jdk.crypto.cryptoki jdk.crypto.mscapi jdk.dynalink jdk.internal.ed jdk.editpad jdk.hotspot.agent jdk.httpserver jdk.incubator.vector jdk.internal.le jdk.internal.vm.ci jdk.internal.vm.compiler jdk.internal.vm.compiler.management jdk.jartool jdk.javadoc jdk.jcmd jdk.management jdk.management.agent jdk.jconsole jdk.jdeps jdk.jdwp.agent jdk.jdi jdk.jfr jdk.jlink jdk.jpackage jdk.jshell jdk.jsobject jdk.jstatd jdk.localedata jdk.management.jfr jdk.naming.dns jdk.naming.rmi jdk.net jdk.nio.mapmode jdk.random jdk.sctp jdk.security.auth jdk.security.jgss jdk.unsupported jdk.unsupported.desktop jdk.xml.dom" 
OS_ARCH="x86_64" 
OS_NAME="Windows" 
SOURCE=".:git:254494ad7d75" 
BUILD_SOURCE="git:a612825ee82a20ac872d60958c349854c1f29a8e"
BUILD_SOURCE_REPO="https://github.com/adoptium/temurin-build.git"
SOURCE_REPO="https://github.com/adoptium/jdk21u.git"
FULL_VERSION="21.0.11+10-LTS"
SEMANTIC_VERSION="21.0.11+10"
BUILD_INFO="OS: Windows Server 2022 Version: 10.0"
JVM_VARIANT="Hotspot"
JVM_VERSION="21.0.11+10-LTS"
IMAGE_TYPE="JDK"

Environment Variables:
JAVA_HOME=D:\Java\jdks\jdk-21.0.11_10
PATH=D:\Java\jdks\jdk-21.0.11_10\bin;C:\WINDOWS\system32;C:\WINDOWS;C:\WINDOWS\System32\Wbem;C:\WINDOWS\System32\WindowsPowerShell\v1.0\;C:\WINDOWS\System32\OpenSSH\;D:\nvm;D:\nodejs;D:\Git\cmd;D:\微信web开发者工具\dll;C:\Program Files\MySQL\MySQL Server 8.0\bin\;D:\Program Files\Docker\resources\bin;D:\Java\maven\apache-maven-3.9.16\bin;C:\Users\ey669\.cargo\bin;D:\Python312\Scripts\;D:\Python312\;C:\Program Files\MySQL\MySQL Shell 8.0\bin\;C:\Users\ey669\AppData\Local\Microsoft\WindowsApps;D:\Microsoft VS Code\bin;D:\nvm;D:\nodejs;C:\Users\ey669\AppData\Local\Programs\cursor\resources\app\bin;D:\Java\jdks\jdk-21.0.11_10\;C:\Users\ey669\.cargo\bin;
USERNAME=ey669
OS=Windows_NT
PROCESSOR_IDENTIFIER=AMD64 Family 23 Model 104 Stepping 1, AuthenticAMD
TMP=C:\Users\ey669\AppData\Local\Temp
TEMP=C:\Users\ey669\AppData\Local\Temp




Periodic native trim disabled

---------------  S Y S T E M  ---------------

OS:
 Windows 11 , 64 bit Build 26100 (10.0.26100.8875)
OS uptime: 4 days 20:30 hours
Hyper-V role detected

CPU: total 12 (initial active 12) (12 cores per cpu, 2 threads per core) family 23 model 104 stepping 1 microcode 0x8608103, cx8, cmov, fxsr, ht, mmx, 3dnowpref, sse, sse2, sse3, ssse3, sse4a, sse4.1, sse4.2, popcnt, lzcnt, tsc, tscinvbit, avx, avx2, aes, clmul, bmi1, bmi2, adx, sha, fma, vzeroupper, clflush, clflushopt, hv, rdtscp, rdpid, f16c
Processor Information for the first 12 processors :
  Max Mhz: 2100, Current Mhz: 2100, Mhz Limit: 2100

Memory: 4k page, system-wide physical 5989M (240M free)
TotalPageFile size 24421M (AvailPageFile size 110M)
current process WorkingSet (physical memory assigned to process): 183M, peak: 353M
current process commit charge ("private bytes"): 498M, peak: 512M

vm_info: OpenJDK 64-Bit Server VM (21.0.11+10-LTS) for windows-amd64 JRE (21.0.11+10-LTS), built on 2026-04-21T00:00:00Z by "admin" with MS VC++ 17.12 (VS2022)

END.
