#
# There is insufficient memory for the Java Runtime Environment to continue.
# Native memory allocation (malloc) failed to allocate 5478016 bytes. Error detail: Chunk::new
# Possible reasons:
#   The system is out of physical RAM or swap space
#   This process is running with CompressedOops enabled, and the Java Heap may be blocking the growth of the native heap
# Possible solutions:
#   Reduce memory load on the system
#   Increase physical memory or swap space
#   Check if swap backing store is full
#   Decrease Java heap size (-Xmx/-Xms)
#   Decrease number of Java threads
#   Decrease Java thread stack sizes (-Xss)
#   Set larger code cache with -XX:ReservedCodeCacheSize=
#   JVM is running with Unscaled Compressed Oops mode in which the Java heap is
#     placed in the first 4GB address space. The Java Heap base address is the
#     maximum limit for the native heap growth. Please use -XX:HeapBaseMinAddress
#     to set the Java Heap base and to place the Java Heap above 4GB virtual address.
# This output file may be truncated or incomplete.
#
#  Out of Memory Error (arena.cpp:168), pid=31480, tid=22260
#
# JRE version: OpenJDK Runtime Environment Temurin-21.0.11+10 (21.0.11+10) (build 21.0.11+10-LTS)
# Java VM: OpenJDK 64-Bit Server VM Temurin-21.0.11+10 (21.0.11+10-LTS, mixed mode, sharing, tiered, compressed oops, compressed class ptrs, parallel gc, windows-amd64)
# No core dump will be written. Minidumps are not enabled by default on client versions of Windows
#

---------------  S U M M A R Y ------------

Command Line: --add-modules=ALL-SYSTEM --add-opens=java.base/java.util=ALL-UNNAMED --add-opens=java.base/java.lang=ALL-UNNAMED --add-opens=java.base/sun.nio.fs=ALL-UNNAMED -Declipse.application=org.eclipse.jdt.ls.core.id1 -Dosgi.bundles.defaultStartLevel=4 -Declipse.product=org.eclipse.jdt.ls.core.product -Djava.import.generatesMetadataFilesAtProjectRoot=false -DDetectVMInstallationsJob.disabled=true -Dfile.encoding=utf8 -XX:+UseParallelGC -XX:GCTimeRatio=4 -XX:AdaptiveSizePolicyWeight=90 -Dsun.zip.disableMemoryMapping=true -Xmx2G -Xms100m -Xlog:disable -javaagent:c:\Users\ey669\.cursor\extensions\redhat.java-1.55.0-win32-x64\lombok\lombok-1.18.39-4050.jar -XX:+HeapDumpOnOutOfMemoryError -XX:HeapDumpPath=c:\Users\ey669\AppData\Roaming\Cursor\User\workspaceStorage\fe64c8470bcab7440b311695d50dbcfc\redhat.java -Daether.dependencyCollector.impl=bf c:\Users\ey669\.cursor\extensions\redhat.java-1.55.0-win32-x64\server\plugins\org.eclipse.equinox.launcher_1.7.200.v20260619-2039.jar -configuration c:\Users\ey669\AppData\Roaming\Cursor\User\globalStorage\redhat.java\1.55.0\config_win -data c:\Users\ey669\AppData\Roaming\Cursor\User\workspaceStorage\fe64c8470bcab7440b311695d50dbcfc\redhat.java\jdt_ws --pipe=\\.\pipe\lsp-cae1ea0471132d42f8dd4009f88f55d2-sock

Host: AMD Ryzen 5 5500U with Radeon Graphics         , 12 cores, 5G,  Windows 11 , 64 bit Build 26100 (10.0.26100.8875)
Time: Tue Aug  4 17:37:21 2026 elapsed time: 28.009744 seconds (0d 0h 0m 28s)

---------------  T H R E A D  ---------------

Current thread (0x000001d5f10dce80):  JavaThread "C2 CompilerThread1" daemon [_thread_in_native, id=22260, stack(0x00000057cb900000,0x00000057cba00000) (1024K)]


Current CompileTask:
C2:28010 12809   !   4       lombok.core.FieldAugment$ReflectionFieldAugment::getAndSet (80 bytes)

Stack: [0x00000057cb900000,0x00000057cba00000]
Native frames: (J=compiled Java code, j=interpreted, Vv=VM code, C=native code)
V  [jvm.dll+0x6d7e19]
V  [jvm.dll+0x8b5096]
V  [jvm.dll+0x8b764e]
V  [jvm.dll+0x8b7d33]
V  [jvm.dll+0x284596]
V  [jvm.dll+0xc685d]
V  [jvm.dll+0xc6da1]
V  [jvm.dll+0x3bed6b]
V  [jvm.dll+0x1e4149]
V  [jvm.dll+0x24c853]
V  [jvm.dll+0x24bce0]
V  [jvm.dll+0x1cb4ae]
V  [jvm.dll+0x25baad]
V  [jvm.dll+0x25a03a]
V  [jvm.dll+0x3f868e]
V  [jvm.dll+0x85fb0d]
V  [jvm.dll+0x6d664d]
C  [ucrtbase.dll+0x2cd30]
C  [KERNEL32.DLL+0x2e957]
C  [ntdll.dll+0xaad6c]


---------------  P R O C E S S  ---------------

Threads class SMR info:
_java_thread_list=0x000001d5f0f61df0, length=80, elements={
0x000001d58a4ccad0, 0x000001d5e94780b0, 0x000001d5e947b180, 0x000001d5a6496fc0,
0x000001d5a6499db0, 0x000001d5a6497ce0, 0x000001d5a6497650, 0x000001d5e9491f50,
0x000001d5e94983d0, 0x000001d5a6499090, 0x000001d5a6498370, 0x000001d5a6498a00,
0x000001d5a6499720, 0x000001d5a649a440, 0x000001d5eea6fc70, 0x000001d5eea73780,
0x000001d5eea71d40, 0x000001d5eea70990, 0x000001d5eea70300, 0x000001d5eea723d0,
0x000001d5eea744a0, 0x000001d5eea71020, 0x000001d5eea716b0, 0x000001d5eea730f0,
0x000001d5eea75850, 0x000001d5eea77290, 0x000001d5eea76570, 0x000001d5eea76c00,
0x000001d5eea751c0, 0x000001d5f05e1ff0, 0x000001d5f05e2d10, 0x000001d5f05e33a0,
0x000001d5f05e3a30, 0x000001d5f05e0c40, 0x000001d5f05e2680, 0x000001d5f05e05b0,
0x000001d5f05e12d0, 0x000001d5f05e40c0, 0x000001d5f05e1960, 0x000001d5f05e4de0,
0x000001d5f05e5470, 0x000001d5f05e7bd0, 0x000001d5f05e5b00, 0x000001d5f05e6190,
0x000001d5f05e6820, 0x000001d5f05e6eb0, 0x000001d5fa24c310, 0x000001d5fa24c9a0,
0x000001d5fa24d030, 0x000001d5fa24d6c0, 0x000001d5fa24dd50, 0x000001d5fa24e3e0,
0x000001d5fa24ea70, 0x000001d5fa24f100, 0x000001d5fa24bc80, 0x000001d5fa2511d0,
0x000001d5fa251ef0, 0x000001d5fa2504b0, 0x000001d5fa24f790, 0x000001d5fa24fe20,
0x000001d5fa251860, 0x000001d5fa2532a0, 0x000001d5fa252c10, 0x000001d5fa252580,
0x000001d5eee717f0, 0x000001d5eee738c0, 0x000001d5eee72ba0, 0x000001d5eee74c70,
0x000001d5eee72510, 0x000001d5eee71e80, 0x000001d5eee73230, 0x000001d5eee75990,
0x000001d5eea72a60, 0x000001d5eee77a60, 0x000001d5eee780f0, 0x000001d5eee78780,
0x000001d5f10dce80, 0x000001d5efe27970, 0x000001d5efe2b480, 0x000001d5efe28000
}

Java Threads: ( => current thread )
  0x000001d58a4ccad0 JavaThread "main"                              [_thread_blocked, id=12760, stack(0x00000057c9a00000,0x00000057c9b00000) (1024K)]
  0x000001d5e94780b0 JavaThread "Reference Handler"          daemon [_thread_blocked, id=29924, stack(0x00000057c9e00000,0x00000057c9f00000) (1024K)]
  0x000001d5e947b180 JavaThread "Finalizer"                  daemon [_thread_blocked, id=16044, stack(0x00000057c9f00000,0x00000057ca000000) (1024K)]
  0x000001d5a6496fc0 JavaThread "Signal Dispatcher"          daemon [_thread_blocked, id=26276, stack(0x00000057ca000000,0x00000057ca100000) (1024K)]
  0x000001d5a6499db0 JavaThread "Attach Listener"            daemon [_thread_blocked, id=13508, stack(0x00000057ca100000,0x00000057ca200000) (1024K)]
  0x000001d5a6497ce0 JavaThread "Service Thread"             daemon [_thread_blocked, id=14320, stack(0x00000057ca200000,0x00000057ca300000) (1024K)]
  0x000001d5a6497650 JavaThread "Monitor Deflation Thread"   daemon [_thread_blocked, id=13188, stack(0x00000057ca300000,0x00000057ca400000) (1024K)]
  0x000001d5e9491f50 JavaThread "C2 CompilerThread0"         daemon [_thread_in_native, id=33416, stack(0x00000057ca400000,0x00000057ca500000) (1024K)]
  0x000001d5e94983d0 JavaThread "C1 CompilerThread0"         daemon [_thread_blocked, id=7860, stack(0x00000057ca500000,0x00000057ca600000) (1024K)]
  0x000001d5a6499090 JavaThread "Common-Cleaner"             daemon [_thread_blocked, id=24828, stack(0x00000057ca600000,0x00000057ca700000) (1024K)]
  0x000001d5a6498370 JavaThread "Notification Thread"        daemon [_thread_blocked, id=24900, stack(0x00000057ca700000,0x00000057ca800000) (1024K)]
  0x000001d5a6498a00 JavaThread "Active Thread: Equinox Container: e4cd89e7-afe4-4204-a593-28daba63d9e7"        [_thread_blocked, id=18020, stack(0x00000057cb000000,0x00000057cb100000) (1024K)]
  0x000001d5a6499720 JavaThread "Refresh Thread: Equinox Container: e4cd89e7-afe4-4204-a593-28daba63d9e7" daemon [_thread_blocked, id=3396, stack(0x00000057cb100000,0x00000057cb200000) (1024K)]
  0x000001d5a649a440 JavaThread "Framework Event Dispatcher: Equinox Container: e4cd89e7-afe4-4204-a593-28daba63d9e7" daemon [_thread_blocked, id=1476, stack(0x00000057cb200000,0x00000057cb300000) (1024K)]
  0x000001d5eea6fc70 JavaThread "Start Level: Equinox Container: e4cd89e7-afe4-4204-a593-28daba63d9e7" daemon [_thread_blocked, id=24516, stack(0x00000057cb300000,0x00000057cb400000) (1024K)]
  0x000001d5eea73780 JavaThread "Bundle File Closer"         daemon [_thread_blocked, id=29456, stack(0x00000057cb700000,0x00000057cb800000) (1024K)]
  0x000001d5eea71d40 JavaThread "SCR Component Actor"        daemon [_thread_blocked, id=2080, stack(0x00000057ca800000,0x00000057ca900000) (1024K)]
  0x000001d5eea70990 JavaThread "Worker-JM"                         [_thread_blocked, id=29288, stack(0x00000057cb800000,0x00000057cb900000) (1024K)]
  0x000001d5eea70300 JavaThread "JNA Cleaner"                daemon [_thread_blocked, id=18412, stack(0x00000057cb400000,0x00000057cb500000) (1024K)]
  0x000001d5eea723d0 JavaThread "Worker-0"                          [_thread_blocked, id=17392, stack(0x00000057cba00000,0x00000057cbb00000) (1024K)]
  0x000001d5eea744a0 JavaThread "Worker-1"                          [_thread_blocked, id=25088, stack(0x00000057cbb00000,0x00000057cbc00000) (1024K)]
  0x000001d5eea71020 JavaThread "Worker-2"                          [_thread_blocked, id=15824, stack(0x00000057cbc00000,0x00000057cbd00000) (1024K)]
  0x000001d5eea716b0 JavaThread "Java indexing"              daemon [_thread_blocked, id=34272, stack(0x00000057cbd00000,0x00000057cbe00000) (1024K)]
  0x000001d5eea730f0 JavaThread "Worker-3"                          [_thread_blocked, id=35668, stack(0x00000057cbe00000,0x00000057cbf00000) (1024K)]
  0x000001d5eea75850 JavaThread "Worker-4"                          [_thread_blocked, id=28088, stack(0x00000057cbf00000,0x00000057cc000000) (1024K)]
  0x000001d5eea77290 JavaThread "Worker-5"                          [_thread_blocked, id=26960, stack(0x00000057cc200000,0x00000057cc300000) (1024K)]
  0x000001d5eea76570 JavaThread "Worker-6: Building"                [_thread_in_native, id=24380, stack(0x00000057cc300000,0x00000057cc400000) (1024K)]
  0x000001d5eea76c00 JavaThread "Thread-1"                   daemon [_thread_in_native, id=2580, stack(0x00000057cc400000,0x00000057cc500000) (1024K)]
  0x000001d5eea751c0 JavaThread "Thread-2"                   daemon [_thread_in_native, id=17800, stack(0x00000057cc500000,0x00000057cc600000) (1024K)]
  0x000001d5f05e1ff0 JavaThread "Thread-3"                   daemon [_thread_in_native, id=25836, stack(0x00000057cc600000,0x00000057cc700000) (1024K)]
  0x000001d5f05e2d10 JavaThread "Thread-4"                   daemon [_thread_in_native, id=35512, stack(0x00000057cc700000,0x00000057cc800000) (1024K)]
  0x000001d5f05e33a0 JavaThread "Thread-5"                   daemon [_thread_in_native, id=30332, stack(0x00000057cc800000,0x00000057cc900000) (1024K)]
  0x000001d5f05e3a30 JavaThread "Thread-6"                   daemon [_thread_in_native, id=29988, stack(0x00000057cc900000,0x00000057cca00000) (1024K)]
  0x000001d5f05e0c40 JavaThread "Thread-7"                   daemon [_thread_in_native, id=11904, stack(0x00000057cca00000,0x00000057ccb00000) (1024K)]
  0x000001d5f05e2680 JavaThread "Thread-8"                   daemon [_thread_in_native, id=20252, stack(0x00000057ccb00000,0x00000057ccc00000) (1024K)]
  0x000001d5f05e05b0 JavaThread "Thread-9"                   daemon [_thread_in_native, id=8084, stack(0x00000057ccc00000,0x00000057ccd00000) (1024K)]
  0x000001d5f05e12d0 JavaThread "Thread-10"                  daemon [_thread_in_native, id=1772, stack(0x00000057ccd00000,0x00000057cce00000) (1024K)]
  0x000001d5f05e40c0 JavaThread "Thread-11"                  daemon [_thread_in_native, id=16736, stack(0x00000057cce00000,0x00000057ccf00000) (1024K)]
  0x000001d5f05e1960 JavaThread "Thread-12"                  daemon [_thread_in_native, id=14556, stack(0x00000057ccf00000,0x00000057cd000000) (1024K)]
  0x000001d5f05e4de0 JavaThread "Thread-13"                  daemon [_thread_in_native, id=31908, stack(0x00000057cd000000,0x00000057cd100000) (1024K)]
  0x000001d5f05e5470 JavaThread "pool-2-thread-1"                   [_thread_blocked, id=2052, stack(0x00000057cd100000,0x00000057cd200000) (1024K)]
  0x000001d5f05e7bd0 JavaThread "WorkspaceEventsHandler"            [_thread_blocked, id=7076, stack(0x00000057cd200000,0x00000057cd300000) (1024K)]
  0x000001d5f05e5b00 JavaThread "pool-1-thread-1"                   [_thread_blocked, id=9292, stack(0x00000057cd300000,0x00000057cd400000) (1024K)]
  0x000001d5f05e6190 JavaThread "LocalFile Deleter"          daemon [_thread_blocked, id=14740, stack(0x00000057cd400000,0x00000057cd500000) (1024K)]
  0x000001d5f05e6820 JavaThread "LocalFile Deleter"          daemon [_thread_blocked, id=3952, stack(0x00000057cd500000,0x00000057cd600000) (1024K)]
  0x000001d5f05e6eb0 JavaThread "LocalFile Deleter"          daemon [_thread_blocked, id=16400, stack(0x00000057cd600000,0x00000057cd700000) (1024K)]
  0x000001d5fa24c310 JavaThread "LocalFile Deleter"          daemon [_thread_blocked, id=33848, stack(0x00000057cd700000,0x00000057cd800000) (1024K)]
  0x000001d5fa24c9a0 JavaThread "LocalFile Deleter"          daemon [_thread_blocked, id=25624, stack(0x00000057cd800000,0x00000057cd900000) (1024K)]
  0x000001d5fa24d030 JavaThread "LocalFile Deleter"          daemon [_thread_blocked, id=5544, stack(0x00000057cd900000,0x00000057cda00000) (1024K)]
  0x000001d5fa24d6c0 JavaThread "LocalFile Deleter"          daemon [_thread_blocked, id=28876, stack(0x00000057cda00000,0x00000057cdb00000) (1024K)]
  0x000001d5fa24dd50 JavaThread "LocalFile Deleter"          daemon [_thread_blocked, id=18052, stack(0x00000057cdb00000,0x00000057cdc00000) (1024K)]
  0x000001d5fa24e3e0 JavaThread "LocalFile Deleter"          daemon [_thread_blocked, id=17960, stack(0x00000057cdc00000,0x00000057cdd00000) (1024K)]
  0x000001d5fa24ea70 JavaThread "LocalFile Deleter"          daemon [_thread_blocked, id=23572, stack(0x00000057cdd00000,0x00000057cde00000) (1024K)]
  0x000001d5fa24f100 JavaThread "LocalFile Deleter"          daemon [_thread_blocked, id=11664, stack(0x00000057cde00000,0x00000057cdf00000) (1024K)]
  0x000001d5fa24bc80 JavaThread "LocalFile Deleter"          daemon [_thread_blocked, id=13224, stack(0x00000057cdf00000,0x00000057ce000000) (1024K)]
  0x000001d5fa2511d0 JavaThread "Compiler Source File Reader" daemon [_thread_blocked, id=34500, stack(0x00000057ce000000,0x00000057ce100000) (1024K)]
  0x000001d5fa251ef0 JavaThread "Compiler Source File Reader" daemon [_thread_blocked, id=6328, stack(0x00000057ce100000,0x00000057ce200000) (1024K)]
  0x000001d5fa2504b0 JavaThread "Compiler Source File Reader" daemon [_thread_blocked, id=19488, stack(0x00000057ce200000,0x00000057ce300000) (1024K)]
  0x000001d5fa24f790 JavaThread "Compiler Source File Reader" daemon [_thread_blocked, id=23536, stack(0x00000057ce300000,0x00000057ce400000) (1024K)]
  0x000001d5fa24fe20 JavaThread "Compiler Source File Reader" daemon [_thread_blocked, id=24584, stack(0x00000057ce400000,0x00000057ce500000) (1024K)]
  0x000001d5fa251860 JavaThread "Compiler Source File Reader" daemon [_thread_blocked, id=20520, stack(0x00000057ce500000,0x00000057ce600000) (1024K)]
  0x000001d5fa2532a0 JavaThread "Compiler Processing Task"   daemon [_thread_blocked, id=28164, stack(0x00000057ce600000,0x00000057ce700000) (1024K)]
  0x000001d5fa252c10 JavaThread "Compiler Class File Writer" daemon [_thread_blocked, id=13396, stack(0x00000057ce700000,0x00000057ce800000) (1024K)]
  0x000001d5fa252580 JavaThread "Compiler Class File Writer" daemon [_thread_blocked, id=22204, stack(0x00000057ce800000,0x00000057ce900000) (1024K)]
  0x000001d5eee717f0 JavaThread "Compiler Class File Writer" daemon [_thread_blocked, id=18496, stack(0x00000057ce900000,0x00000057cea00000) (1024K)]
  0x000001d5eee738c0 JavaThread "Compiler Class File Writer" daemon [_thread_blocked, id=32440, stack(0x00000057cea00000,0x00000057ceb00000) (1024K)]
  0x000001d5eee72ba0 JavaThread "Compiler Class File Writer" daemon [_thread_blocked, id=30860, stack(0x00000057ceb00000,0x00000057cec00000) (1024K)]
  0x000001d5eee74c70 JavaThread "Compiler Class File Writer" daemon [_thread_blocked, id=1988, stack(0x00000057cec00000,0x00000057ced00000) (1024K)]
  0x000001d5eee72510 JavaThread "Compiler Source File Reader" daemon [_thread_blocked, id=24648, stack(0x00000057ced00000,0x00000057cee00000) (1024K)]
  0x000001d5eee71e80 JavaThread "Compiler Source File Reader" daemon [_thread_blocked, id=34256, stack(0x00000057cee00000,0x00000057cef00000) (1024K)]
  0x000001d5eee73230 JavaThread "Compiler Class File Writer" daemon [_thread_blocked, id=35156, stack(0x00000057cef00000,0x00000057cf000000) (1024K)]
  0x000001d5eee75990 JavaThread "Compiler Class File Writer" daemon [_thread_blocked, id=18420, stack(0x00000057cf000000,0x00000057cf100000) (1024K)]
  0x000001d5eea72a60 JavaThread "Compiler Source File Reader" daemon [_thread_blocked, id=33468, stack(0x00000057cf100000,0x00000057cf200000) (1024K)]
  0x000001d5eee77a60 JavaThread "Compiler Source File Reader" daemon [_thread_blocked, id=29624, stack(0x00000057cf200000,0x00000057cf300000) (1024K)]
  0x000001d5eee780f0 JavaThread "Compiler Class File Writer" daemon [_thread_blocked, id=22444, stack(0x00000057cf300000,0x00000057cf400000) (1024K)]
  0x000001d5eee78780 JavaThread "Compiler Class File Writer" daemon [_thread_blocked, id=22968, stack(0x00000057cf400000,0x00000057cf500000) (1024K)]
=>0x000001d5f10dce80 JavaThread "C2 CompilerThread1"         daemon [_thread_in_native, id=22260, stack(0x00000057cb900000,0x00000057cba00000) (1024K)]
  0x000001d5efe27970 JavaThread "PatternSearchJob-worker-1"  daemon [_thread_blocked, id=27584, stack(0x00000057cf500000,0x00000057cf600000) (1024K)]
  0x000001d5efe2b480 JavaThread "PatternSearchJob-worker-2"  daemon [_thread_blocked, id=31112, stack(0x00000057cf600000,0x00000057cf700000) (1024K)]
  0x000001d5efe28000 JavaThread "PatternSearchJob-worker-3"  daemon [_thread_blocked, id=13068, stack(0x00000057cf700000,0x00000057cf800000) (1024K)]
Total: 80

Other Threads:
  0x000001d5a6484960 VMThread "VM Thread"                           [id=29136, stack(0x00000057c9d00000,0x00000057c9e00000) (1024K)]
  0x000001d5a637ca00 WatcherThread "VM Periodic Task Thread"        [id=32632, stack(0x00000057c9c00000,0x00000057c9d00000) (1024K)]
  0x000001d58a4eb5c0 WorkerThread "GC Thread#0"                     [id=20836, stack(0x00000057c9b00000,0x00000057c9c00000) (1024K)]
  0x000001d5ee718070 WorkerThread "GC Thread#1"                     [id=34520, stack(0x00000057caa00000,0x00000057cab00000) (1024K)]
  0x000001d5ee718420 WorkerThread "GC Thread#2"                     [id=4620, stack(0x00000057cab00000,0x00000057cac00000) (1024K)]
  0x000001d5ee679510 WorkerThread "GC Thread#3"                     [id=31052, stack(0x00000057cac00000,0x00000057cad00000) (1024K)]
  0x000001d5ee6798c0 WorkerThread "GC Thread#4"                     [id=17584, stack(0x00000057cad00000,0x00000057cae00000) (1024K)]
  0x000001d5ee3ee010 WorkerThread "GC Thread#5"                     [id=7780, stack(0x00000057cae00000,0x00000057caf00000) (1024K)]
  0x000001d5ee6057d0 WorkerThread "GC Thread#6"                     [id=20436, stack(0x00000057caf00000,0x00000057cb000000) (1024K)]
  0x000001d5ee347780 WorkerThread "GC Thread#7"                     [id=19436, stack(0x00000057ca900000,0x00000057caa00000) (1024K)]
  0x000001d5eeace3e0 WorkerThread "GC Thread#8"                     [id=9132, stack(0x00000057cb500000,0x00000057cb600000) (1024K)]
  0x000001d5eec96530 WorkerThread "GC Thread#9"                     [id=33420, stack(0x00000057cb600000,0x00000057cb700000) (1024K)]
Total: 12

Threads with active compile tasks:
C2 CompilerThread0  28136 12966       4       org.eclipse.jdt.internal.compiler.lookup.BinaryTypeBinding::createMethod (1666 bytes)
C2 CompilerThread1  28136 12809   !   4       lombok.core.FieldAugment$ReflectionFieldAugment::getAndSet (80 bytes)
Total: 2

VM state: not at safepoint (normal execution)

VM Mutex/Monitor currently owned by a thread: None

Heap address: 0x0000000080000000, size: 2048 MB, Compressed Oops mode: 32-bit

CDS archive(s) mapped at: [0x000001d5a7000000-0x000001d5a7c80000-0x000001d5a7c80000), size 13107200, SharedBaseAddress: 0x000001d5a7000000, ArchiveRelocationMode: 1.
Compressed class space mapped at: 0x000001d5a8000000-0x000001d5e8000000, reserved size: 1073741824
Narrow klass base: 0x000001d5a7000000, Narrow klass shift: 0, Narrow klass range: 0x100000000

GC Precious Log:
 CardTable entry size: 512
 CPUs: 12 total, 12 available
 Memory: 5989M
 Large Page Support: Disabled
 NUMA Support: Disabled
 Compressed Oops: Enabled (32-bit)
 Alignments: Space 512K, Generation 512K, Heap 2M
 Heap Min Capacity: 100M
 Heap Initial Capacity: 100M
 Heap Max Capacity: 2G
 Pre-touch: Disabled
 Parallel Workers: 10

Heap:
 PSYoungGen      total 9216K, used 5572K [0x00000000d5580000, 0x00000000d6400000, 0x0000000100000000)
  eden space 7168K, 55% used [0x00000000d5580000,0x00000000d5961108,0x00000000d5c80000)
  from space 2048K, 78% used [0x00000000d6200000,0x00000000d6390000,0x00000000d6400000)
  to   space 3072K, 0% used [0x00000000d5e00000,0x00000000d5e00000,0x00000000d6100000)
 ParOldGen       total 104448K, used 104288K [0x0000000080000000, 0x0000000086600000, 0x00000000d5580000)
  object space 104448K, 99% used [0x0000000080000000,0x00000000865d8038,0x0000000086600000)
 Metaspace       used 64003K, committed 65472K, reserved 1114112K
  class space    used 6648K, committed 7296K, reserved 1048576K

Card table byte_map: [0x000001d589ea0000,0x000001d58a2b0000] _byte_map_base: 0x000001d589aa0000

Marking Bits: (ParMarkBitMap*) 0x00007ffb0eea4460
 Begin Bits: [0x000001d5a1ea0000, 0x000001d5a3ea0000)
 End Bits:   [0x000001d5a3ea0000, 0x000001d5a5ea0000)

Polling page: 0x000001d589c90000

Metaspace:

Usage:
  Non-class:     56.01 MB used.
      Class:      6.49 MB used.
       Both:     62.50 MB used.

Virtual space:
  Non-class space:       64.00 MB reserved,      56.81 MB ( 89%) committed,  1 nodes.
      Class space:        1.00 GB reserved,       7.12 MB ( <1%) committed,  1 nodes.
             Both:        1.06 GB reserved,      63.94 MB (  6%) committed. 

Chunk freelists:
   Non-Class:  6.39 MB
       Class:  8.85 MB
        Both:  15.24 MB

MaxMetaspaceSize: unlimited
CompressedClassSpaceSize: 1.00 GB
Initial GC threshold: 21.00 MB
Current GC threshold: 97.31 MB
CDS: on
 - commit_granule_bytes: 65536.
 - commit_granule_words: 8192.
 - virtual_space_node_default_size: 8388608.
 - enlarge_chunks_in_place: 1.
 - use_allocation_guard: 0.


Internal statistics:

num_allocs_failed_limit: 9.
num_arena_births: 1242.
num_arena_deaths: 14.
num_vsnodes_births: 2.
num_vsnodes_deaths: 0.
num_space_committed: 1022.
num_space_uncommitted: 0.
num_chunks_returned_to_freelist: 23.
num_chunks_taken_from_freelist: 4345.
num_chunk_merges: 11.
num_chunk_splits: 2593.
num_chunks_enlarged: 1334.
num_inconsistent_stats: 0.

CodeHeap 'non-profiled nmethods': size=120000Kb used=7042Kb max_used=7042Kb free=112957Kb
 bounds [0x000001d59a6c0000, 0x000001d59adb0000, 0x000001d5a1bf0000]
CodeHeap 'profiled nmethods': size=120000Kb used=27742Kb max_used=27742Kb free=92257Kb
 bounds [0x000001d592bf0000, 0x000001d594710000, 0x000001d59a120000]
CodeHeap 'non-nmethods': size=5760Kb used=1433Kb max_used=1490Kb free=4327Kb
 bounds [0x000001d59a120000, 0x000001d59a390000, 0x000001d59a6c0000]
CodeCache: size=245760Kb, used=36217Kb, max_used=36274Kb, free=209541Kb
 total_blobs=13154, nmethods=12407, adapters=651, full_count=0
Compilation: enabled, stopped_count=0, restarted_count=0

Compilation events (20 events):
Event: 27.764 Thread 0x000001d5e94983d0 13288       3       org.codehaus.plexus.util.xml.pull.MXParser::printable (114 bytes)
Event: 27.766 Thread 0x000001d5e94983d0 nmethod 13288 0x000001d594700710 code [0x000001d5947009c0, 0x000001d594701520]
Event: 27.789 Thread 0x000001d5e94983d0 13289       2       org.apache.maven.RepositoryUtils::toAuthentication (50 bytes)
Event: 27.789 Thread 0x000001d5e94983d0 nmethod 13289 0x000001d594701890 code [0x000001d594701ac0, 0x000001d594701dc8]
Event: 27.790 Thread 0x000001d5e94983d0 13290       2       org.apache.maven.RepositoryUtils::toProxy (56 bytes)
Event: 27.790 Thread 0x000001d5e94983d0 nmethod 13290 0x000001d594701f90 code [0x000001d5947021e0, 0x000001d594702560]
Event: 27.790 Thread 0x000001d5e94983d0 13293       3       java.util.LinkedHashMap::valuesToArray (80 bytes)
Event: 27.791 Thread 0x000001d5e94983d0 nmethod 13293 0x000001d594702790 code [0x000001d594702960, 0x000001d594702ef8]
Event: 27.791 Thread 0x000001d5e94983d0 13292       2       com.google.common.collect.AbstractListMultimap::get (9 bytes)
Event: 27.791 Thread 0x000001d5e94983d0 nmethod 13292 0x000001d594703110 code [0x000001d5947032e0, 0x000001d5947035b8]
Event: 27.791 Thread 0x000001d5e94983d0 13291       2       com.google.common.collect.ArrayListMultimap::get (6 bytes)
Event: 27.791 Thread 0x000001d5e94983d0 nmethod 13291 0x000001d594703710 code [0x000001d5947038e0, 0x000001d594703c20]
Event: 27.798 Thread 0x000001d5e94983d0 13294       2       org.apache.maven.project.ReactorModelCache::get (22 bytes)
Event: 27.799 Thread 0x000001d5e94983d0 nmethod 13294 0x000001d594703e10 code [0x000001d594703fc0, 0x000001d5947041a0]
Event: 27.808 Thread 0x000001d5e94983d0 13295   !   3       sun.nio.fs.WindowsPath::toAbsolutePath (56 bytes)
Event: 27.811 Thread 0x000001d5e94983d0 nmethod 13295 0x000001d594704290 code [0x000001d5947044e0, 0x000001d594704ca0]
Event: 27.815 Thread 0x000001d5e94983d0 13296       2       org.apache.maven.project.ReactorModelCache::put (25 bytes)
Event: 27.815 Thread 0x000001d5e94983d0 nmethod 13296 0x000001d594704f90 code [0x000001d594705140, 0x000001d594705328]
Event: 27.829 Thread 0x000001d5e94983d0 13297       2       org.apache.maven.project.ReactorModelPool::get (23 bytes)
Event: 27.829 Thread 0x000001d5e94983d0 nmethod 13297 0x000001d594705490 code [0x000001d594705640, 0x000001d594705850]

GC Heap History (20 events):
Event: 25.877 GC heap before
{Heap before GC invocations=78 (full 3):
 PSYoungGen      total 10752K, used 10752K [0x00000000d5580000, 0x00000000d6280000, 0x0000000100000000)
  eden space 9728K, 100% used [0x00000000d5580000,0x00000000d5f00000,0x00000000d5f00000)
  from space 1024K, 100% used [0x00000000d6080000,0x00000000d6180000,0x00000000d6180000)
  to   space 1536K, 0% used [0x00000000d5f00000,0x00000000d5f00000,0x00000000d6080000)
 ParOldGen       total 92672K, used 92398K [0x0000000080000000, 0x0000000085a80000, 0x00000000d5580000)
  object space 92672K, 99% used [0x0000000080000000,0x0000000085a3bb98,0x0000000085a80000)
 Metaspace       used 62841K, committed 64256K, reserved 1114112K
  class space    used 6539K, committed 7168K, reserved 1048576K
}
Event: 25.881 GC heap after
{Heap after GC invocations=78 (full 3):
 PSYoungGen      total 10752K, used 774K [0x00000000d5580000, 0x00000000d6100000, 0x0000000100000000)
  eden space 9728K, 0% used [0x00000000d5580000,0x00000000d5580000,0x00000000d5f00000)
  from space 1024K, 75% used [0x00000000d5f00000,0x00000000d5fc1948,0x00000000d6000000)
  to   space 1024K, 0% used [0x00000000d6000000,0x00000000d6000000,0x00000000d6100000)
 ParOldGen       total 93184K, used 92942K [0x0000000080000000, 0x0000000085b00000, 0x00000000d5580000)
  object space 93184K, 99% used [0x0000000080000000,0x0000000085ac3b98,0x0000000085b00000)
 Metaspace       used 62841K, committed 64256K, reserved 1114112K
  class space    used 6539K, committed 7168K, reserved 1048576K
}
Event: 26.065 GC heap before
{Heap before GC invocations=79 (full 3):
 PSYoungGen      total 10752K, used 10502K [0x00000000d5580000, 0x00000000d6100000, 0x0000000100000000)
  eden space 9728K, 100% used [0x00000000d5580000,0x00000000d5f00000,0x00000000d5f00000)
  from space 1024K, 75% used [0x00000000d5f00000,0x00000000d5fc1948,0x00000000d6000000)
  to   space 1024K, 0% used [0x00000000d6000000,0x00000000d6000000,0x00000000d6100000)
 ParOldGen       total 93184K, used 92942K [0x0000000080000000, 0x0000000085b00000, 0x00000000d5580000)
  object space 93184K, 99% used [0x0000000080000000,0x0000000085ac3b98,0x0000000085b00000)
 Metaspace       used 62948K, committed 64384K, reserved 1114112K
  class space    used 6553K, committed 7168K, reserved 1048576K
}
Event: 26.068 GC heap after
{Heap after GC invocations=79 (full 3):
 PSYoungGen      total 10240K, used 1024K [0x00000000d5580000, 0x00000000d6200000, 0x0000000100000000)
  eden space 9216K, 0% used [0x00000000d5580000,0x00000000d5580000,0x00000000d5e80000)
  from space 1024K, 100% used [0x00000000d6000000,0x00000000d6100000,0x00000000d6100000)
  to   space 1536K, 0% used [0x00000000d5e80000,0x00000000d5e80000,0x00000000d6000000)
 ParOldGen       total 93696K, used 93449K [0x0000000080000000, 0x0000000085b80000, 0x00000000d5580000)
  object space 93696K, 99% used [0x0000000080000000,0x0000000085b426e8,0x0000000085b80000)
 Metaspace       used 62948K, committed 64384K, reserved 1114112K
  class space    used 6553K, committed 7168K, reserved 1048576K
}
Event: 26.218 GC heap before
{Heap before GC invocations=80 (full 3):
 PSYoungGen      total 10240K, used 10240K [0x00000000d5580000, 0x00000000d6200000, 0x0000000100000000)
  eden space 9216K, 100% used [0x00000000d5580000,0x00000000d5e80000,0x00000000d5e80000)
  from space 1024K, 100% used [0x00000000d6000000,0x00000000d6100000,0x00000000d6100000)
  to   space 1536K, 0% used [0x00000000d5e80000,0x00000000d5e80000,0x00000000d6000000)
 ParOldGen       total 93696K, used 93449K [0x0000000080000000, 0x0000000085b80000, 0x00000000d5580000)
  object space 93696K, 99% used [0x0000000080000000,0x0000000085b426e8,0x0000000085b80000)
 Metaspace       used 63083K, committed 64448K, reserved 1114112K
  class space    used 6568K, committed 7168K, reserved 1048576K
}
Event: 26.222 GC heap after
{Heap after GC invocations=80 (full 3):
 PSYoungGen      total 10752K, used 1520K [0x00000000d5580000, 0x00000000d6480000, 0x0000000100000000)
  eden space 9216K, 0% used [0x00000000d5580000,0x00000000d5580000,0x00000000d5e80000)
  from space 1536K, 98% used [0x00000000d5e80000,0x00000000d5ffc010,0x00000000d6000000)
  to   space 3072K, 0% used [0x00000000d6180000,0x00000000d6180000,0x00000000d6480000)
 ParOldGen       total 94720K, used 94421K [0x0000000080000000, 0x0000000085c80000, 0x00000000d5580000)
  object space 94720K, 99% used [0x0000000080000000,0x0000000085c356f8,0x0000000085c80000)
 Metaspace       used 63083K, committed 64448K, reserved 1114112K
  class space    used 6568K, committed 7168K, reserved 1048576K
}
Event: 26.294 GC heap before
{Heap before GC invocations=81 (full 3):
 PSYoungGen      total 10752K, used 10736K [0x00000000d5580000, 0x00000000d6480000, 0x0000000100000000)
  eden space 9216K, 100% used [0x00000000d5580000,0x00000000d5e80000,0x00000000d5e80000)
  from space 1536K, 98% used [0x00000000d5e80000,0x00000000d5ffc010,0x00000000d6000000)
  to   space 3072K, 0% used [0x00000000d6180000,0x00000000d6180000,0x00000000d6480000)
 ParOldGen       total 94720K, used 94421K [0x0000000080000000, 0x0000000085c80000, 0x00000000d5580000)
  object space 94720K, 99% used [0x0000000080000000,0x0000000085c356f8,0x0000000085c80000)
 Metaspace       used 63165K, committed 64640K, reserved 1114112K
  class space    used 6573K, committed 7232K, reserved 1048576K
}
Event: 26.297 GC heap after
{Heap after GC invocations=81 (full 3):
 PSYoungGen      total 10752K, used 1248K [0x00000000d5580000, 0x00000000d6300000, 0x0000000100000000)
  eden space 9216K, 0% used [0x00000000d5580000,0x00000000d5580000,0x00000000d5e80000)
  from space 1536K, 81% used [0x00000000d6180000,0x00000000d62b8000,0x00000000d6300000)
  to   space 2048K, 0% used [0x00000000d5f00000,0x00000000d5f00000,0x00000000d6100000)
 ParOldGen       total 95744K, used 95700K [0x0000000080000000, 0x0000000085d80000, 0x00000000d5580000)
  object space 95744K, 99% used [0x0000000080000000,0x0000000085d75100,0x0000000085d80000)
 Metaspace       used 63165K, committed 64640K, reserved 1114112K
  class space    used 6573K, committed 7232K, reserved 1048576K
}
Event: 26.450 GC heap before
{Heap before GC invocations=82 (full 3):
 PSYoungGen      total 10752K, used 10464K [0x00000000d5580000, 0x00000000d6300000, 0x0000000100000000)
  eden space 9216K, 100% used [0x00000000d5580000,0x00000000d5e80000,0x00000000d5e80000)
  from space 1536K, 81% used [0x00000000d6180000,0x00000000d62b8000,0x00000000d6300000)
  to   space 2048K, 0% used [0x00000000d5f00000,0x00000000d5f00000,0x00000000d6100000)
 ParOldGen       total 95744K, used 95700K [0x0000000080000000, 0x0000000085d80000, 0x00000000d5580000)
  object space 95744K, 99% used [0x0000000080000000,0x0000000085d75100,0x0000000085d80000)
 Metaspace       used 63505K, committed 64896K, reserved 1114112K
  class space    used 6618K, committed 7232K, reserved 1048576K
}
Event: 26.454 GC heap after
{Heap after GC invocations=82 (full 3):
 PSYoungGen      total 10752K, used 1056K [0x00000000d5580000, 0x00000000d6200000, 0x0000000100000000)
  eden space 9216K, 0% used [0x00000000d5580000,0x00000000d5580000,0x00000000d5e80000)
  from space 1536K, 68% used [0x00000000d5f00000,0x00000000d6008000,0x00000000d6080000)
  to   space 1536K, 0% used [0x00000000d6080000,0x00000000d6080000,0x00000000d6200000)
 ParOldGen       total 96768K, used 96740K [0x0000000080000000, 0x0000000085e80000, 0x00000000d5580000)
  object space 96768K, 99% used [0x0000000080000000,0x0000000085e79100,0x0000000085e80000)
 Metaspace       used 63505K, committed 64896K, reserved 1114112K
  class space    used 6618K, committed 7232K, reserved 1048576K
}
Event: 27.208 GC heap before
{Heap before GC invocations=83 (full 3):
 PSYoungGen      total 10752K, used 10272K [0x00000000d5580000, 0x00000000d6200000, 0x0000000100000000)
  eden space 9216K, 100% used [0x00000000d5580000,0x00000000d5e80000,0x00000000d5e80000)
  from space 1536K, 68% used [0x00000000d5f00000,0x00000000d6008000,0x00000000d6080000)
  to   space 1536K, 0% used [0x00000000d6080000,0x00000000d6080000,0x00000000d6200000)
 ParOldGen       total 96768K, used 96740K [0x0000000080000000, 0x0000000085e80000, 0x00000000d5580000)
  object space 96768K, 99% used [0x0000000080000000,0x0000000085e79100,0x0000000085e80000)
 Metaspace       used 63717K, committed 65152K, reserved 1114112K
  class space    used 6638K, committed 7296K, reserved 1048576K
}
Event: 27.212 GC heap after
{Heap after GC invocations=83 (full 3):
 PSYoungGen      total 8704K, used 1535K [0x00000000d5580000, 0x00000000d6680000, 0x0000000100000000)
  eden space 7168K, 0% used [0x00000000d5580000,0x00000000d5580000,0x00000000d5c80000)
  from space 1536K, 99% used [0x00000000d6080000,0x00000000d61ffcf0,0x00000000d6200000)
  to   space 4096K, 0% used [0x00000000d5c80000,0x00000000d5c80000,0x00000000d6080000)
 ParOldGen       total 98816K, used 98448K [0x0000000080000000, 0x0000000086080000, 0x00000000d5580000)
  object space 98816K, 99% used [0x0000000080000000,0x0000000086024190,0x0000000086080000)
 Metaspace       used 63717K, committed 65152K, reserved 1114112K
  class space    used 6638K, committed 7296K, reserved 1048576K
}
Event: 27.350 GC heap before
{Heap before GC invocations=84 (full 3):
 PSYoungGen      total 8704K, used 8703K [0x00000000d5580000, 0x00000000d6680000, 0x0000000100000000)
  eden space 7168K, 100% used [0x00000000d5580000,0x00000000d5c80000,0x00000000d5c80000)
  from space 1536K, 99% used [0x00000000d6080000,0x00000000d61ffcf0,0x00000000d6200000)
  to   space 4096K, 0% used [0x00000000d5c80000,0x00000000d5c80000,0x00000000d6080000)
 ParOldGen       total 98816K, used 98448K [0x0000000080000000, 0x0000000086080000, 0x00000000d5580000)
  object space 98816K, 99% used [0x0000000080000000,0x0000000086024190,0x0000000086080000)
 Metaspace       used 63785K, committed 65280K, reserved 1114112K
  class space    used 6638K, committed 7296K, reserved 1048576K
}
Event: 27.354 GC heap after
{Heap after GC invocations=84 (full 3):
 PSYoungGen      total 8704K, used 1409K [0x00000000d5580000, 0x00000000d6180000, 0x0000000100000000)
  eden space 7168K, 0% used [0x00000000d5580000,0x00000000d5580000,0x00000000d5c80000)
  from space 1536K, 91% used [0x00000000d5c80000,0x00000000d5de0540,0x00000000d5e00000)
  to   space 2560K, 0% used [0x00000000d5f00000,0x00000000d5f00000,0x00000000d6180000)
 ParOldGen       total 100352K, used 99927K [0x0000000080000000, 0x0000000086200000, 0x00000000d5580000)
  object space 100352K, 99% used [0x0000000080000000,0x0000000086195cc8,0x0000000086200000)
 Metaspace       used 63785K, committed 65280K, reserved 1114112K
  class space    used 6638K, committed 7296K, reserved 1048576K
}
Event: 27.518 GC heap before
{Heap before GC invocations=85 (full 3):
 PSYoungGen      total 8704K, used 8577K [0x00000000d5580000, 0x00000000d6180000, 0x0000000100000000)
  eden space 7168K, 100% used [0x00000000d5580000,0x00000000d5c80000,0x00000000d5c80000)
  from space 1536K, 91% used [0x00000000d5c80000,0x00000000d5de0540,0x00000000d5e00000)
  to   space 2560K, 0% used [0x00000000d5f00000,0x00000000d5f00000,0x00000000d6180000)
 ParOldGen       total 100352K, used 99927K [0x0000000080000000, 0x0000000086200000, 0x00000000d5580000)
  object space 100352K, 99% used [0x0000000080000000,0x0000000086195cc8,0x0000000086200000)
 Metaspace       used 63984K, committed 65472K, reserved 1114112K
  class space    used 6648K, committed 7296K, reserved 1048576K
}
Event: 27.522 GC heap after
{Heap after GC invocations=85 (full 3):
 PSYoungGen      total 8704K, used 1056K [0x00000000d5580000, 0x00000000d6080000, 0x0000000100000000)
  eden space 7168K, 0% used [0x00000000d5580000,0x00000000d5580000,0x00000000d5c80000)
  from space 1536K, 68% used [0x00000000d5f00000,0x00000000d6008000,0x00000000d6080000)
  to   space 1536K, 0% used [0x00000000d5c80000,0x00000000d5c80000,0x00000000d5e00000)
 ParOldGen       total 101376K, used 101066K [0x0000000080000000, 0x0000000086300000, 0x00000000d5580000)
  object space 101376K, 99% used [0x0000000080000000,0x00000000862b28a0,0x0000000086300000)
 Metaspace       used 63984K, committed 65472K, reserved 1114112K
  class space    used 6648K, committed 7296K, reserved 1048576K
}
Event: 27.705 GC heap before
{Heap before GC invocations=86 (full 3):
 PSYoungGen      total 8704K, used 8224K [0x00000000d5580000, 0x00000000d6080000, 0x0000000100000000)
  eden space 7168K, 100% used [0x00000000d5580000,0x00000000d5c80000,0x00000000d5c80000)
  from space 1536K, 68% used [0x00000000d5f00000,0x00000000d6008000,0x00000000d6080000)
  to   space 1536K, 0% used [0x00000000d5c80000,0x00000000d5c80000,0x00000000d5e00000)
 ParOldGen       total 101376K, used 101066K [0x0000000080000000, 0x0000000086300000, 0x00000000d5580000)
  object space 101376K, 99% used [0x0000000080000000,0x00000000862b28a0,0x0000000086300000)
 Metaspace       used 63994K, committed 65472K, reserved 1114112K
  class space    used 6648K, committed 7296K, reserved 1048576K
}
Event: 27.711 GC heap after
{Heap after GC invocations=86 (full 3):
 PSYoungGen      total 8704K, used 1533K [0x00000000d5580000, 0x00000000d6780000, 0x0000000100000000)
  eden space 7168K, 0% used [0x00000000d5580000,0x00000000d5580000,0x00000000d5c80000)
  from space 1536K, 99% used [0x00000000d5c80000,0x00000000d5dff768,0x00000000d5e00000)
  to   space 5632K, 0% used [0x00000000d6200000,0x00000000d6200000,0x00000000d6780000)
 ParOldGen       total 104448K, used 104104K [0x0000000080000000, 0x0000000086600000, 0x00000000d5580000)
  object space 104448K, 99% used [0x0000000080000000,0x00000000865aa038,0x0000000086600000)
 Metaspace       used 63994K, committed 65472K, reserved 1114112K
  class space    used 6648K, committed 7296K, reserved 1048576K
}
Event: 27.912 GC heap before
{Heap before GC invocations=87 (full 3):
 PSYoungGen      total 8704K, used 8701K [0x00000000d5580000, 0x00000000d6780000, 0x0000000100000000)
  eden space 7168K, 100% used [0x00000000d5580000,0x00000000d5c80000,0x00000000d5c80000)
  from space 1536K, 99% used [0x00000000d5c80000,0x00000000d5dff768,0x00000000d5e00000)
  to   space 5632K, 0% used [0x00000000d6200000,0x00000000d6200000,0x00000000d6780000)
 ParOldGen       total 104448K, used 104104K [0x0000000080000000, 0x0000000086600000, 0x00000000d5580000)
  object space 104448K, 99% used [0x0000000080000000,0x00000000865aa038,0x0000000086600000)
 Metaspace       used 63997K, committed 65472K, reserved 1114112K
  class space    used 6648K, committed 7296K, reserved 1048576K
}
Event: 28.002 GC heap after
{Heap after GC invocations=87 (full 3):
 PSYoungGen      total 9216K, used 1600K [0x00000000d5580000, 0x00000000d6400000, 0x0000000100000000)
  eden space 7168K, 0% used [0x00000000d5580000,0x00000000d5580000,0x00000000d5c80000)
  from space 2048K, 78% used [0x00000000d6200000,0x00000000d6390000,0x00000000d6400000)
  to   space 3072K, 0% used [0x00000000d5e00000,0x00000000d5e00000,0x00000000d6100000)
 ParOldGen       total 104448K, used 104288K [0x0000000080000000, 0x0000000086600000, 0x00000000d5580000)
  object space 104448K, 99% used [0x0000000080000000,0x00000000865d8038,0x0000000086600000)
 Metaspace       used 63997K, committed 65472K, reserved 1114112K
  class space    used 6648K, committed 7296K, reserved 1048576K
}

Dll operation events (11 events):
Event: 0.018 Loaded shared library D:\Java\jdks\jdk-21.0.11_10\bin\java.dll
Event: 0.086 Loaded shared library D:\Java\jdks\jdk-21.0.11_10\bin\jsvml.dll
Event: 0.159 Loaded shared library D:\Java\jdks\jdk-21.0.11_10\bin\zip.dll
Event: 0.168 Loaded shared library D:\Java\jdks\jdk-21.0.11_10\bin\instrument.dll
Event: 0.181 Loaded shared library D:\Java\jdks\jdk-21.0.11_10\bin\net.dll
Event: 0.185 Loaded shared library D:\Java\jdks\jdk-21.0.11_10\bin\nio.dll
Event: 0.192 Loaded shared library D:\Java\jdks\jdk-21.0.11_10\bin\zip.dll
Event: 0.225 Loaded shared library D:\Java\jdks\jdk-21.0.11_10\bin\jimage.dll
Event: 0.392 Loaded shared library D:\Java\jdks\jdk-21.0.11_10\bin\verify.dll
Event: 2.474 Loaded shared library C:\Users\ey669\AppData\Roaming\Cursor\User\globalStorage\redhat.java\1.55.0\config_win\org.eclipse.equinox.launcher\org.eclipse.equinox.launcher.win32.win32.x86_64_1.3.100.v20260613-0559\eclipse_11924.dll
Event: 6.516 Loaded shared library C:\Users\ey669\AppData\Local\Temp\jna-96933957\jna3820320620158789714.dll

Deoptimization events (20 events):
Event: 27.314 Thread 0x000001d5fa2532a0 Uncommon trap: trap_request=0xffffff45 fr.pc=0x000001d59ad8ba60 relative=0x0000000000001700
Event: 27.314 Thread 0x000001d5fa2532a0 Uncommon trap: reason=unstable_if action=reinterpret pc=0x000001d59ad8ba60 method=org.eclipse.jdt.internal.compiler.lookup.LookupEnvironment.getTypeFromTypeSignature(Lorg/eclipse/jdt/internal/compiler/lookup/SignatureWrapper;[Lorg/eclipse/jdt/internal/com
Event: 27.314 Thread 0x000001d5fa2532a0 DEOPT PACKING pc=0x000001d59ad8ba60 sp=0x00000057ce6fe210
Event: 27.314 Thread 0x000001d5fa2532a0 DEOPT UNPACKING pc=0x000001d59a173aa2 sp=0x00000057ce6fe180 mode 2
Event: 27.380 Thread 0x000001d5fa2532a0 Uncommon trap: trap_request=0xffffff45 fr.pc=0x000001d59ac2fb74 relative=0x00000000000007b4
Event: 27.380 Thread 0x000001d5fa2532a0 Uncommon trap: reason=unstable_if action=reinterpret pc=0x000001d59ac2fb74 method=org.eclipse.jdt.internal.compiler.util.CharDeduplication.sharedCopyOfRange([CII)[C @ 147 c2
Event: 27.380 Thread 0x000001d5fa2532a0 DEOPT PACKING pc=0x000001d59ac2fb74 sp=0x00000057ce6fdd40
Event: 27.380 Thread 0x000001d5fa2532a0 DEOPT UNPACKING pc=0x000001d59a173aa2 sp=0x00000057ce6fdc00 mode 2
Event: 27.386 Thread 0x000001d5fa2532a0 Uncommon trap: trap_request=0xffffff45 fr.pc=0x000001d59a6fbbe8 relative=0x0000000000000148
Event: 27.386 Thread 0x000001d5fa2532a0 Uncommon trap: reason=unstable_if action=reinterpret pc=0x000001d59a6fbbe8 method=java.util.HashMap.getNode(Ljava/lang/Object;)Ljava/util/HashMap$Node; @ 66 c2
Event: 27.386 Thread 0x000001d5fa2532a0 DEOPT PACKING pc=0x000001d59a6fbbe8 sp=0x00000057ce6fe5f0
Event: 27.386 Thread 0x000001d5fa2532a0 DEOPT UNPACKING pc=0x000001d59a173aa2 sp=0x00000057ce6fe4a0 mode 2
Event: 27.386 Thread 0x000001d5fa2532a0 Uncommon trap: trap_request=0xffffff45 fr.pc=0x000001d59a8e4a20 relative=0x0000000000000c40
Event: 27.386 Thread 0x000001d5fa2532a0 Uncommon trap: reason=unstable_if action=reinterpret pc=0x000001d59a8e4a20 method=java.util.HashMap.putVal(ILjava/lang/Object;Ljava/lang/Object;ZZ)Ljava/lang/Object; @ 94 c2
Event: 27.386 Thread 0x000001d5fa2532a0 DEOPT PACKING pc=0x000001d59a8e4a20 sp=0x00000057ce6fe5d0
Event: 27.386 Thread 0x000001d5fa2532a0 DEOPT UNPACKING pc=0x000001d59a173aa2 sp=0x00000057ce6fe470 mode 2
Event: 27.514 Thread 0x000001d5fa2532a0 Uncommon trap: trap_request=0xffffff45 fr.pc=0x000001d59ac5fd74 relative=0x00000000000000d4
Event: 27.514 Thread 0x000001d5fa2532a0 Uncommon trap: reason=unstable_if action=reinterpret pc=0x000001d59ac5fd74 method=org.eclipse.jdt.internal.compiler.codegen.VerificationTypeInfo.<init>(Lorg/eclipse/jdt/internal/compiler/lookup/TypeBinding;)V @ 26 c2
Event: 27.514 Thread 0x000001d5fa2532a0 DEOPT PACKING pc=0x000001d59ac5fd74 sp=0x00000057ce6fea50
Event: 27.514 Thread 0x000001d5fa2532a0 DEOPT UNPACKING pc=0x000001d59a173aa2 sp=0x00000057ce6fe9f0 mode 2

Classes loaded (20 events):
Event: 16.630 Loading class java/util/concurrent/ConcurrentHashMap$KeySpliterator
Event: 16.631 Loading class java/util/concurrent/ConcurrentHashMap$KeySpliterator done
Event: 16.640 Loading class sun/nio/ch/ChannelOutputStream
Event: 16.640 Loading class sun/nio/ch/ChannelOutputStream done
Event: 16.970 Loading class java/util/stream/ReferencePipeline$4
Event: 16.971 Loading class java/util/stream/ReferencePipeline$4 done
Event: 16.972 Loading class java/util/stream/Nodes$IntFixedNodeBuilder
Event: 16.973 Loading class java/util/stream/Node$Builder$OfInt
Event: 16.973 Loading class java/util/stream/Node$Builder$OfInt done
Event: 16.973 Loading class java/util/stream/Nodes$IntArrayNode
Event: 16.975 Loading class java/util/stream/Nodes$IntArrayNode done
Event: 16.975 Loading class java/util/stream/Nodes$IntFixedNodeBuilder done
Event: 16.975 Loading class java/util/stream/ReferencePipeline$4$1
Event: 16.975 Loading class java/util/stream/ReferencePipeline$4$1 done
Event: 19.861 Loading class java/util/Collections$UnmodifiableList$1
Event: 19.865 Loading class java/util/Collections$UnmodifiableList$1 done
Event: 19.888 Loading class sun/nio/cs/ISO_8859_1$Decoder
Event: 19.890 Loading class sun/nio/cs/ISO_8859_1$Decoder done
Event: 21.521 Loading class jdk/internal/module/IllegalAccessLogger
Event: 21.521 Loading class jdk/internal/module/IllegalAccessLogger done

Classes unloaded (7 events):
Event: 7.380 Thread 0x000001d5a6484960 Unloading class 0x000001d5a81a3400 'java/lang/invoke/LambdaForm$MH+0x000001d5a81a3400'
Event: 7.380 Thread 0x000001d5a6484960 Unloading class 0x000001d5a81a3000 'java/lang/invoke/LambdaForm$MH+0x000001d5a81a3000'
Event: 7.380 Thread 0x000001d5a6484960 Unloading class 0x000001d5a81a2c00 'java/lang/invoke/LambdaForm$MH+0x000001d5a81a2c00'
Event: 7.380 Thread 0x000001d5a6484960 Unloading class 0x000001d5a81a2800 'java/lang/invoke/LambdaForm$MH+0x000001d5a81a2800'
Event: 7.380 Thread 0x000001d5a6484960 Unloading class 0x000001d5a81a2400 'java/lang/invoke/LambdaForm$BMH+0x000001d5a81a2400'
Event: 7.380 Thread 0x000001d5a6484960 Unloading class 0x000001d5a81a2000 'java/lang/invoke/LambdaForm$DMH+0x000001d5a81a2000'
Event: 7.380 Thread 0x000001d5a6484960 Unloading class 0x000001d5a81a1000 'java/lang/invoke/LambdaForm$DMH+0x000001d5a81a1000'

Classes redefined (0 events):
No events

Internal exceptions (20 events):
Event: 27.448 Thread 0x000001d5fa2532a0 Exception <a 'java/lang/NoSuchMethodError'{0x00000000d59bae48}: 'java.lang.Object java.lang.invoke.DirectMethodHandle$Holder.newInvokeSpecial(java.lang.Object, int, java.lang.Object, java.lang.Object, java.lang.Object)'> (0x00000000d59bae48) 
thrown [s\src\hotspot\share\interpreter\linkResolver.cpp, line 773]
Event: 27.449 Thread 0x000001d5fa2532a0 Exception <a 'java/lang/NoSuchMethodError'{0x00000000d59c7eb0}: 'void java.lang.invoke.DirectMethodHandle$Holder.invokeStatic(java.lang.Object, int, java.lang.Object)'> (0x00000000d59c7eb0) 
thrown [s\src\hotspot\share\interpreter\linkResolver.cpp, line 773]
Event: 27.462 Thread 0x000001d5fa2532a0 Exception <a 'java/lang/NullPointerException'{0x00000000d5a20960}> (0x00000000d5a20960) 
thrown [s\src\hotspot\share\interpreter\linkResolver.cpp, line 1372]
Event: 27.462 Thread 0x000001d5fa2532a0 Exception <a 'java/lang/NullPointerException'{0x00000000d5a20e60}> (0x00000000d5a20e60) 
thrown [s\src\hotspot\share\interpreter\linkResolver.cpp, line 1372]
Event: 27.463 Thread 0x000001d5fa2532a0 Exception <a 'java/lang/NullPointerException'{0x00000000d5a21988}> (0x00000000d5a21988) 
thrown [s\src\hotspot\share\interpreter\linkResolver.cpp, line 1372]
Event: 27.463 Thread 0x000001d5fa2532a0 Exception <a 'java/lang/NullPointerException'{0x00000000d5a21e88}> (0x00000000d5a21e88) 
thrown [s\src\hotspot\share\interpreter\linkResolver.cpp, line 1372]
Event: 27.463 Thread 0x000001d5fa2532a0 Exception <a 'java/lang/NullPointerException'{0x00000000d5a22498}> (0x00000000d5a22498) 
thrown [s\src\hotspot\share\interpreter\linkResolver.cpp, line 1372]
Event: 27.463 Thread 0x000001d5fa2532a0 Exception <a 'java/lang/NullPointerException'{0x00000000d5a22950}> (0x00000000d5a22950) 
thrown [s\src\hotspot\share\interpreter\linkResolver.cpp, line 1372]
Event: 27.463 Thread 0x000001d5fa2532a0 Exception <a 'java/lang/NullPointerException'{0x00000000d5a22ee0}> (0x00000000d5a22ee0) 
thrown [s\src\hotspot\share\interpreter\linkResolver.cpp, line 1372]
Event: 27.544 Thread 0x000001d5eea76570 Exception <a 'sun/nio/fs/WindowsException'{0x00000000d562bca0}> (0x00000000d562bca0) 
thrown [s\src\hotspot\share\prims\jni.cpp, line 520]
Event: 27.545 Thread 0x000001d5f05e6190 Exception <a 'sun/nio/fs/WindowsException'{0x00000000d562edd8}> (0x00000000d562edd8) 
thrown [s\src\hotspot\share\prims\jni.cpp, line 520]
Event: 27.545 Thread 0x000001d5fa24c310 Exception <a 'sun/nio/fs/WindowsException'{0x00000000d5630468}> (0x00000000d5630468) 
thrown [s\src\hotspot\share\prims\jni.cpp, line 520]
Event: 27.546 Thread 0x000001d5f05e6820 Exception <a 'sun/nio/fs/WindowsException'{0x00000000d5632528}> (0x00000000d5632528) 
thrown [s\src\hotspot\share\prims\jni.cpp, line 520]
Event: 27.546 Thread 0x000001d5f05e6eb0 Exception <a 'sun/nio/fs/WindowsException'{0x00000000d5634600}> (0x00000000d5634600) 
thrown [s\src\hotspot\share\prims\jni.cpp, line 520]
Event: 27.694 Thread 0x000001d5fa2532a0 Exception <a 'java/lang/NullPointerException'{0x00000000d5608268}> (0x00000000d5608268) 
thrown [s\src\hotspot\share\interpreter\linkResolver.cpp, line 1372]
Event: 27.695 Thread 0x000001d5fa2532a0 Exception <a 'java/lang/NullPointerException'{0x00000000d5608780}> (0x00000000d5608780) 
thrown [s\src\hotspot\share\interpreter\linkResolver.cpp, line 1372]
Event: 27.745 Thread 0x000001d5eea76570 Exception <a 'sun/nio/fs/WindowsException'{0x00000000d568aad0}> (0x00000000d568aad0) 
thrown [s\src\hotspot\share\prims\jni.cpp, line 520]
Event: 27.745 Thread 0x000001d5eea76570 Exception <a 'sun/nio/fs/WindowsException'{0x00000000d568b0f8}> (0x00000000d568b0f8) 
thrown [s\src\hotspot\share\prims\jni.cpp, line 520]
Event: 27.746 Thread 0x000001d5eea76570 Exception <a 'sun/nio/fs/WindowsException'{0x00000000d568baa8}> (0x00000000d568baa8) 
thrown [s\src\hotspot\share\prims\jni.cpp, line 520]
Event: 27.746 Thread 0x000001d5eea76570 Exception <a 'sun/nio/fs/WindowsException'{0x00000000d568c0d0}> (0x00000000d568c0d0) 
thrown [s\src\hotspot\share\prims\jni.cpp, line 520]

ZGC Phase Switch (0 events):
No events

VM Operations (20 events):
Event: 26.068 Executing safepoint VM operation: ParallelGCFailedAllocation (Allocation Failure) done
Event: 26.218 Executing safepoint VM operation: ParallelGCFailedAllocation (Allocation Failure)
Event: 26.222 Executing safepoint VM operation: ParallelGCFailedAllocation (Allocation Failure) done
Event: 26.294 Executing safepoint VM operation: ParallelGCFailedAllocation (Allocation Failure)
Event: 26.297 Executing safepoint VM operation: ParallelGCFailedAllocation (Allocation Failure) done
Event: 26.449 Executing safepoint VM operation: ParallelGCFailedAllocation (Allocation Failure)
Event: 26.454 Executing safepoint VM operation: ParallelGCFailedAllocation (Allocation Failure) done
Event: 27.208 Executing safepoint VM operation: ParallelGCFailedAllocation (Allocation Failure)
Event: 27.212 Executing safepoint VM operation: ParallelGCFailedAllocation (Allocation Failure) done
Event: 27.230 Executing non-safepoint VM operation: HandshakeAllThreads (Deoptimize)
Event: 27.230 Executing non-safepoint VM operation: HandshakeAllThreads (Deoptimize) done
Event: 27.350 Executing safepoint VM operation: ParallelGCFailedAllocation (Allocation Failure)
Event: 27.354 Executing safepoint VM operation: ParallelGCFailedAllocation (Allocation Failure) done
Event: 27.502 Executing non-safepoint VM operation: HandshakeAllThreads (Deoptimize)
Event: 27.502 Executing non-safepoint VM operation: HandshakeAllThreads (Deoptimize) done
Event: 27.518 Executing safepoint VM operation: ParallelGCFailedAllocation (Allocation Failure)
Event: 27.522 Executing safepoint VM operation: ParallelGCFailedAllocation (Allocation Failure) done
Event: 27.705 Executing safepoint VM operation: ParallelGCFailedAllocation (Allocation Failure)
Event: 27.712 Executing safepoint VM operation: ParallelGCFailedAllocation (Allocation Failure) done
Event: 27.912 Executing safepoint VM operation: ParallelGCFailedAllocation (Allocation Failure)

Memory protections (0 events):
No events

Nmethod flushes (20 events):
Event: 16.868 Thread 0x000001d5a6484960 flushing  nmethod 0x000001d593625f90
Event: 16.868 Thread 0x000001d5a6484960 flushing  nmethod 0x000001d593643090
Event: 16.868 Thread 0x000001d5a6484960 flushing  nmethod 0x000001d593648590
Event: 16.868 Thread 0x000001d5a6484960 flushing  nmethod 0x000001d59364a310
Event: 16.868 Thread 0x000001d5a6484960 flushing  nmethod 0x000001d593654290
Event: 16.868 Thread 0x000001d5a6484960 flushing  nmethod 0x000001d59365ea90
Event: 16.868 Thread 0x000001d5a6484960 flushing  nmethod 0x000001d59365ef90
Event: 16.868 Thread 0x000001d5a6484960 flushing  nmethod 0x000001d59365f310
Event: 16.868 Thread 0x000001d5a6484960 flushing  nmethod 0x000001d593662210
Event: 16.868 Thread 0x000001d5a6484960 flushing  nmethod 0x000001d593662a10
Event: 16.868 Thread 0x000001d5a6484960 flushing  nmethod 0x000001d59368b310
Event: 16.868 Thread 0x000001d5a6484960 flushing  nmethod 0x000001d59368be90
Event: 16.868 Thread 0x000001d5a6484960 flushing  nmethod 0x000001d593691590
Event: 16.868 Thread 0x000001d5a6484960 flushing  nmethod 0x000001d593697f10
Event: 16.868 Thread 0x000001d5a6484960 flushing  nmethod 0x000001d59369c310
Event: 16.868 Thread 0x000001d5a6484960 flushing  nmethod 0x000001d59369c710
Event: 16.868 Thread 0x000001d5a6484960 flushing  nmethod 0x000001d59369ca90
Event: 16.868 Thread 0x000001d5a6484960 flushing  nmethod 0x000001d59369d010
Event: 16.868 Thread 0x000001d5a6484960 flushing  nmethod 0x000001d59369d410
Event: 16.868 Thread 0x000001d5a6484960 flushing  nmethod 0x000001d59369e790

Events (20 events):
Event: 25.088 Thread 0x000001d5eea76570 Thread added: 0x000001d5efe28000
Event: 25.108 Thread 0x000001d5eea76570 Thread added: 0x000001d5efe2c830
Event: 25.889 Thread 0x000001d5efe28000 Thread exited: 0x000001d5efe28000
Event: 25.889 Thread 0x000001d5efe28d20 Thread exited: 0x000001d5efe28d20
Event: 25.889 Thread 0x000001d5efe2c830 Thread exited: 0x000001d5efe2c830
Event: 25.889 Thread 0x000001d5efe27970 Thread exited: 0x000001d5efe27970
Event: 25.890 Thread 0x000001d5efe28690 Thread exited: 0x000001d5efe28690
Event: 25.901 Thread 0x000001d5eea716b0 Thread added: 0x000001d5efe27970
Event: 25.902 Thread 0x000001d5efe27970 Thread added: 0x000001d5efe2b480
Event: 25.902 Thread 0x000001d5efe2b480 Thread added: 0x000001d5efe28000
Event: 26.193 Thread 0x000001d5eea76570 Thread added: 0x000001d5efe28d20
Event: 26.194 Thread 0x000001d5eea76570 Thread added: 0x000001d5efe2bb10
Event: 26.211 Thread 0x000001d5eea76570 Thread added: 0x000001d5efe28690
Event: 26.211 Thread 0x000001d5eea76570 Thread added: 0x000001d5efe2d550
Event: 26.211 Thread 0x000001d5eea76570 Thread added: 0x000001d5efe2cec0
Event: 26.260 Thread 0x000001d5efe28690 Thread exited: 0x000001d5efe28690
Event: 26.260 Thread 0x000001d5efe2d550 Thread exited: 0x000001d5efe2d550
Event: 26.260 Thread 0x000001d5efe28d20 Thread exited: 0x000001d5efe28d20
Event: 26.260 Thread 0x000001d5efe2bb10 Thread exited: 0x000001d5efe2bb10
Event: 26.260 Thread 0x000001d5efe2cec0 Thread exited: 0x000001d5efe2cec0


Dynamic libraries:
0x00007ff7ee9f0000 - 0x00007ff7ee9fe000 	D:\Java\jdks\jdk-21.0.11_10\bin\java.exe
0x00007ffbd08c0000 - 0x00007ffbd0b26000 	C:\WINDOWS\SYSTEM32\ntdll.dll
0x00007ffbceb70000 - 0x00007ffbcec39000 	C:\WINDOWS\System32\KERNEL32.DLL
0x00007ffbcddf0000 - 0x00007ffbce1ee000 	C:\WINDOWS\System32\KERNELBASE.dll
0x00007ffbcdc60000 - 0x00007ffbcddac000 	C:\WINDOWS\System32\ucrtbase.dll
0x00007ffbc8790000 - 0x00007ffbc87a8000 	D:\Java\jdks\jdk-21.0.11_10\bin\jli.dll
0x00007ffbc5ba0000 - 0x00007ffbc5bbe000 	D:\Java\jdks\jdk-21.0.11_10\bin\VCRUNTIME140.dll
0x00007ffbd0060000 - 0x00007ffbd0227000 	C:\WINDOWS\System32\USER32.dll
0x00007ffbcddc0000 - 0x00007ffbcdde7000 	C:\WINDOWS\System32\win32u.dll
0x00007ffbcec40000 - 0x00007ffbcec6b000 	C:\WINDOWS\System32\GDI32.dll
0x00007ffbce2c0000 - 0x00007ffbce3ea000 	C:\WINDOWS\System32\gdi32full.dll
0x00007ffbce3f0000 - 0x00007ffbce493000 	C:\WINDOWS\System32\msvcp_win.dll
0x00007ffbba380000 - 0x00007ffbba612000 	C:\WINDOWS\WinSxS\amd64_microsoft.windows.common-controls_6595b64144ccf1df_6.0.26100.8875_none_3e0d5d42e32fe9dd\COMCTL32.dll
0x00007ffbcfd40000 - 0x00007ffbcfde9000 	C:\WINDOWS\System32\msvcrt.dll
0x00007ffbce890000 - 0x00007ffbce8c2000 	C:\WINDOWS\System32\IMM32.DLL
0x00007ffbc8580000 - 0x00007ffbc858c000 	D:\Java\jdks\jdk-21.0.11_10\bin\vcruntime140_1.dll
0x00007ffbc2830000 - 0x00007ffbc28bd000 	D:\Java\jdks\jdk-21.0.11_10\bin\msvcp140.dll
0x00007ffb0e1e0000 - 0x00007ffb0ef82000 	D:\Java\jdks\jdk-21.0.11_10\bin\server\jvm.dll
0x00007ffbcffa0000 - 0x00007ffbd0057000 	C:\WINDOWS\System32\ADVAPI32.dll
0x00007ffbce8d0000 - 0x00007ffbce97a000 	C:\WINDOWS\System32\sechost.dll
0x00007ffbcfc20000 - 0x00007ffbcfd38000 	C:\WINDOWS\System32\RPCRT4.dll
0x00007ffbd0230000 - 0x00007ffbd02b0000 	C:\WINDOWS\System32\WS2_32.dll
0x00007ffbc5cb0000 - 0x00007ffbc5ce6000 	C:\WINDOWS\SYSTEM32\WINMM.dll
0x00007ffbc7210000 - 0x00007ffbc721b000 	C:\WINDOWS\SYSTEM32\VERSION.dll
0x00007ffbcd940000 - 0x00007ffbcd99e000 	C:\WINDOWS\SYSTEM32\POWRPROF.dll
0x00007ffbcd920000 - 0x00007ffbcd934000 	C:\WINDOWS\SYSTEM32\UMPDC.dll
0x00007ffbcc7c0000 - 0x00007ffbcc7db000 	C:\WINDOWS\SYSTEM32\kernel.appcore.dll
0x00007ffbc7990000 - 0x00007ffbc799a000 	D:\Java\jdks\jdk-21.0.11_10\bin\jimage.dll
0x00007ffbcb2f0000 - 0x00007ffbcb532000 	C:\WINDOWS\SYSTEM32\DBGHELP.DLL
0x00007ffbcec70000 - 0x00007ffbceff3000 	C:\WINDOWS\System32\combase.dll
0x00007ffbcea80000 - 0x00007ffbceb59000 	C:\WINDOWS\System32\OLEAUT32.dll
0x00007ffbb8de0000 - 0x00007ffbb8e1b000 	C:\WINDOWS\SYSTEM32\dbgcore.DLL
0x00007ffbce200000 - 0x00007ffbce2ac000 	C:\WINDOWS\System32\bcryptPrimitives.dll
0x00007ffbc5dc0000 - 0x00007ffbc5dcf000 	D:\Java\jdks\jdk-21.0.11_10\bin\instrument.dll
0x00007ffbc32a0000 - 0x00007ffbc32c0000 	D:\Java\jdks\jdk-21.0.11_10\bin\java.dll
0x00007ffbcf100000 - 0x00007ffbcf892000 	C:\WINDOWS\System32\SHELL32.dll
0x00007ffbcb570000 - 0x00007ffbcbe02000 	C:\WINDOWS\SYSTEM32\windows.storage.dll
0x00007ffbcf000000 - 0x00007ffbcf0f7000 	C:\WINDOWS\System32\SHCORE.dll
0x00007ffbd0340000 - 0x00007ffbd03a7000 	C:\WINDOWS\System32\shlwapi.dll
0x00007ffbcda00000 - 0x00007ffbcda29000 	C:\WINDOWS\SYSTEM32\profapi.dll
0x00007ffbad300000 - 0x00007ffbad3d7000 	D:\Java\jdks\jdk-21.0.11_10\bin\jsvml.dll
0x00007ffbc2970000 - 0x00007ffbc2988000 	D:\Java\jdks\jdk-21.0.11_10\bin\zip.dll
0x00007ffbc5bf0000 - 0x00007ffbc5c00000 	D:\Java\jdks\jdk-21.0.11_10\bin\net.dll
0x00007ffbc3690000 - 0x00007ffbc37b7000 	C:\WINDOWS\SYSTEM32\WINHTTP.dll
0x00007ffbccd70000 - 0x00007ffbccddc000 	C:\WINDOWS\system32\mswsock.dll
0x00007ffbc2940000 - 0x00007ffbc2956000 	D:\Java\jdks\jdk-21.0.11_10\bin\nio.dll
0x00007ffbc3390000 - 0x00007ffbc33a0000 	D:\Java\jdks\jdk-21.0.11_10\bin\verify.dll
0x00007ffbc26b0000 - 0x00007ffbc26f5000 	C:\Users\ey669\AppData\Roaming\Cursor\User\globalStorage\redhat.java\1.55.0\config_win\org.eclipse.equinox.launcher\org.eclipse.equinox.launcher.win32.win32.x86_64_1.3.100.v20260613-0559\eclipse_11924.dll
0x00007ffbcf8a0000 - 0x00007ffbcfa39000 	C:\WINDOWS\System32\ole32.dll
0x00007ffbcd070000 - 0x00007ffbcd08b000 	C:\WINDOWS\SYSTEM32\CRYPTSP.dll
0x00007ffbcc720000 - 0x00007ffbcc759000 	C:\WINDOWS\system32\rsaenh.dll
0x00007ffbcce30000 - 0x00007ffbcce62000 	C:\WINDOWS\SYSTEM32\USERENV.dll
0x00007ffbcd9d0000 - 0x00007ffbcd9fa000 	C:\WINDOWS\SYSTEM32\bcrypt.dll
0x00007ffbcd090000 - 0x00007ffbcd09c000 	C:\WINDOWS\SYSTEM32\CRYPTBASE.dll
0x00007ffbcc140000 - 0x00007ffbcc173000 	C:\WINDOWS\SYSTEM32\IPHLPAPI.DLL
0x00007ffbce700000 - 0x00007ffbce70a000 	C:\WINDOWS\System32\NSI.dll
0x00007ffbb5880000 - 0x00007ffbb58c9000 	C:\Users\ey669\AppData\Local\Temp\jna-96933957\jna3820320620158789714.dll
0x00007ffbceb60000 - 0x00007ffbceb68000 	C:\WINDOWS\System32\PSAPI.DLL
0x00007ffbc3660000 - 0x00007ffbc367d000 	C:\WINDOWS\SYSTEM32\dhcpcsvc6.DLL
0x00007ffbc3630000 - 0x00007ffbc3655000 	C:\WINDOWS\SYSTEM32\dhcpcsvc.DLL

JVMTI agents:
c:\Users\ey669\.cursor\extensions\redhat.java-1.55.0-win32-x64\lombok\lombok-1.18.39-4050.jar path:D:\Java\jdks\jdk-21.0.11_10\bin\instrument.dll, loaded, initialized, instrumentlib options:none

dbghelp: loaded successfully - version: 4.0.5 - missing functions: none
symbol engine: initialized successfully - sym options: 0x614 - pdb path: .;D:\Java\jdks\jdk-21.0.11_10\bin;C:\WINDOWS\SYSTEM32;C:\WINDOWS\WinSxS\amd64_microsoft.windows.common-controls_6595b64144ccf1df_6.0.26100.8875_none_3e0d5d42e32fe9dd;D:\Java\jdks\jdk-21.0.11_10\bin\server;C:\Users\ey669\AppData\Roaming\Cursor\User\globalStorage\redhat.java\1.55.0\config_win\org.eclipse.equinox.launcher\org.eclipse.equinox.launcher.win32.win32.x86_64_1.3.100.v20260613-0559;C:\Users\ey669\AppData\Local\Temp\jna-96933957

VM Arguments:
jvm_args: --add-modules=ALL-SYSTEM --add-opens=java.base/java.util=ALL-UNNAMED --add-opens=java.base/java.lang=ALL-UNNAMED --add-opens=java.base/sun.nio.fs=ALL-UNNAMED -Declipse.application=org.eclipse.jdt.ls.core.id1 -Dosgi.bundles.defaultStartLevel=4 -Declipse.product=org.eclipse.jdt.ls.core.product -Djava.import.generatesMetadataFilesAtProjectRoot=false -DDetectVMInstallationsJob.disabled=true -Dfile.encoding=utf8 -XX:+UseParallelGC -XX:GCTimeRatio=4 -XX:AdaptiveSizePolicyWeight=90 -Dsun.zip.disableMemoryMapping=true -Xmx2G -Xms100m -Xlog:disable -javaagent:c:\Users\ey669\.cursor\extensions\redhat.java-1.55.0-win32-x64\lombok\lombok-1.18.39-4050.jar -XX:+HeapDumpOnOutOfMemoryError -XX:HeapDumpPath=c:\Users\ey669\AppData\Roaming\Cursor\User\workspaceStorage\fe64c8470bcab7440b311695d50dbcfc\redhat.java -Daether.dependencyCollector.impl=bf 
java_command: c:\Users\ey669\.cursor\extensions\redhat.java-1.55.0-win32-x64\server\plugins\org.eclipse.equinox.launcher_1.7.200.v20260619-2039.jar -configuration c:\Users\ey669\AppData\Roaming\Cursor\User\globalStorage\redhat.java\1.55.0\config_win -data c:\Users\ey669\AppData\Roaming\Cursor\User\workspaceStorage\fe64c8470bcab7440b311695d50dbcfc\redhat.java\jdt_ws --pipe=\\.\pipe\lsp-cae1ea0471132d42f8dd4009f88f55d2-sock
java_class_path (initial): c:\Users\ey669\.cursor\extensions\redhat.java-1.55.0-win32-x64\server\plugins\org.eclipse.equinox.launcher_1.7.200.v20260619-2039.jar
Launcher Type: SUN_STANDARD

[Global flags]
    uintx AdaptiveSizePolicyWeight                 = 90                                        {product} {command line}
     intx CICompilerCount                          = 4                                         {product} {ergonomic}
    uintx GCTimeRatio                              = 4                                         {product} {command line}
     bool HeapDumpOnOutOfMemoryError               = true                                   {manageable} {command line}
    ccstr HeapDumpPath                             = c:\Users\ey669\AppData\Roaming\Cursor\User\workspaceStorage\fe64c8470bcab7440b311695d50dbcfc\redhat.java         {manageable} {command line}
   size_t InitialHeapSize                          = 104857600                                 {product} {command line}
   size_t MaxHeapSize                              = 2147483648                                {product} {command line}
   size_t MaxNewSize                               = 715653120                                 {product} {ergonomic}
   size_t MinHeapDeltaBytes                        = 524288                                    {product} {ergonomic}
   size_t MinHeapSize                              = 104857600                                 {product} {command line}
   size_t NewSize                                  = 34603008                                  {product} {ergonomic}
    uintx NonNMethodCodeHeapSize                   = 5839372                                {pd product} {ergonomic}
    uintx NonProfiledCodeHeapSize                  = 122909434                              {pd product} {ergonomic}
   size_t OldSize                                  = 70254592                                  {product} {ergonomic}
    uintx ProfiledCodeHeapSize                     = 122909434                              {pd product} {ergonomic}
    uintx ReservedCodeCacheSize                    = 251658240                              {pd product} {ergonomic}
     bool SegmentedCodeCache                       = true                                      {product} {ergonomic}
   size_t SoftMaxHeapSize                          = 2147483648                             {manageable} {ergonomic}
     bool UseCompressedOops                        = true                           {product lp64_product} {ergonomic}
     bool UseLargePagesIndividualAllocation        = false                                  {pd product} {ergonomic}
     bool UseParallelGC                            = true                                      {product} {command line}

Logging:
Log output configuration:
 #0: stdout all=off uptime,level,tags foldmultilines=false
 #1: stderr all=off uptime,level,tags foldmultilines=false

Release file:
IMPLEMENTOR="Eclipse Adoptium" 
IMPLEMENTOR_VERSION="Temurin-21.0.11+10" 
JAVA_RUNTIME_VERSION="21.0.11+10-LTS" 
JAVA_VERSION="21.0.11" 
JAVA_VERSION_DATE="2026-04-21" 
LIBC="default" 
MODULES="java.base java.compiler java.datatransfer java.xml java.prefs java.desktop java.instrument java.logging java.management java.security.sasl java.naming java.rmi java.management.rmi java.net.http java.scripting java.security.jgss java.transaction.xa java.sql java.sql.rowset java.xml.crypto java.se java.smartcardio jdk.accessibility jdk.internal.jvmstat jdk.attach jdk.charsets jdk.internal.opt jdk.zipfs jdk.compiler jdk.crypto.ec jdk.crypto.cryptoki jdk.crypto.mscapi jdk.dynalink jdk.internal.ed jdk.editpad jdk.hotspot.agent jdk.httpserver jdk.incubator.vector jdk.internal.le jdk.internal.vm.ci jdk.internal.vm.compiler jdk.internal.vm.compiler.management jdk.jartool jdk.javadoc jdk.jcmd jdk.management jdk.management.agent jdk.jconsole jdk.jdeps jdk.jdwp.agent jdk.jdi jdk.jfr jdk.jlink jdk.jpackage jdk.jshell jdk.jsobject jdk.jstatd jdk.localedata jdk.management.jfr jdk.naming.dns jdk.naming.rmi jdk.net jdk.nio.mapmode jdk.random jdk.sctp jdk.security.auth jdk.security.jgss jdk.unsupported jdk.unsupported.desktop jdk.xml.dom" 
OS_ARCH="x86_64" 
OS_NAME="Windows" 
SOURCE=".:git:254494ad7d75" 
BUILD_SOURCE="git:a612825ee82a20ac872d60958c349854c1f29a8e"
BUILD_SOURCE_REPO="https://github.com/adoptium/temurin-build.git"
SOURCE_REPO="https://github.com/adoptium/jdk21u.git"
FULL_VERSION="21.0.11+10-LTS"
SEMANTIC_VERSION="21.0.11+10"
BUILD_INFO="OS: Windows Server 2022 Version: 10.0"
JVM_VARIANT="Hotspot"
JVM_VERSION="21.0.11+10-LTS"
IMAGE_TYPE="JDK"

Environment Variables:
JAVA_HOME=D:\Java\jdks\jdk-21.0.11_10
PATH=D:\Java\jdks\jdk-21.0.11_10\bin;C:\WINDOWS\system32;C:\WINDOWS;C:\WINDOWS\System32\Wbem;C:\WINDOWS\System32\WindowsPowerShell\v1.0\;C:\WINDOWS\System32\OpenSSH\;D:\nvm;D:\nodejs;D:\Git\cmd;D:\微信web开发者工具\dll;C:\Program Files\MySQL\MySQL Server 8.0\bin\;D:\Program Files\Docker\resources\bin;D:\Java\maven\apache-maven-3.9.16\bin;C:\Users\ey669\.cargo\bin;D:\Python312\Scripts\;D:\Python312\;C:\Program Files\MySQL\MySQL Shell 8.0\bin\;C:\Users\ey669\AppData\Local\Microsoft\WindowsApps;D:\Microsoft VS Code\bin;D:\nvm;D:\nodejs;C:\Users\ey669\AppData\Local\Programs\cursor\resources\app\bin;D:\Java\jdks\jdk-21.0.11_10\;C:\Users\ey669\.cargo\bin;
USERNAME=ey669
OS=Windows_NT
PROCESSOR_IDENTIFIER=AMD64 Family 23 Model 104 Stepping 1, AuthenticAMD
TMP=C:\Users\ey669\AppData\Local\Temp
TEMP=C:\Users\ey669\AppData\Local\Temp




Periodic native trim disabled

---------------  S Y S T E M  ---------------

OS:
 Windows 11 , 64 bit Build 26100 (10.0.26100.8875)
OS uptime: 12 days 7:54 hours
Hyper-V role detected

CPU: total 12 (initial active 12) (12 cores per cpu, 2 threads per core) family 23 model 104 stepping 1 microcode 0x8608103, cx8, cmov, fxsr, ht, mmx, 3dnowpref, sse, sse2, sse3, ssse3, sse4a, sse4.1, sse4.2, popcnt, lzcnt, tsc, tscinvbit, avx, avx2, aes, clmul, bmi1, bmi2, adx, sha, fma, vzeroupper, clflush, clflushopt, hv, rdtscp, rdpid, f16c
Processor Information for the first 12 processors :
  Max Mhz: 2100, Current Mhz: 2100, Mhz Limit: 2100

Memory: 4k page, system-wide physical 5989M (269M free)
TotalPageFile size 24421M (AvailPageFile size 11M)
current process WorkingSet (physical memory assigned to process): 318M, peak: 322M
current process commit charge ("private bytes"): 483M, peak: 491M

vm_info: OpenJDK 64-Bit Server VM (21.0.11+10-LTS) for windows-amd64 JRE (21.0.11+10-LTS), built on 2026-04-21T00:00:00Z by "admin" with MS VC++ 17.12 (VS2022)

END.
