#
# There is insufficient memory for the Java Runtime Environment to continue.
# Native memory allocation (malloc) failed to allocate 2070736 bytes. Error detail: Chunk::new
# Possible reasons:
#   The system is out of physical RAM or swap space
#   This process is running with CompressedOops enabled, and the Java Heap may be blocking the growth of the native heap
# Possible solutions:
#   Reduce memory load on the system
#   Increase physical memory or swap space
#   Check if swap backing store is full
#   Decrease Java heap size (-Xmx/-Xms)
#   Decrease number of Java threads
#   Decrease Java thread stack sizes (-Xss)
#   Set larger code cache with -XX:ReservedCodeCacheSize=
#   JVM is running with Unscaled Compressed Oops mode in which the Java heap is
#     placed in the first 4GB address space. The Java Heap base address is the
#     maximum limit for the native heap growth. Please use -XX:HeapBaseMinAddress
#     to set the Java Heap base and to place the Java Heap above 4GB virtual address.
# This output file may be truncated or incomplete.
#
#  Out of Memory Error (arena.cpp:168), pid=3580, tid=21960
#
# JRE version: OpenJDK Runtime Environment Temurin-21.0.11+10 (21.0.11+10) (build 21.0.11+10-LTS)
# Java VM: OpenJDK 64-Bit Server VM Temurin-21.0.11+10 (21.0.11+10-LTS, mixed mode, sharing, tiered, compressed oops, compressed class ptrs, parallel gc, windows-amd64)
# No core dump will be written. Minidumps are not enabled by default on client versions of Windows
#

---------------  S U M M A R Y ------------

Command Line: --add-modules=ALL-SYSTEM --add-opens=java.base/java.util=ALL-UNNAMED --add-opens=java.base/java.lang=ALL-UNNAMED --add-opens=java.base/sun.nio.fs=ALL-UNNAMED -Declipse.application=org.eclipse.jdt.ls.core.id1 -Dosgi.bundles.defaultStartLevel=4 -Declipse.product=org.eclipse.jdt.ls.core.product -Djava.import.generatesMetadataFilesAtProjectRoot=false -DDetectVMInstallationsJob.disabled=true -Dfile.encoding=utf8 -XX:+UseParallelGC -XX:GCTimeRatio=4 -XX:AdaptiveSizePolicyWeight=90 -Dsun.zip.disableMemoryMapping=true -Xmx2G -Xms100m -Xlog:disable -javaagent:c:\Users\ey669\.cursor\extensions\redhat.java-1.55.0-win32-x64\lombok\lombok-1.18.39-4050.jar -XX:+HeapDumpOnOutOfMemoryError -XX:HeapDumpPath=c:\Users\ey669\AppData\Roaming\Cursor\User\workspaceStorage\fe64c8470bcab7440b311695d50dbcfc\redhat.java -Daether.dependencyCollector.impl=bf c:\Users\ey669\.cursor\extensions\redhat.java-1.55.0-win32-x64\server\plugins\org.eclipse.equinox.launcher_1.7.200.v20260619-2039.jar -configuration c:\Users\ey669\AppData\Roaming\Cursor\User\globalStorage\redhat.java\1.55.0\config_win -data c:\Users\ey669\AppData\Roaming\Cursor\User\workspaceStorage\fe64c8470bcab7440b311695d50dbcfc\redhat.java\jdt_ws --pipe=\\.\pipe\lsp-70e304ed39d5c00b46742c421d3e554b-sock

Host: AMD Ryzen 5 5500U with Radeon Graphics         , 12 cores, 5G,  Windows 11 , 64 bit Build 26100 (10.0.26100.8875)
Time: Fri Aug  7 14:22:27 2026 elapsed time: 72.795912 seconds (0d 0h 1m 12s)

---------------  T H R E A D  ---------------

Current thread (0x00000278ea9363f0):  JavaThread "C2 CompilerThread0" daemon [_thread_in_native, id=21960, stack(0x0000008488800000,0x0000008488900000) (1024K)]


Current CompileTask:
C2:72796 17680 % !   4       org.eclipse.jdt.internal.core.JarPackageFragmentRoot::computeChildren @ 139 (523 bytes)

Stack: [0x0000008488800000,0x0000008488900000]
Native frames: (J=compiled Java code, j=interpreted, Vv=VM code, C=native code)
V  [jvm.dll+0x6d7e19]
V  [jvm.dll+0x8b5096]
V  [jvm.dll+0x8b764e]
V  [jvm.dll+0x8b7d33]
V  [jvm.dll+0x284596]
V  [jvm.dll+0xc685d]
V  [jvm.dll+0xc6da1]
V  [jvm.dll+0x3bed31]
V  [jvm.dll+0x38b2b2]
V  [jvm.dll+0x38a6fa]
V  [jvm.dll+0x24c700]
V  [jvm.dll+0x24bce0]
V  [jvm.dll+0x1cb4ae]
V  [jvm.dll+0x25baad]
V  [jvm.dll+0x25a03a]
V  [jvm.dll+0x3f868e]
V  [jvm.dll+0x85fb0d]
V  [jvm.dll+0x6d664d]
C  [ucrtbase.dll+0x2cd30]
C  [KERNEL32.DLL+0x2e957]
C  [ntdll.dll+0xaad6c]


---------------  P R O C E S S  ---------------

Threads class SMR info:
_java_thread_list=0x00000278d7952680, length=98, elements={
0x00000278ea8839c0, 0x00000278ea927fa0, 0x00000278ea92d770, 0x00000278ea930730,
0x00000278ea931390, 0x00000278f941ae90, 0x00000278fa8b2740, 0x00000278ea9363f0,
0x00000278ea93c480, 0x00000278faabd030, 0x00000278fabebb90, 0x00000278d449aa40,
0x00000278d46e36e0, 0x00000278d4383510, 0x00000278d4381870, 0x00000278d4c46900,
0x00000278d4cc8810, 0x00000278d4756770, 0x00000278d45c3940, 0x00000278d45c3fd0,
0x00000278d45c2c20, 0x00000278d45c4660, 0x00000278d45c2590, 0x00000278d45c4cf0,
0x00000278d45c5a10, 0x00000278d733ede0, 0x00000278d733e0c0, 0x00000278d7341bd0,
0x00000278d7341540, 0x00000278d733fb00, 0x00000278d733f470, 0x00000278d7340190,
0x00000278d733e750, 0x00000278d7343ca0, 0x00000278d7343610, 0x00000278d7342260,
0x00000278d7340820, 0x00000278d73428f0, 0x00000278d7344330, 0x00000278d7340eb0,
0x00000278d7342f80, 0x00000278d73449c0, 0x00000278d7345050, 0x00000278d7346760,
0x00000278d73460d0, 0x00000278d73481a0, 0x00000278d734a270, 0x00000278d7349550,
0x00000278d7348ec0, 0x00000278d7349be0, 0x00000278d734a900, 0x00000278d7347480,
0x00000278d734af90, 0x00000278d734c9d0, 0x00000278d734b620, 0x00000278d734bcb0,
0x00000278d734c340, 0x00000278d734d060, 0x00000278d734d6f0, 0x00000278d45c32b0,
0x00000278d6538130, 0x00000278d65366f0, 0x00000278d6537410, 0x00000278d6537aa0,
0x00000278d65387c0, 0x00000278d6538e50, 0x00000278d6536d80, 0x00000278d653a890,
0x00000278d653cff0, 0x00000278d653b5b0, 0x00000278d6539b70, 0x00000278d653af20,
0x00000278d653c960, 0x00000278d653c2d0, 0x00000278d653d680, 0x00000278d653bc40,
0x00000278d653a200, 0x00000278d67e1200, 0x00000278d79bd160, 0x00000278d67de410,
0x00000278d67ddd80, 0x00000278d67e4680, 0x00000278d67e1890, 0x00000278d67e1f20,
0x00000278d67e2c40, 0x00000278d67e3ff0, 0x00000278d67e32d0, 0x00000278d67e3960,
0x00000278d7348830, 0x00000278e134c8f0, 0x00000278e134cf80, 0x00000278e134aeb0,
0x00000278e134b540, 0x00000278e134bbd0, 0x00000278e134d610, 0x00000278e134dca0,
0x00000278e134a820, 0x00000278e134f6e0
}

Java Threads: ( => current thread )
  0x00000278ea8839c0 JavaThread "main"                              [_thread_blocked, id=1020, stack(0x0000008487e00000,0x0000008487f00000) (1024K)]
  0x00000278ea927fa0 JavaThread "Reference Handler"          daemon [_thread_blocked, id=6392, stack(0x0000008488200000,0x0000008488300000) (1024K)]
  0x00000278ea92d770 JavaThread "Finalizer"                  daemon [_thread_blocked, id=28740, stack(0x0000008488300000,0x0000008488400000) (1024K)]
  0x00000278ea930730 JavaThread "Signal Dispatcher"          daemon [_thread_blocked, id=33336, stack(0x0000008488400000,0x0000008488500000) (1024K)]
  0x00000278ea931390 JavaThread "Attach Listener"            daemon [_thread_blocked, id=15604, stack(0x0000008488500000,0x0000008488600000) (1024K)]
  0x00000278f941ae90 JavaThread "Service Thread"             daemon [_thread_blocked, id=33680, stack(0x0000008488600000,0x0000008488700000) (1024K)]
  0x00000278fa8b2740 JavaThread "Monitor Deflation Thread"   daemon [_thread_blocked, id=1220, stack(0x0000008488700000,0x0000008488800000) (1024K)]
=>0x00000278ea9363f0 JavaThread "C2 CompilerThread0"         daemon [_thread_in_native, id=21960, stack(0x0000008488800000,0x0000008488900000) (1024K)]
  0x00000278ea93c480 JavaThread "C1 CompilerThread0"         daemon [_thread_in_vm, id=10584, stack(0x0000008488900000,0x0000008488a00000) (1024K)]
  0x00000278faabd030 JavaThread "Common-Cleaner"             daemon [_thread_blocked, id=20348, stack(0x0000008488a00000,0x0000008488b00000) (1024K)]
  0x00000278fabebb90 JavaThread "Notification Thread"        daemon [_thread_blocked, id=31140, stack(0x0000008488b00000,0x0000008488c00000) (1024K)]
  0x00000278d449aa40 JavaThread "Active Thread: Equinox Container: 7243b0bc-8618-4cfa-a95d-ce7684288e85"        [_thread_blocked, id=18884, stack(0x0000008489200000,0x0000008489300000) (1024K)]
  0x00000278d46e36e0 JavaThread "Refresh Thread: Equinox Container: 7243b0bc-8618-4cfa-a95d-ce7684288e85" daemon [_thread_blocked, id=26484, stack(0x0000008489400000,0x0000008489500000) (1024K)]
  0x00000278d4383510 JavaThread "Framework Event Dispatcher: Equinox Container: 7243b0bc-8618-4cfa-a95d-ce7684288e85" daemon [_thread_blocked, id=4676, stack(0x0000008489500000,0x0000008489600000) (1024K)]
  0x00000278d4381870 JavaThread "Start Level: Equinox Container: 7243b0bc-8618-4cfa-a95d-ce7684288e85" daemon [_thread_blocked, id=30032, stack(0x0000008489600000,0x0000008489700000) (1024K)]
  0x00000278d4c46900 JavaThread "Bundle File Closer"         daemon [_thread_blocked, id=30080, stack(0x0000008489900000,0x0000008489a00000) (1024K)]
  0x00000278d4cc8810 JavaThread "SCR Component Actor"        daemon [_thread_blocked, id=9540, stack(0x0000008489a00000,0x0000008489b00000) (1024K)]
  0x00000278d4756770 JavaThread "Worker-JM"                         [_thread_blocked, id=16696, stack(0x0000008489b00000,0x0000008489c00000) (1024K)]
  0x00000278d45c3940 JavaThread "JNA Cleaner"                daemon [_thread_blocked, id=15844, stack(0x0000008489c00000,0x0000008489d00000) (1024K)]
  0x00000278d45c3fd0 JavaThread "Worker-0"                          [_thread_blocked, id=30028, stack(0x0000008489d00000,0x0000008489e00000) (1024K)]
  0x00000278d45c2c20 JavaThread "Worker-1: Publish Diagnostics"        [_thread_in_vm, id=18828, stack(0x0000008489e00000,0x0000008489f00000) (1024K)]
  0x00000278d45c4660 JavaThread "Worker-2: Initialize workspace"        [_thread_in_native, id=21700, stack(0x0000008489f00000,0x000000848a000000) (1024K)]
  0x00000278d45c2590 JavaThread "Java indexing"              daemon [_thread_blocked, id=10216, stack(0x000000848a000000,0x000000848a100000) (1024K)]
  0x00000278d45c4cf0 JavaThread "Worker-3"                          [_thread_blocked, id=12012, stack(0x000000848a100000,0x000000848a200000) (1024K)]
  0x00000278d45c5a10 JavaThread "Worker-4"                          [_thread_blocked, id=7124, stack(0x000000848a200000,0x000000848a300000) (1024K)]
  0x00000278d733ede0 JavaThread "Worker-5"                          [_thread_blocked, id=28256, stack(0x000000848a500000,0x000000848a600000) (1024K)]
  0x00000278d733e0c0 JavaThread "Worker-6: Send Classpath Notifications"        [_thread_blocked, id=22092, stack(0x000000848a600000,0x000000848a700000) (1024K)]
  0x00000278d7341bd0 JavaThread "Thread-1"                   daemon [_thread_in_native, id=28300, stack(0x000000848a700000,0x000000848a800000) (1024K)]
  0x00000278d7341540 JavaThread "Thread-2"                   daemon [_thread_in_native, id=33764, stack(0x000000848a800000,0x000000848a900000) (1024K)]
  0x00000278d733fb00 JavaThread "Thread-3"                   daemon [_thread_in_native, id=24144, stack(0x000000848a900000,0x000000848aa00000) (1024K)]
  0x00000278d733f470 JavaThread "Thread-4"                   daemon [_thread_in_native, id=6576, stack(0x000000848aa00000,0x000000848ab00000) (1024K)]
  0x00000278d7340190 JavaThread "Thread-5"                   daemon [_thread_in_native, id=32672, stack(0x000000848ab00000,0x000000848ac00000) (1024K)]
  0x00000278d733e750 JavaThread "Thread-6"                   daemon [_thread_in_native, id=29928, stack(0x000000848ac00000,0x000000848ad00000) (1024K)]
  0x00000278d7343ca0 JavaThread "Thread-7"                   daemon [_thread_in_native, id=30396, stack(0x000000848ad00000,0x000000848ae00000) (1024K)]
  0x00000278d7343610 JavaThread "Thread-8"                   daemon [_thread_in_native, id=29540, stack(0x000000848ae00000,0x000000848af00000) (1024K)]
  0x00000278d7342260 JavaThread "Thread-9"                   daemon [_thread_in_native, id=22384, stack(0x000000848af00000,0x000000848b000000) (1024K)]
  0x00000278d7340820 JavaThread "Thread-10"                  daemon [_thread_in_native, id=14024, stack(0x000000848b000000,0x000000848b100000) (1024K)]
  0x00000278d73428f0 JavaThread "Thread-11"                  daemon [_thread_in_native, id=18360, stack(0x000000848b100000,0x000000848b200000) (1024K)]
  0x00000278d7344330 JavaThread "Thread-12"                  daemon [_thread_in_native, id=18340, stack(0x000000848b200000,0x000000848b300000) (1024K)]
  0x00000278d7340eb0 JavaThread "Thread-13"                  daemon [_thread_in_native, id=18236, stack(0x000000848b300000,0x000000848b400000) (1024K)]
  0x00000278d7342f80 JavaThread "pool-2-thread-1"                   [_thread_blocked, id=26496, stack(0x000000848b400000,0x000000848b500000) (1024K)]
  0x00000278d73449c0 JavaThread "WorkspaceEventsHandler"            [_thread_blocked, id=12384, stack(0x000000848b600000,0x000000848b700000) (1024K)]
  0x00000278d7345050 JavaThread "pool-1-thread-1"                   [_thread_blocked, id=21348, stack(0x000000848b700000,0x000000848b800000) (1024K)]
  0x00000278d7346760 JavaThread "Worker-7"                          [_thread_blocked, id=7836, stack(0x000000848b800000,0x000000848b900000) (1024K)]
  0x00000278d73460d0 JavaThread "LocalFile Deleter"          daemon [_thread_blocked, id=30536, stack(0x000000848bb00000,0x000000848bc00000) (1024K)]
  0x00000278d73481a0 JavaThread "LocalFile Deleter"          daemon [_thread_blocked, id=10076, stack(0x000000848bc00000,0x000000848bd00000) (1024K)]
  0x00000278d734a270 JavaThread "LocalFile Deleter"          daemon [_thread_blocked, id=12324, stack(0x000000848bd00000,0x000000848be00000) (1024K)]
  0x00000278d7349550 JavaThread "LocalFile Deleter"          daemon [_thread_blocked, id=4996, stack(0x000000848be00000,0x000000848bf00000) (1024K)]
  0x00000278d7348ec0 JavaThread "LocalFile Deleter"          daemon [_thread_blocked, id=27684, stack(0x000000848bf00000,0x000000848c000000) (1024K)]
  0x00000278d7349be0 JavaThread "LocalFile Deleter"          daemon [_thread_blocked, id=28184, stack(0x000000848c000000,0x000000848c100000) (1024K)]
  0x00000278d734a900 JavaThread "LocalFile Deleter"          daemon [_thread_blocked, id=28812, stack(0x000000848c100000,0x000000848c200000) (1024K)]
  0x00000278d7347480 JavaThread "LocalFile Deleter"          daemon [_thread_blocked, id=27664, stack(0x000000848c200000,0x000000848c300000) (1024K)]
  0x00000278d734af90 JavaThread "LocalFile Deleter"          daemon [_thread_blocked, id=20004, stack(0x000000848c300000,0x000000848c400000) (1024K)]
  0x00000278d734c9d0 JavaThread "LocalFile Deleter"          daemon [_thread_blocked, id=20680, stack(0x000000848c400000,0x000000848c500000) (1024K)]
  0x00000278d734b620 JavaThread "LocalFile Deleter"          daemon [_thread_blocked, id=18412, stack(0x000000848c500000,0x000000848c600000) (1024K)]
  0x00000278d734bcb0 JavaThread "LocalFile Deleter"          daemon [_thread_blocked, id=22408, stack(0x000000848c600000,0x000000848c700000) (1024K)]
  0x00000278d734c340 JavaThread "Compiler Source File Reader" daemon [_thread_blocked, id=27296, stack(0x000000848c700000,0x000000848c800000) (1024K)]
  0x00000278d734d060 JavaThread "Compiler Source File Reader" daemon [_thread_blocked, id=1272, stack(0x000000848c800000,0x000000848c900000) (1024K)]
  0x00000278d734d6f0 JavaThread "Compiler Source File Reader" daemon [_thread_blocked, id=25292, stack(0x000000848c900000,0x000000848ca00000) (1024K)]
  0x00000278d45c32b0 JavaThread "Compiler Source File Reader" daemon [_thread_blocked, id=18436, stack(0x000000848ca00000,0x000000848cb00000) (1024K)]
  0x00000278d6538130 JavaThread "Compiler Source File Reader" daemon [_thread_blocked, id=26416, stack(0x000000848cb00000,0x000000848cc00000) (1024K)]
  0x00000278d65366f0 JavaThread "Compiler Source File Reader" daemon [_thread_blocked, id=29736, stack(0x000000848cc00000,0x000000848cd00000) (1024K)]
  0x00000278d6537410 JavaThread "Compiler Source File Reader" daemon [_thread_blocked, id=26960, stack(0x000000848cd00000,0x000000848ce00000) (1024K)]
  0x00000278d6537aa0 JavaThread "Compiler Source File Reader" daemon [_thread_blocked, id=22352, stack(0x000000848ce00000,0x000000848cf00000) (1024K)]
  0x00000278d65387c0 JavaThread "Compiler Source File Reader" daemon [_thread_blocked, id=30292, stack(0x000000848cf00000,0x000000848d000000) (1024K)]
  0x00000278d6538e50 JavaThread "Compiler Source File Reader" daemon [_thread_blocked, id=29424, stack(0x000000848d000000,0x000000848d100000) (1024K)]
  0x00000278d6536d80 JavaThread "Compiler Processing Task"   daemon [_thread_blocked, id=28344, stack(0x000000848d100000,0x000000848d200000) (1024K)]
  0x00000278d653a890 JavaThread "Compiler Class File Writer" daemon [_thread_blocked, id=20216, stack(0x000000848d200000,0x000000848d300000) (1024K)]
  0x00000278d653cff0 JavaThread "Compiler Class File Writer" daemon [_thread_blocked, id=23488, stack(0x000000848d300000,0x000000848d400000) (1024K)]
  0x00000278d653b5b0 JavaThread "Compiler Class File Writer" daemon [_thread_blocked, id=22556, stack(0x000000848d400000,0x000000848d500000) (1024K)]
  0x00000278d6539b70 JavaThread "Compiler Class File Writer" daemon [_thread_blocked, id=11900, stack(0x000000848d500000,0x000000848d600000) (1024K)]
  0x00000278d653af20 JavaThread "Compiler Class File Writer" daemon [_thread_blocked, id=31224, stack(0x000000848d600000,0x000000848d700000) (1024K)]
  0x00000278d653c960 JavaThread "Compiler Class File Writer" daemon [_thread_blocked, id=31780, stack(0x000000848d700000,0x000000848d800000) (1024K)]
  0x00000278d653c2d0 JavaThread "Compiler Class File Writer" daemon [_thread_blocked, id=28152, stack(0x000000848d800000,0x000000848d900000) (1024K)]
  0x00000278d653d680 JavaThread "Compiler Class File Writer" daemon [_thread_blocked, id=27804, stack(0x000000848d900000,0x000000848da00000) (1024K)]
  0x00000278d653bc40 JavaThread "Compiler Class File Writer" daemon [_thread_blocked, id=33296, stack(0x000000848da00000,0x000000848db00000) (1024K)]
  0x00000278d653a200 JavaThread "Compiler Class File Writer" daemon [_thread_blocked, id=19552, stack(0x000000848db00000,0x000000848dc00000) (1024K)]
  0x00000278d67e1200 JavaThread "ForkJoinPool.commonPool-worker-1" daemon [_thread_in_Java, id=33008, stack(0x0000008487b00000,0x0000008487c00000) (1024K)]
  0x00000278d79bd160 JavaThread "C2 CompilerThread1"         daemon [_thread_in_native, id=30424, stack(0x0000008487c00000,0x0000008487d00000) (1024K)]
  0x00000278d67de410 JavaThread "ForkJoinPool.commonPool-worker-2" daemon [_thread_blocked, id=30728, stack(0x0000008487d00000,0x0000008487e00000) (1024K)]
  0x00000278d67ddd80 JavaThread "ForkJoinPool.commonPool-worker-3" daemon [_thread_in_native, id=32812, stack(0x000000848b900000,0x000000848ba00000) (1024K)]
  0x00000278d67e4680 JavaThread "ForkJoinPool.commonPool-worker-4" daemon [_thread_blocked, id=26856, stack(0x000000848ba00000,0x000000848bb00000) (1024K)]
  0x00000278d67e1890 JavaThread "ForkJoinPool.commonPool-worker-5" daemon [_thread_in_Java, id=18816, stack(0x000000848dc00000,0x000000848dd00000) (1024K)]
  0x00000278d67e1f20 JavaThread "ForkJoinPool.commonPool-worker-6" daemon [_thread_blocked, id=28140, stack(0x000000848dd00000,0x000000848de00000) (1024K)]
  0x00000278d67e2c40 JavaThread "ForkJoinPool.commonPool-worker-7" daemon [_thread_blocked, id=25284, stack(0x000000848de00000,0x000000848df00000) (1024K)]
  0x00000278d67e3ff0 JavaThread "ForkJoinPool.commonPool-worker-8" daemon [_thread_in_Java, id=14840, stack(0x000000848df00000,0x000000848e000000) (1024K)]
  0x00000278d67e32d0 JavaThread "PatternSearchJob-worker-1"  daemon [_thread_blocked, id=19636, stack(0x000000848e000000,0x000000848e100000) (1024K)]
  0x00000278d67e3960 JavaThread "PatternSearchJob-worker-2"  daemon [_thread_blocked, id=14748, stack(0x000000848e100000,0x000000848e200000) (1024K)]
  0x00000278d7348830 JavaThread "PatternSearchJob-worker-3"  daemon [_thread_blocked, id=22484, stack(0x000000848e200000,0x000000848e300000) (1024K)]
  0x00000278e134c8f0 JavaThread "PatternSearchJob-worker-4"  daemon [_thread_blocked, id=16652, stack(0x000000848e300000,0x000000848e400000) (1024K)]
  0x00000278e134cf80 JavaThread "PatternSearchJob-worker-5"  daemon [_thread_blocked, id=24644, stack(0x000000848e400000,0x000000848e500000) (1024K)]
  0x00000278e134aeb0 JavaThread "PatternSearchJob-worker-6"  daemon [_thread_blocked, id=23608, stack(0x000000848e500000,0x000000848e600000) (1024K)]
  0x00000278e134b540 JavaThread "PatternSearchJob-worker-8"  daemon [_thread_blocked, id=25844, stack(0x000000848e600000,0x000000848e700000) (1024K)]
  0x00000278e134bbd0 JavaThread "PatternSearchJob-worker-7"  daemon [_thread_blocked, id=8436, stack(0x000000848e700000,0x000000848e800000) (1024K)]
  0x00000278e134d610 JavaThread "PatternSearchJob-worker-9"  daemon [_thread_blocked, id=20088, stack(0x000000848e800000,0x000000848e900000) (1024K)]
  0x00000278e134dca0 JavaThread "PatternSearchJob-worker-10" daemon [_thread_blocked, id=22632, stack(0x000000848e900000,0x000000848ea00000) (1024K)]
  0x00000278e134a820 JavaThread "PatternSearchJob-worker-11" daemon [_thread_blocked, id=23008, stack(0x000000848ea00000,0x000000848eb00000) (1024K)]
  0x00000278e134f6e0 JavaThread "ForkJoinPool.commonPool-worker-9" daemon [_thread_blocked, id=30480, stack(0x000000848eb00000,0x000000848ec00000) (1024K)]
Total: 98

Other Threads:
  0x00000278f9404560 VMThread "VM Thread"                           [id=5660, stack(0x0000008488100000,0x0000008488200000) (1024K)]
  0x00000278f92fca00 WatcherThread "VM Periodic Task Thread"        [id=28016, stack(0x0000008488000000,0x0000008488100000) (1024K)]
  0x00000278ea8a23f0 WorkerThread "GC Thread#0"                     [id=28468, stack(0x0000008487f00000,0x0000008488000000) (1024K)]
  0x00000278d4110690 WorkerThread "GC Thread#1"                     [id=15848, stack(0x0000008488c00000,0x0000008488d00000) (1024K)]
  0x00000278d4419b70 WorkerThread "GC Thread#2"                     [id=22240, stack(0x0000008488d00000,0x0000008488e00000) (1024K)]
  0x00000278d4098fa0 WorkerThread "GC Thread#3"                     [id=17240, stack(0x0000008488e00000,0x0000008488f00000) (1024K)]
  0x00000278d4099350 WorkerThread "GC Thread#4"                     [id=26228, stack(0x0000008488f00000,0x0000008489000000) (1024K)]
  0x00000278d422b4b0 WorkerThread "GC Thread#5"                     [id=5116, stack(0x0000008489000000,0x0000008489100000) (1024K)]
  0x00000278d422b860 WorkerThread "GC Thread#6"                     [id=29992, stack(0x0000008489100000,0x0000008489200000) (1024K)]
  0x00000278d446daf0 WorkerThread "GC Thread#7"                     [id=32660, stack(0x0000008489300000,0x0000008489400000) (1024K)]
  0x00000278d446d740 WorkerThread "GC Thread#8"                     [id=372, stack(0x0000008489700000,0x0000008489800000) (1024K)]
  0x00000278d446dea0 WorkerThread "GC Thread#9"                     [id=31092, stack(0x0000008489800000,0x0000008489900000) (1024K)]
Total: 12

Threads with active compile tasks:
C2 CompilerThread0  72928 17680 % !   4       org.eclipse.jdt.internal.core.JarPackageFragmentRoot::computeChildren @ 139 (523 bytes)
C1 CompilerThread0  72929 17855       2       org.eclipse.jdt.internal.core.SearchableEnvironment$$Lambda/0x0000027890832768::apply (12 bytes)
C2 CompilerThread1  72929 17782       4       org.eclipse.jdt.internal.core.JavaModelCache::getInfo (156 bytes)
Total: 3

VM state: not at safepoint (normal execution)

VM Mutex/Monitor currently owned by a thread: None

Heap address: 0x0000000080000000, size: 2048 MB, Compressed Oops mode: 32-bit

CDS archive(s) mapped at: [0x000002788f000000-0x000002788fc80000-0x000002788fc80000), size 13107200, SharedBaseAddress: 0x000002788f000000, ArchiveRelocationMode: 1.
Compressed class space mapped at: 0x0000027890000000-0x00000278d0000000, reserved size: 1073741824
Narrow klass base: 0x000002788f000000, Narrow klass shift: 0, Narrow klass range: 0x100000000

GC Precious Log:
 CardTable entry size: 512
 CPUs: 12 total, 12 available
 Memory: 5989M
 Large Page Support: Disabled
 NUMA Support: Disabled
 Compressed Oops: Enabled (32-bit)
 Alignments: Space 512K, Generation 512K, Heap 2M
 Heap Min Capacity: 100M
 Heap Initial Capacity: 100M
 Heap Max Capacity: 2G
 Pre-touch: Disabled
 Parallel Workers: 10

Heap:
 PSYoungGen      total 13312K, used 9640K [0x00000000d5580000, 0x00000000d6400000, 0x0000000100000000)
  eden space 11776K, 72% used [0x00000000d5580000,0x00000000d5de2280,0x00000000d6100000)
  from space 1536K, 68% used [0x00000000d6280000,0x00000000d6388060,0x00000000d6400000)
  to   space 1536K, 0% used [0x00000000d6100000,0x00000000d6100000,0x00000000d6280000)
 ParOldGen       total 313856K, used 92442K [0x0000000080000000, 0x0000000093280000, 0x00000000d5580000)
  object space 313856K, 29% used [0x0000000080000000,0x0000000085a46b78,0x0000000093280000)
 Metaspace       used 75217K, committed 76800K, reserved 1179648K
  class space    used 7672K, committed 8384K, reserved 1048576K

Card table byte_map: [0x00000278f4730000,0x00000278f4b40000] _byte_map_base: 0x00000278f4330000

Marking Bits: (ParMarkBitMap*) 0x00007fffc7dd4460
 Begin Bits: [0x00000278f4df0000, 0x00000278f6df0000)
 End Bits:   [0x00000278f6df0000, 0x00000278f8df0000)

Polling page: 0x00000278ea520000

Metaspace:

Usage:
  Non-class:     65.97 MB used.
      Class:      7.49 MB used.
       Both:     73.46 MB used.

Virtual space:
  Non-class space:      128.00 MB reserved,      66.81 MB ( 52%) committed,  2 nodes.
      Class space:        1.00 GB reserved,       8.19 MB ( <1%) committed,  1 nodes.
             Both:        1.12 GB reserved,      75.00 MB (  7%) committed. 

Chunk freelists:
   Non-Class:  12.77 MB
       Class:  7.77 MB
        Both:  20.53 MB

MaxMetaspaceSize: unlimited
CompressedClassSpaceSize: 1.00 GB
Initial GC threshold: 21.00 MB
Current GC threshold: 124.94 MB
CDS: on
 - commit_granule_bytes: 65536.
 - commit_granule_words: 8192.
 - virtual_space_node_default_size: 8388608.
 - enlarge_chunks_in_place: 1.
 - use_allocation_guard: 0.


Internal statistics:

num_allocs_failed_limit: 9.
num_arena_births: 1410.
num_arena_deaths: 20.
num_vsnodes_births: 3.
num_vsnodes_deaths: 0.
num_space_committed: 1200.
num_space_uncommitted: 0.
num_chunks_returned_to_freelist: 32.
num_chunks_taken_from_freelist: 4956.
num_chunk_merges: 12.
num_chunk_splits: 2928.
num_chunks_enlarged: 1503.
num_inconsistent_stats: 0.

CodeHeap 'non-profiled nmethods': size=120000Kb used=9219Kb max_used=9511Kb free=110780Kb
 bounds [0x0000027887ad0000, 0x0000027888420000, 0x000002788f000000]
CodeHeap 'profiled nmethods': size=120000Kb used=36892Kb max_used=38592Kb free=83108Kb
 bounds [0x0000027880000000, 0x00000278825e0000, 0x0000027887530000]
CodeHeap 'non-nmethods': size=5760Kb used=1495Kb max_used=1543Kb free=4264Kb
 bounds [0x0000027887530000, 0x00000278877a0000, 0x0000027887ad0000]
CodeCache: size=245760Kb, used=47606Kb, max_used=49646Kb, free=198152Kb
 total_blobs=16976, nmethods=16161, adapters=718, full_count=0
Compilation: enabled, stopped_count=0, restarted_count=0

Compilation events (20 events):
Event: 71.763 Thread 0x00000278ea93c480 nmethod 17787 0x0000027880019e10 code [0x0000027880019fe0, 0x000002788001a1f8]
Event: 71.763 Thread 0x00000278ea93c480 17789       3       org.eclipse.jdt.internal.core.JarPackageFragmentRoot::equals (55 bytes)
Event: 71.764 Thread 0x00000278ea93c480 nmethod 17789 0x00000278800c4510 code [0x00000278800c4700, 0x00000278800c4c18]
Event: 71.764 Thread 0x00000278ea93c480 17788       2       org.eclipse.jdt.internal.core.util.Util::concatWith (53 bytes)
Event: 71.764 Thread 0x00000278ea93c480 nmethod 17788 0x0000027880016410 code [0x0000027880016600, 0x0000027880016940]
Event: 71.764 Thread 0x00000278ea93c480 17786       2       java.lang.invoke.MethodHandles::insertArguments (98 bytes)
Event: 71.766 Thread 0x00000278ea93c480 nmethod 17786 0x000002788005de90 code [0x000002788005e0c0, 0x000002788005e5c0]
Event: 71.766 Thread 0x00000278ea93c480 17785       2       org.eclipse.jdt.internal.core.util.Util::isExcluded (165 bytes)
Event: 71.767 Thread 0x00000278ea93c480 nmethod 17785 0x00000278800fc390 code [0x00000278800fc6a0, 0x00000278800fd100]
Event: 71.767 Thread 0x00000278ea93c480 17794       3       org.eclipse.jdt.internal.core.util.HashtableOfArrayToObject::hashCode (35 bytes)
Event: 71.768 Thread 0x00000278ea93c480 nmethod 17794 0x0000027880002210 code [0x00000278800023e0, 0x0000027880002720]
Event: 71.768 Thread 0x00000278ea93c480 17796       3       org.eclipse.jdt.internal.core.util.HashtableOfArrayToObject::getKey (66 bytes)
Event: 71.769 Thread 0x00000278ea93c480 nmethod 17796 0x000002788003c290 code [0x000002788003c480, 0x000002788003c828]
Event: 71.769 Thread 0x00000278ea93c480 17797       2       org.eclipse.jdt.internal.compiler.lookup.CompilationUnitScope::resolveImports (309 bytes)
Event: 71.771 Thread 0x00000278ea93c480 nmethod 17797 0x00000278800b1390 code [0x00000278800b1600, 0x00000278800b2170]
Event: 71.772 Thread 0x00000278ea93c480 17795       2       org.eclipse.jdt.internal.core.util.Util::localTypeName (51 bytes)
Event: 71.773 Thread 0x00000278ea93c480 nmethod 17795 0x000002788016ec90 code [0x000002788016ee80, 0x000002788016f310]
Event: 71.773 Thread 0x00000278ea93c480 17792       2       java.util.ImmutableCollections$MapN::containsKey (26 bytes)
Event: 71.774 Thread 0x00000278ea93c480 nmethod 17792 0x0000027880429710 code [0x00000278804298c0, 0x0000027880429ad0]
Event: 71.786 Thread 0x00000278ea93c480 17799       1       org.eclipse.m2e.jdt.internal.ClasspathEntryDescriptor::getSourceAttachmentPath (5 bytes)

GC Heap History (20 events):
Event: 69.885 GC heap before
{Heap before GC invocations=784 (full 3):
 PSYoungGen      total 12288K, used 12096K [0x00000000d5580000, 0x00000000d6280000, 0x0000000100000000)
  eden space 11776K, 100% used [0x00000000d5580000,0x00000000d6100000,0x00000000d6100000)
  from space 512K, 62% used [0x00000000d6200000,0x00000000d6250000,0x00000000d6280000)
  to   space 512K, 0% used [0x00000000d6180000,0x00000000d6180000,0x00000000d6200000)
 ParOldGen       total 311808K, used 311346K [0x0000000080000000, 0x0000000093080000, 0x00000000d5580000)
  object space 311808K, 99% used [0x0000000080000000,0x000000009300c860,0x0000000093080000)
 Metaspace       used 75034K, committed 76672K, reserved 1179648K
  class space    used 7649K, committed 8384K, reserved 1048576K
}
Event: 69.887 GC heap after
{Heap after GC invocations=784 (full 3):
 PSYoungGen      total 12288K, used 378K [0x00000000d5580000, 0x00000000d6280000, 0x0000000100000000)
  eden space 11776K, 0% used [0x00000000d5580000,0x00000000d5580000,0x00000000d6100000)
  from space 512K, 73% used [0x00000000d6180000,0x00000000d61de900,0x00000000d6200000)
  to   space 512K, 0% used [0x00000000d6200000,0x00000000d6200000,0x00000000d6280000)
 ParOldGen       total 311808K, used 311530K [0x0000000080000000, 0x0000000093080000, 0x00000000d5580000)
  object space 311808K, 99% used [0x0000000080000000,0x000000009303a860,0x0000000093080000)
 Metaspace       used 75034K, committed 76672K, reserved 1179648K
  class space    used 7649K, committed 8384K, reserved 1048576K
}
Event: 69.916 GC heap before
{Heap before GC invocations=785 (full 3):
 PSYoungGen      total 12288K, used 12154K [0x00000000d5580000, 0x00000000d6280000, 0x0000000100000000)
  eden space 11776K, 100% used [0x00000000d5580000,0x00000000d6100000,0x00000000d6100000)
  from space 512K, 73% used [0x00000000d6180000,0x00000000d61de900,0x00000000d6200000)
  to   space 512K, 0% used [0x00000000d6200000,0x00000000d6200000,0x00000000d6280000)
 ParOldGen       total 311808K, used 311530K [0x0000000080000000, 0x0000000093080000, 0x00000000d5580000)
  object space 311808K, 99% used [0x0000000080000000,0x000000009303a860,0x0000000093080000)
 Metaspace       used 75034K, committed 76672K, reserved 1179648K
  class space    used 7649K, committed 8384K, reserved 1048576K
}
Event: 69.919 GC heap after
{Heap after GC invocations=785 (full 3):
 PSYoungGen      total 12288K, used 480K [0x00000000d5580000, 0x00000000d6280000, 0x0000000100000000)
  eden space 11776K, 0% used [0x00000000d5580000,0x00000000d5580000,0x00000000d6100000)
  from space 512K, 93% used [0x00000000d6200000,0x00000000d6278000,0x00000000d6280000)
  to   space 512K, 0% used [0x00000000d6180000,0x00000000d6180000,0x00000000d6200000)
 ParOldGen       total 312320K, used 311854K [0x0000000080000000, 0x0000000093100000, 0x00000000d5580000)
  object space 312320K, 99% used [0x0000000080000000,0x000000009308ba60,0x0000000093100000)
 Metaspace       used 75034K, committed 76672K, reserved 1179648K
  class space    used 7649K, committed 8384K, reserved 1048576K
}
Event: 69.938 GC heap before
{Heap before GC invocations=786 (full 3):
 PSYoungGen      total 12288K, used 12256K [0x00000000d5580000, 0x00000000d6280000, 0x0000000100000000)
  eden space 11776K, 100% used [0x00000000d5580000,0x00000000d6100000,0x00000000d6100000)
  from space 512K, 93% used [0x00000000d6200000,0x00000000d6278000,0x00000000d6280000)
  to   space 512K, 0% used [0x00000000d6180000,0x00000000d6180000,0x00000000d6200000)
 ParOldGen       total 312320K, used 311854K [0x0000000080000000, 0x0000000093100000, 0x00000000d5580000)
  object space 312320K, 99% used [0x0000000080000000,0x000000009308ba60,0x0000000093100000)
 Metaspace       used 75034K, committed 76672K, reserved 1179648K
  class space    used 7649K, committed 8384K, reserved 1048576K
}
Event: 69.941 GC heap after
{Heap after GC invocations=786 (full 3):
 PSYoungGen      total 12288K, used 256K [0x00000000d5580000, 0x00000000d6280000, 0x0000000100000000)
  eden space 11776K, 0% used [0x00000000d5580000,0x00000000d5580000,0x00000000d6100000)
  from space 512K, 50% used [0x00000000d6180000,0x00000000d61c0000,0x00000000d6200000)
  to   space 512K, 0% used [0x00000000d6200000,0x00000000d6200000,0x00000000d6280000)
 ParOldGen       total 312320K, used 312166K [0x0000000080000000, 0x0000000093100000, 0x00000000d5580000)
  object space 312320K, 99% used [0x0000000080000000,0x00000000930d9a60,0x0000000093100000)
 Metaspace       used 75034K, committed 76672K, reserved 1179648K
  class space    used 7649K, committed 8384K, reserved 1048576K
}
Event: 69.969 GC heap before
{Heap before GC invocations=787 (full 3):
 PSYoungGen      total 12288K, used 12032K [0x00000000d5580000, 0x00000000d6280000, 0x0000000100000000)
  eden space 11776K, 100% used [0x00000000d5580000,0x00000000d6100000,0x00000000d6100000)
  from space 512K, 50% used [0x00000000d6180000,0x00000000d61c0000,0x00000000d6200000)
  to   space 512K, 0% used [0x00000000d6200000,0x00000000d6200000,0x00000000d6280000)
 ParOldGen       total 312320K, used 312166K [0x0000000080000000, 0x0000000093100000, 0x00000000d5580000)
  object space 312320K, 99% used [0x0000000080000000,0x00000000930d9a60,0x0000000093100000)
 Metaspace       used 75036K, committed 76672K, reserved 1179648K
  class space    used 7649K, committed 8384K, reserved 1048576K
}
Event: 69.971 GC heap after
{Heap after GC invocations=787 (full 3):
 PSYoungGen      total 12288K, used 288K [0x00000000d5580000, 0x00000000d6280000, 0x0000000100000000)
  eden space 11776K, 0% used [0x00000000d5580000,0x00000000d5580000,0x00000000d6100000)
  from space 512K, 56% used [0x00000000d6200000,0x00000000d6248000,0x00000000d6280000)
  to   space 512K, 0% used [0x00000000d6180000,0x00000000d6180000,0x00000000d6200000)
 ParOldGen       total 312320K, used 312262K [0x0000000080000000, 0x0000000093100000, 0x00000000d5580000)
  object space 312320K, 99% used [0x0000000080000000,0x00000000930f1a60,0x0000000093100000)
 Metaspace       used 75036K, committed 76672K, reserved 1179648K
  class space    used 7649K, committed 8384K, reserved 1048576K
}
Event: 69.989 GC heap before
{Heap before GC invocations=788 (full 3):
 PSYoungGen      total 12288K, used 12064K [0x00000000d5580000, 0x00000000d6280000, 0x0000000100000000)
  eden space 11776K, 100% used [0x00000000d5580000,0x00000000d6100000,0x00000000d6100000)
  from space 512K, 56% used [0x00000000d6200000,0x00000000d6248000,0x00000000d6280000)
  to   space 512K, 0% used [0x00000000d6180000,0x00000000d6180000,0x00000000d6200000)
 ParOldGen       total 312320K, used 312262K [0x0000000080000000, 0x0000000093100000, 0x00000000d5580000)
  object space 312320K, 99% used [0x0000000080000000,0x00000000930f1a60,0x0000000093100000)
 Metaspace       used 75038K, committed 76672K, reserved 1179648K
  class space    used 7649K, committed 8384K, reserved 1048576K
}
Event: 69.992 GC heap after
{Heap after GC invocations=788 (full 3):
 PSYoungGen      total 12288K, used 192K [0x00000000d5580000, 0x00000000d6280000, 0x0000000100000000)
  eden space 11776K, 0% used [0x00000000d5580000,0x00000000d5580000,0x00000000d6100000)
  from space 512K, 37% used [0x00000000d6180000,0x00000000d61b0000,0x00000000d6200000)
  to   space 512K, 0% used [0x00000000d6200000,0x00000000d6200000,0x00000000d6280000)
 ParOldGen       total 312832K, used 312326K [0x0000000080000000, 0x0000000093180000, 0x00000000d5580000)
  object space 312832K, 99% used [0x0000000080000000,0x0000000093101a60,0x0000000093180000)
 Metaspace       used 75038K, committed 76672K, reserved 1179648K
  class space    used 7649K, committed 8384K, reserved 1048576K
}
Event: 70.024 GC heap before
{Heap before GC invocations=789 (full 3):
 PSYoungGen      total 12288K, used 11968K [0x00000000d5580000, 0x00000000d6280000, 0x0000000100000000)
  eden space 11776K, 100% used [0x00000000d5580000,0x00000000d6100000,0x00000000d6100000)
  from space 512K, 37% used [0x00000000d6180000,0x00000000d61b0000,0x00000000d6200000)
  to   space 512K, 0% used [0x00000000d6200000,0x00000000d6200000,0x00000000d6280000)
 ParOldGen       total 312832K, used 312326K [0x0000000080000000, 0x0000000093180000, 0x00000000d5580000)
  object space 312832K, 99% used [0x0000000080000000,0x0000000093101a60,0x0000000093180000)
 Metaspace       used 75049K, committed 76672K, reserved 1179648K
  class space    used 7649K, committed 8384K, reserved 1048576K
}
Event: 70.028 GC heap after
{Heap after GC invocations=789 (full 3):
 PSYoungGen      total 12288K, used 256K [0x00000000d5580000, 0x00000000d6280000, 0x0000000100000000)
  eden space 11776K, 0% used [0x00000000d5580000,0x00000000d5580000,0x00000000d6100000)
  from space 512K, 50% used [0x00000000d6200000,0x00000000d6240000,0x00000000d6280000)
  to   space 512K, 0% used [0x00000000d6180000,0x00000000d6180000,0x00000000d6200000)
 ParOldGen       total 312832K, used 312414K [0x0000000080000000, 0x0000000093180000, 0x00000000d5580000)
  object space 312832K, 99% used [0x0000000080000000,0x0000000093117a60,0x0000000093180000)
 Metaspace       used 75049K, committed 76672K, reserved 1179648K
  class space    used 7649K, committed 8384K, reserved 1048576K
}
Event: 70.079 GC heap before
{Heap before GC invocations=790 (full 3):
 PSYoungGen      total 12288K, used 12032K [0x00000000d5580000, 0x00000000d6280000, 0x0000000100000000)
  eden space 11776K, 100% used [0x00000000d5580000,0x00000000d6100000,0x00000000d6100000)
  from space 512K, 50% used [0x00000000d6200000,0x00000000d6240000,0x00000000d6280000)
  to   space 512K, 0% used [0x00000000d6180000,0x00000000d6180000,0x00000000d6200000)
 ParOldGen       total 312832K, used 312414K [0x0000000080000000, 0x0000000093180000, 0x00000000d5580000)
  object space 312832K, 99% used [0x0000000080000000,0x0000000093117a60,0x0000000093180000)
 Metaspace       used 75063K, committed 76672K, reserved 1179648K
  class space    used 7649K, committed 8384K, reserved 1048576K
}
Event: 70.082 GC heap after
{Heap after GC invocations=790 (full 3):
 PSYoungGen      total 12288K, used 352K [0x00000000d5580000, 0x00000000d6280000, 0x0000000100000000)
  eden space 11776K, 0% used [0x00000000d5580000,0x00000000d5580000,0x00000000d6100000)
  from space 512K, 68% used [0x00000000d6180000,0x00000000d61d8000,0x00000000d6200000)
  to   space 512K, 0% used [0x00000000d6200000,0x00000000d6200000,0x00000000d6280000)
 ParOldGen       total 312832K, used 312534K [0x0000000080000000, 0x0000000093180000, 0x00000000d5580000)
  object space 312832K, 99% used [0x0000000080000000,0x0000000093135a60,0x0000000093180000)
 Metaspace       used 75063K, committed 76672K, reserved 1179648K
  class space    used 7649K, committed 8384K, reserved 1048576K
}
Event: 70.147 GC heap before
{Heap before GC invocations=791 (full 3):
 PSYoungGen      total 12288K, used 12128K [0x00000000d5580000, 0x00000000d6280000, 0x0000000100000000)
  eden space 11776K, 100% used [0x00000000d5580000,0x00000000d6100000,0x00000000d6100000)
  from space 512K, 68% used [0x00000000d6180000,0x00000000d61d8000,0x00000000d6200000)
  to   space 512K, 0% used [0x00000000d6200000,0x00000000d6200000,0x00000000d6280000)
 ParOldGen       total 312832K, used 312534K [0x0000000080000000, 0x0000000093180000, 0x00000000d5580000)
  object space 312832K, 99% used [0x0000000080000000,0x0000000093135a60,0x0000000093180000)
 Metaspace       used 75064K, committed 76672K, reserved 1179648K
  class space    used 7649K, committed 8384K, reserved 1048576K
}
Event: 70.151 GC heap after
{Heap after GC invocations=791 (full 3):
 PSYoungGen      total 12288K, used 320K [0x00000000d5580000, 0x00000000d6280000, 0x0000000100000000)
  eden space 11776K, 0% used [0x00000000d5580000,0x00000000d5580000,0x00000000d6100000)
  from space 512K, 62% used [0x00000000d6200000,0x00000000d6250000,0x00000000d6280000)
  to   space 512K, 0% used [0x00000000d6180000,0x00000000d6180000,0x00000000d6200000)
 ParOldGen       total 312832K, used 312630K [0x0000000080000000, 0x0000000093180000, 0x00000000d5580000)
  object space 312832K, 99% used [0x0000000080000000,0x000000009314da60,0x0000000093180000)
 Metaspace       used 75064K, committed 76672K, reserved 1179648K
  class space    used 7649K, committed 8384K, reserved 1048576K
}
Event: 70.396 GC heap before
{Heap before GC invocations=792 (full 3):
 PSYoungGen      total 12288K, used 8119K [0x00000000d5580000, 0x00000000d6280000, 0x0000000100000000)
  eden space 11776K, 66% used [0x00000000d5580000,0x00000000d5d1dcf8,0x00000000d6100000)
  from space 512K, 62% used [0x00000000d6200000,0x00000000d6250000,0x00000000d6280000)
  to   space 512K, 0% used [0x00000000d6180000,0x00000000d6180000,0x00000000d6200000)
 ParOldGen       total 312832K, used 312630K [0x0000000080000000, 0x0000000093180000, 0x00000000d5580000)
  object space 312832K, 99% used [0x0000000080000000,0x000000009314da60,0x0000000093180000)
 Metaspace       used 75134K, committed 76736K, reserved 1179648K
  class space    used 7664K, committed 8384K, reserved 1048576K
}
Event: 70.401 GC heap after
{Heap after GC invocations=792 (full 3):
 PSYoungGen      total 12288K, used 496K [0x00000000d5580000, 0x00000000d6400000, 0x0000000100000000)
  eden space 11776K, 0% used [0x00000000d5580000,0x00000000d5580000,0x00000000d6100000)
  from space 512K, 96% used [0x00000000d6180000,0x00000000d61fc010,0x00000000d6200000)
  to   space 1536K, 0% used [0x00000000d6280000,0x00000000d6280000,0x00000000d6400000)
 ParOldGen       total 313856K, used 313406K [0x0000000080000000, 0x0000000093280000, 0x00000000d5580000)
  object space 313856K, 99% used [0x0000000080000000,0x000000009320fa80,0x0000000093280000)
 Metaspace       used 75134K, committed 76736K, reserved 1179648K
  class space    used 7664K, committed 8384K, reserved 1048576K
}
Event: 70.401 GC heap before
{Heap before GC invocations=793 (full 4):
 PSYoungGen      total 12288K, used 496K [0x00000000d5580000, 0x00000000d6400000, 0x0000000100000000)
  eden space 11776K, 0% used [0x00000000d5580000,0x00000000d5580000,0x00000000d6100000)
  from space 512K, 96% used [0x00000000d6180000,0x00000000d61fc010,0x00000000d6200000)
  to   space 1536K, 0% used [0x00000000d6280000,0x00000000d6280000,0x00000000d6400000)
 ParOldGen       total 313856K, used 313406K [0x0000000080000000, 0x0000000093280000, 0x00000000d5580000)
  object space 313856K, 99% used [0x0000000080000000,0x000000009320fa80,0x0000000093280000)
 Metaspace       used 75134K, committed 76736K, reserved 1179648K
  class space    used 7664K, committed 8384K, reserved 1048576K
}
Event: 71.753 GC heap after
{Heap after GC invocations=793 (full 4):
 PSYoungGen      total 12288K, used 0K [0x00000000d5580000, 0x00000000d6400000, 0x0000000100000000)
  eden space 11776K, 0% used [0x00000000d5580000,0x00000000d5580000,0x00000000d6100000)
  from space 512K, 0% used [0x00000000d6180000,0x00000000d6180000,0x00000000d6200000)
  to   space 1536K, 0% used [0x00000000d6280000,0x00000000d6280000,0x00000000d6400000)
 ParOldGen       total 313856K, used 92442K [0x0000000080000000, 0x0000000093280000, 0x00000000d5580000)
  object space 313856K, 29% used [0x0000000080000000,0x0000000085a46b78,0x0000000093280000)
 Metaspace       used 75129K, committed 76736K, reserved 1179648K
  class space    used 7662K, committed 8384K, reserved 1048576K
}

Dll operation events (13 events):
Event: 0.078 Loaded shared library D:\Java\jdks\jdk-21.0.11_10\bin\java.dll
Event: 0.221 Loaded shared library D:\Java\jdks\jdk-21.0.11_10\bin\jsvml.dll
Event: 0.424 Loaded shared library D:\Java\jdks\jdk-21.0.11_10\bin\zip.dll
Event: 0.464 Loaded shared library D:\Java\jdks\jdk-21.0.11_10\bin\instrument.dll
Event: 0.486 Loaded shared library D:\Java\jdks\jdk-21.0.11_10\bin\net.dll
Event: 0.500 Loaded shared library D:\Java\jdks\jdk-21.0.11_10\bin\nio.dll
Event: 0.517 Loaded shared library D:\Java\jdks\jdk-21.0.11_10\bin\zip.dll
Event: 0.579 Loaded shared library D:\Java\jdks\jdk-21.0.11_10\bin\jimage.dll
Event: 1.129 Loaded shared library D:\Java\jdks\jdk-21.0.11_10\bin\verify.dll
Event: 5.412 Loaded shared library C:\Users\ey669\AppData\Roaming\Cursor\User\globalStorage\redhat.java\1.55.0\config_win\org.eclipse.equinox.launcher\org.eclipse.equinox.launcher.win32.win32.x86_64_1.3.100.v20260613-0559\eclipse_11924.dll
Event: 10.152 Loaded shared library C:\Users\ey669\AppData\Local\Temp\jna-96933957\jna8898929054662637270.dll
Event: 14.730 Loaded shared library D:\Java\jdks\jdk-21.0.11_10\bin\sunmscapi.dll
Event: 14.892 Loaded shared library D:\Java\jdks\jdk-21.0.11_10\bin\extnet.dll

Deoptimization events (20 events):
Event: 70.361 Thread 0x00000278d67ddd80 Uncommon trap: reason=class_check action=maybe_recompile pc=0x000002788840e6f0 method=org.eclipse.jdt.internal.core.JavaModelCache.getInfo(Lorg/eclipse/jdt/core/IJavaElement;)Lorg/eclipse/jdt/internal/compiler/env/IElementInfo; @ 118 c2
Event: 70.361 Thread 0x00000278d67ddd80 DEOPT PACKING pc=0x000002788840e6f0 sp=0x000000848b9fe0d0
Event: 70.361 Thread 0x00000278d67ddd80 DEOPT UNPACKING pc=0x0000027887583aa2 sp=0x000000848b9fe040 mode 2
Event: 70.361 Thread 0x00000278d67ddd80 Uncommon trap: trap_request=0xffffffde fr.pc=0x000002788840e6f0 relative=0x0000000000001770
Event: 70.361 Thread 0x00000278d67ddd80 Uncommon trap: reason=class_check action=maybe_recompile pc=0x000002788840e6f0 method=org.eclipse.jdt.internal.core.JavaModelCache.getInfo(Lorg/eclipse/jdt/core/IJavaElement;)Lorg/eclipse/jdt/internal/compiler/env/IElementInfo; @ 118 c2
Event: 70.362 Thread 0x00000278d67ddd80 DEOPT PACKING pc=0x000002788840e6f0 sp=0x000000848b9fe0d0
Event: 70.362 Thread 0x00000278d67ddd80 DEOPT UNPACKING pc=0x0000027887583aa2 sp=0x000000848b9fe040 mode 2
Event: 70.363 Thread 0x00000278d67ddd80 Uncommon trap: trap_request=0xffffffde fr.pc=0x000002788840e6f0 relative=0x0000000000001770
Event: 70.363 Thread 0x00000278d67ddd80 Uncommon trap: reason=class_check action=maybe_recompile pc=0x000002788840e6f0 method=org.eclipse.jdt.internal.core.JavaModelCache.getInfo(Lorg/eclipse/jdt/core/IJavaElement;)Lorg/eclipse/jdt/internal/compiler/env/IElementInfo; @ 118 c2
Event: 70.363 Thread 0x00000278d67ddd80 DEOPT PACKING pc=0x000002788840e6f0 sp=0x000000848b9fe0d0
Event: 70.363 Thread 0x00000278d67ddd80 DEOPT UNPACKING pc=0x0000027887583aa2 sp=0x000000848b9fe040 mode 2
Event: 70.364 Thread 0x00000278d67ddd80 Uncommon trap: trap_request=0xffffffde fr.pc=0x00000278884150b8 relative=0x0000000000001298
Event: 70.364 Thread 0x00000278d67ddd80 Uncommon trap: reason=class_check action=maybe_recompile pc=0x00000278884150b8 method=org.eclipse.jdt.internal.core.JavaModelCache.getInfo(Lorg/eclipse/jdt/core/IJavaElement;)Lorg/eclipse/jdt/internal/compiler/env/IElementInfo; @ 118 c2
Event: 70.364 Thread 0x00000278d67ddd80 DEOPT PACKING pc=0x00000278884150b8 sp=0x000000848b9fe060
Event: 70.364 Thread 0x00000278d67ddd80 DEOPT UNPACKING pc=0x0000027887583aa2 sp=0x000000848b9fe038 mode 2
Event: 71.767 Thread 0x00000278d67ddd80 Uncommon trap: trap_request=0xffffff6e fr.pc=0x00000278883edca8 relative=0x0000000000000628
Event: 71.767 Thread 0x00000278d67ddd80 Uncommon trap: reason=loop_limit_check action=maybe_recompile pc=0x00000278883edca8 method=org.eclipse.jdt.internal.core.util.HashtableOfArrayToObject.hashCode([Ljava/lang/Object;I)I @ 27 c2
Event: 71.767 Thread 0x00000278d67ddd80 DEOPT PACKING pc=0x00000278883edca8 sp=0x000000848b9fe590
Event: 71.767 Thread 0x00000278d67ddd80 DEOPT UNPACKING pc=0x0000027887583aa2 sp=0x000000848b9fe4c0 mode 2
Event: 72.787 Thread 0x00000278d45c4660 DEOPT PACKING pc=0x00000278823729b9 sp=0x0000008489ffe2b0

Classes loaded (20 events):
Event: 62.857 Loading class java/util/Collections$SynchronizedRandomAccessList
Event: 62.859 Loading class java/util/Collections$SynchronizedList
Event: 62.861 Loading class java/util/Collections$SynchronizedList done
Event: 62.861 Loading class java/util/Collections$SynchronizedRandomAccessList done
Event: 62.874 Loading class java/util/concurrent/CompletableFuture$Signaller
Event: 62.876 Loading class java/util/concurrent/CompletableFuture$Signaller done
Event: 62.880 Loading class java/util/concurrent/CompletableFuture$UniApply
Event: 62.882 Loading class java/util/concurrent/CompletableFuture$UniApply done
Event: 62.884 Loading class java/util/concurrent/CompletableFuture$UniExceptionally
Event: 62.884 Loading class java/util/concurrent/CompletableFuture$UniExceptionally done
Event: 63.589 Loading class java/nio/charset/CharacterCodingException
Event: 63.590 Loading class java/nio/charset/CharacterCodingException done
Event: 63.590 Loading class java/io/SequenceInputStream
Event: 63.591 Loading class java/io/SequenceInputStream done
Event: 64.506 Loading class javax/xml/transform/TransformerConfigurationException
Event: 64.507 Loading class javax/xml/transform/TransformerConfigurationException done
Event: 64.950 Loading class java/util/Hashtable$KeySet
Event: 64.952 Loading class java/util/Hashtable$KeySet done
Event: 65.028 Loading class java/lang/UnsupportedClassVersionError
Event: 65.028 Loading class java/lang/UnsupportedClassVersionError done

Classes unloaded (10 events):
Event: 11.622 Thread 0x00000278f9404560 Unloading class 0x00000278901ab000 'java/lang/invoke/LambdaForm$MH+0x00000278901ab000'
Event: 11.622 Thread 0x00000278f9404560 Unloading class 0x00000278901aac00 'java/lang/invoke/LambdaForm$MH+0x00000278901aac00'
Event: 11.622 Thread 0x00000278f9404560 Unloading class 0x00000278901aa800 'java/lang/invoke/LambdaForm$MH+0x00000278901aa800'
Event: 11.622 Thread 0x00000278f9404560 Unloading class 0x00000278901aa400 'java/lang/invoke/LambdaForm$MH+0x00000278901aa400'
Event: 11.622 Thread 0x00000278f9404560 Unloading class 0x00000278901aa000 'java/lang/invoke/LambdaForm$BMH+0x00000278901aa000'
Event: 11.622 Thread 0x00000278f9404560 Unloading class 0x00000278901a9c00 'java/lang/invoke/LambdaForm$DMH+0x00000278901a9c00'
Event: 11.622 Thread 0x00000278f9404560 Unloading class 0x00000278901a8c00 'java/lang/invoke/LambdaForm$DMH+0x00000278901a8c00'
Event: 70.593 Thread 0x00000278f9404560 Unloading class 0x0000027890711000 'java/lang/invoke/LambdaForm$DMH+0x0000027890711000'
Event: 70.593 Thread 0x00000278f9404560 Unloading class 0x0000027890710400 'java/lang/invoke/LambdaForm$DMH+0x0000027890710400'
Event: 70.593 Thread 0x00000278f9404560 Unloading class 0x0000027890710800 'java/lang/invoke/LambdaForm$DMH+0x0000027890710800'

Classes redefined (0 events):
No events

Internal exceptions (20 events):
Event: 66.819 Thread 0x00000278d67e3ff0 Implicit null exception at 0x000002788825bf06 to 0x000002788825c010
Event: 67.087 Thread 0x00000278d733e0c0 Exception <a 'sun/nio/fs/WindowsException'{0x00000000d57d3768}> (0x00000000d57d3768) 
thrown [s\src\hotspot\share\prims\jni.cpp, line 520]
Event: 67.087 Thread 0x00000278d733e0c0 Exception <a 'sun/nio/fs/WindowsException'{0x00000000d57f8db0}> (0x00000000d57f8db0) 
thrown [s\src\hotspot\share\prims\jni.cpp, line 520]
Event: 67.377 Thread 0x00000278d733e0c0 Exception <a 'java/lang/NoSuchMethodError'{0x00000000d576d1e8}: 'java.lang.Object java.lang.invoke.Invokers$Holder.linkToTargetMethod(java.lang.Object, java.lang.Object, int, int, java.lang.Object)'> (0x00000000d576d1e8) 
thrown [s\src\hotspot\share\interpreter\linkResolver.cpp, line 773]
Event: 67.401 Thread 0x00000278d733e0c0 Exception <a 'java/lang/NoSuchMethodError'{0x00000000d5a27b88}: method resolution failed> (0x00000000d5a27b88) 
thrown [s\src\hotspot\share\prims\methodHandles.cpp, line 1136]
Event: 67.447 Thread 0x00000278d67ddd80 Implicit null exception at 0x0000027887d074a1 to 0x0000027887d080d0
Event: 68.726 Thread 0x00000278d67e3ff0 Exception <a 'java/lang/IncompatibleClassChangeError'{0x00000000d5ecc208}: Found class java.lang.Object, but interface was expected> (0x00000000d5ecc208) 
thrown [s\src\hotspot\share\interpreter\linkResolver.cpp, line 840]
Event: 70.206 Thread 0x00000278d67e1200 Exception <a 'java/lang/NullPointerException'{0x00000000d5a83d98}> (0x00000000d5a83d98) 
thrown [s\src\hotspot\share\interpreter\linkResolver.cpp, line 1372]
Event: 70.206 Thread 0x00000278d67e1890 Exception <a 'java/lang/NullPointerException'{0x00000000d5aa0448}> (0x00000000d5aa0448) 
thrown [s\src\hotspot\share\interpreter\linkResolver.cpp, line 1372]
Event: 70.206 Thread 0x00000278d67e1890 Exception <a 'java/lang/NullPointerException'{0x00000000d5aa0db0}> (0x00000000d5aa0db0) 
thrown [s\src\hotspot\share\interpreter\linkResolver.cpp, line 1372]
Event: 70.206 Thread 0x00000278d67e1200 Exception <a 'java/lang/NullPointerException'{0x00000000d5a846c8}> (0x00000000d5a846c8) 
thrown [s\src\hotspot\share\interpreter\linkResolver.cpp, line 1372]
Event: 70.206 Thread 0x00000278d67e1890 Exception <a 'java/lang/NullPointerException'{0x00000000d5aa1718}> (0x00000000d5aa1718) 
thrown [s\src\hotspot\share\interpreter\linkResolver.cpp, line 1372]
Event: 70.207 Thread 0x00000278d67e1200 Exception <a 'java/lang/NullPointerException'{0x00000000d5a84f80}> (0x00000000d5a84f80) 
thrown [s\src\hotspot\share\interpreter\linkResolver.cpp, line 1372]
Event: 70.207 Thread 0x00000278d67e3ff0 Exception <a 'java/lang/NullPointerException'{0x00000000d5ab29f8}> (0x00000000d5ab29f8) 
thrown [s\src\hotspot\share\interpreter\linkResolver.cpp, line 1372]
Event: 70.208 Thread 0x00000278d67e3ff0 Exception <a 'java/lang/NullPointerException'{0x00000000d5ab3360}> (0x00000000d5ab3360) 
thrown [s\src\hotspot\share\interpreter\linkResolver.cpp, line 1372]
Event: 70.208 Thread 0x00000278d67e3ff0 Exception <a 'java/lang/NullPointerException'{0x00000000d5ab3cc8}> (0x00000000d5ab3cc8) 
thrown [s\src\hotspot\share\interpreter\linkResolver.cpp, line 1372]
Event: 71.761 Thread 0x00000278d733e0c0 Exception <a 'sun/nio/fs/WindowsException'{0x00000000d55eaad8}> (0x00000000d55eaad8) 
thrown [s\src\hotspot\share\prims\jni.cpp, line 520]
Event: 71.762 Thread 0x00000278d733e0c0 Exception <a 'sun/nio/fs/WindowsException'{0x00000000d562a500}> (0x00000000d562a500) 
thrown [s\src\hotspot\share\prims\jni.cpp, line 520]
Event: 71.814 Thread 0x00000278d733e0c0 Exception <a 'sun/nio/fs/WindowsException'{0x00000000d572b118}> (0x00000000d572b118) 
thrown [s\src\hotspot\share\prims\jni.cpp, line 520]
Event: 71.814 Thread 0x00000278d733e0c0 Exception <a 'sun/nio/fs/WindowsException'{0x00000000d572b988}> (0x00000000d572b988) 
thrown [s\src\hotspot\share\prims\jni.cpp, line 520]

ZGC Phase Switch (0 events):
No events

VM Operations (20 events):
Event: 69.856 Executing safepoint VM operation: ParallelGCFailedAllocation (Allocation Failure) done
Event: 69.874 Executing safepoint VM operation: ParallelGCFailedAllocation (Allocation Failure)
Event: 69.888 Executing safepoint VM operation: ParallelGCFailedAllocation (Allocation Failure) done
Event: 69.909 Executing safepoint VM operation: ParallelGCFailedAllocation (Allocation Failure)
Event: 69.919 Executing safepoint VM operation: ParallelGCFailedAllocation (Allocation Failure) done
Event: 69.937 Executing safepoint VM operation: ParallelGCFailedAllocation (Allocation Failure)
Event: 69.941 Executing safepoint VM operation: ParallelGCFailedAllocation (Allocation Failure) done
Event: 69.968 Executing safepoint VM operation: ParallelGCFailedAllocation (Allocation Failure)
Event: 69.971 Executing safepoint VM operation: ParallelGCFailedAllocation (Allocation Failure) done
Event: 69.988 Executing safepoint VM operation: ParallelGCFailedAllocation (Allocation Failure)
Event: 69.992 Executing safepoint VM operation: ParallelGCFailedAllocation (Allocation Failure) done
Event: 70.024 Executing safepoint VM operation: ParallelGCFailedAllocation (Allocation Failure)
Event: 70.028 Executing safepoint VM operation: ParallelGCFailedAllocation (Allocation Failure) done
Event: 70.079 Executing safepoint VM operation: ParallelGCFailedAllocation (Allocation Failure)
Event: 70.082 Executing safepoint VM operation: ParallelGCFailedAllocation (Allocation Failure) done
Event: 70.140 Executing safepoint VM operation: ParallelGCFailedAllocation (Allocation Failure)
Event: 70.151 Executing safepoint VM operation: ParallelGCFailedAllocation (Allocation Failure) done
Event: 70.384 Executing safepoint VM operation: ParallelGCSystemGC (CodeCache GC Threshold)
Event: 71.753 Executing safepoint VM operation: ParallelGCSystemGC (CodeCache GC Threshold) done
Event: 72.755 Executing safepoint VM operation: Cleanup

Memory protections (0 events):
No events

Nmethod flushes (20 events):
Event: 71.149 Thread 0x00000278f9404560 flushing  nmethod 0x0000027880f1fa10
Event: 71.149 Thread 0x00000278f9404560 flushing  nmethod 0x0000027880f20310
Event: 71.149 Thread 0x00000278f9404560 flushing  nmethod 0x0000027880f20f90
Event: 71.149 Thread 0x00000278f9404560 flushing  nmethod 0x0000027880f22c90
Event: 71.149 Thread 0x00000278f9404560 flushing  nmethod 0x0000027880f2b190
Event: 71.149 Thread 0x00000278f9404560 flushing  nmethod 0x0000027880f30410
Event: 71.149 Thread 0x00000278f9404560 flushing  nmethod 0x0000027880f34c10
Event: 71.149 Thread 0x00000278f9404560 flushing  nmethod 0x0000027880f37c90
Event: 71.149 Thread 0x00000278f9404560 flushing  nmethod 0x0000027880f38490
Event: 71.149 Thread 0x00000278f9404560 flushing  nmethod 0x0000027880f38c10
Event: 71.149 Thread 0x00000278f9404560 flushing  nmethod 0x0000027880f39410
Event: 71.149 Thread 0x00000278f9404560 flushing  nmethod 0x0000027880f3bb10
Event: 71.149 Thread 0x00000278f9404560 flushing  nmethod 0x0000027880f42a10
Event: 71.149 Thread 0x00000278f9404560 flushing  nmethod 0x0000027880f47010
Event: 71.149 Thread 0x00000278f9404560 flushing  nmethod 0x0000027880f53c10
Event: 71.149 Thread 0x00000278f9404560 flushing  nmethod 0x0000027880f54010
Event: 71.149 Thread 0x00000278f9404560 flushing  nmethod 0x0000027880f57890
Event: 71.149 Thread 0x00000278f9404560 flushing osr nmethod 0x0000027880f5b610
Event: 71.149 Thread 0x00000278f9404560 flushing  nmethod 0x0000027880f65890
Event: 71.149 Thread 0x00000278f9404560 flushing osr nmethod 0x0000027881051e90

Events (20 events):
Event: 62.883 Thread 0x00000278d7345050 Thread added: 0x00000278d67e1200
Event: 62.895 Thread 0x00000278ea93c480 Thread added: 0x00000278d79bd160
Event: 64.350 Thread 0x00000278d7345050 Thread added: 0x00000278d67de410
Event: 64.369 Thread 0x00000278d7345050 Thread added: 0x00000278d67ddd80
Event: 64.380 Thread 0x00000278d7345050 Thread added: 0x00000278d67e4680
Event: 64.383 Thread 0x00000278d67e4680 Thread added: 0x00000278d67e1890
Event: 64.390 Thread 0x00000278d67e1890 Thread added: 0x00000278d67e1f20
Event: 64.395 Thread 0x00000278d67e1f20 Thread added: 0x00000278d67e2c40
Event: 64.415 Thread 0x00000278d7345050 Thread added: 0x00000278d67e3ff0
Event: 64.579 Thread 0x00000278d45c4cf0 Thread added: 0x00000278d67e32d0
Event: 64.580 Thread 0x00000278d45c4cf0 Thread added: 0x00000278d67e3960
Event: 64.581 Thread 0x00000278d67e32d0 Thread added: 0x00000278d7348830
Event: 64.583 Thread 0x00000278d67e3960 Thread added: 0x00000278e134c8f0
Event: 64.585 Thread 0x00000278d7348830 Thread added: 0x00000278e134cf80
Event: 64.586 Thread 0x00000278e134c8f0 Thread added: 0x00000278e134aeb0
Event: 64.592 Thread 0x00000278e134aeb0 Thread added: 0x00000278e134b540
Event: 64.594 Thread 0x00000278e134cf80 Thread added: 0x00000278e134bbd0
Event: 64.594 Thread 0x00000278d7348830 Thread added: 0x00000278e134d610
Event: 64.598 Thread 0x00000278e134d610 Thread added: 0x00000278e134dca0
Event: 64.605 Thread 0x00000278e134bbd0 Thread added: 0x00000278e134a820


Dynamic libraries:
0x00007ff605650000 - 0x00007ff60565e000 	D:\Java\jdks\jdk-21.0.11_10\bin\java.exe
0x00007ff8ce640000 - 0x00007ff8ce8a6000 	C:\WINDOWS\SYSTEM32\ntdll.dll
0x00007ff8ccda0000 - 0x00007ff8cce69000 	C:\WINDOWS\System32\KERNEL32.DLL
0x00007ff8cbbe0000 - 0x00007ff8cbfde000 	C:\WINDOWS\System32\KERNELBASE.dll
0x00007ff8cbff0000 - 0x00007ff8cc13c000 	C:\WINDOWS\System32\ucrtbase.dll
0x00007ff8c3270000 - 0x00007ff8c328e000 	D:\Java\jdks\jdk-21.0.11_10\bin\VCRUNTIME140.dll
0x00007ff8b7810000 - 0x00007ff8b7828000 	D:\Java\jdks\jdk-21.0.11_10\bin\jli.dll
0x00007ff8cca10000 - 0x00007ff8ccbd7000 	C:\WINDOWS\System32\USER32.dll
0x00007ff8cc150000 - 0x00007ff8cc177000 	C:\WINDOWS\System32\win32u.dll
0x00007ff8bdbb0000 - 0x00007ff8bde42000 	C:\WINDOWS\WinSxS\amd64_microsoft.windows.common-controls_6595b64144ccf1df_6.0.26100.8875_none_3e0d5d42e32fe9dd\COMCTL32.dll
0x00007ff8cc370000 - 0x00007ff8cc39b000 	C:\WINDOWS\System32\GDI32.dll
0x00007ff8cd8f0000 - 0x00007ff8cd999000 	C:\WINDOWS\System32\msvcrt.dll
0x00007ff8cc240000 - 0x00007ff8cc36a000 	C:\WINDOWS\System32\gdi32full.dll
0x00007ff8cb860000 - 0x00007ff8cb903000 	C:\WINDOWS\System32\msvcp_win.dll
0x00007ff8ce140000 - 0x00007ff8ce172000 	C:\WINDOWS\System32\IMM32.DLL
0x00007ff8c6550000 - 0x00007ff8c655c000 	D:\Java\jdks\jdk-21.0.11_10\bin\vcruntime140_1.dll
0x00007ff8b2030000 - 0x00007ff8b20bd000 	D:\Java\jdks\jdk-21.0.11_10\bin\msvcp140.dll
0x00007fffc7110000 - 0x00007fffc7eb2000 	D:\Java\jdks\jdk-21.0.11_10\bin\server\jvm.dll
0x00007ff8cd830000 - 0x00007ff8cd8e7000 	C:\WINDOWS\System32\ADVAPI32.dll
0x00007ff8cccf0000 - 0x00007ff8ccd9a000 	C:\WINDOWS\System32\sechost.dll
0x00007ff8cd670000 - 0x00007ff8cd788000 	C:\WINDOWS\System32\RPCRT4.dll
0x00007ff8cd790000 - 0x00007ff8cd810000 	C:\WINDOWS\System32\WS2_32.dll
0x00007ff8c54f0000 - 0x00007ff8c54fb000 	C:\WINDOWS\SYSTEM32\VERSION.dll
0x00007ff8c4350000 - 0x00007ff8c4386000 	C:\WINDOWS\SYSTEM32\WINMM.dll
0x00007ff8cb6c0000 - 0x00007ff8cb71e000 	C:\WINDOWS\SYSTEM32\POWRPROF.dll
0x00007ff8cb6a0000 - 0x00007ff8cb6b4000 	C:\WINDOWS\SYSTEM32\UMPDC.dll
0x00007ff8ca540000 - 0x00007ff8ca55b000 	C:\WINDOWS\SYSTEM32\kernel.appcore.dll
0x00007ff8c64f0000 - 0x00007ff8c64fa000 	D:\Java\jdks\jdk-21.0.11_10\bin\jimage.dll
0x00007ff8c9060000 - 0x00007ff8c92a2000 	C:\WINDOWS\SYSTEM32\DBGHELP.DLL
0x00007ff8cc410000 - 0x00007ff8cc793000 	C:\WINDOWS\System32\combase.dll
0x00007ff8cce70000 - 0x00007ff8ccf49000 	C:\WINDOWS\System32\OLEAUT32.dll
0x00007ff8ba480000 - 0x00007ff8ba4bb000 	C:\WINDOWS\SYSTEM32\dbgcore.DLL
0x00007ff8cc180000 - 0x00007ff8cc22c000 	C:\WINDOWS\System32\bcryptPrimitives.dll
0x00007ff8c6480000 - 0x00007ff8c648f000 	D:\Java\jdks\jdk-21.0.11_10\bin\instrument.dll
0x00007ff8b3c50000 - 0x00007ff8b3c70000 	D:\Java\jdks\jdk-21.0.11_10\bin\java.dll
0x00007ff8cd9a0000 - 0x00007ff8ce132000 	C:\WINDOWS\System32\SHELL32.dll
0x00007ff8c92f0000 - 0x00007ff8c9b82000 	C:\WINDOWS\SYSTEM32\windows.storage.dll
0x00007ff8ce180000 - 0x00007ff8ce277000 	C:\WINDOWS\System32\SHCORE.dll
0x00007ff8ce370000 - 0x00007ff8ce3d7000 	C:\WINDOWS\System32\shlwapi.dll
0x00007ff8cb780000 - 0x00007ff8cb7a9000 	C:\WINDOWS\SYSTEM32\profapi.dll
0x00007ff8ac800000 - 0x00007ff8ac8d7000 	D:\Java\jdks\jdk-21.0.11_10\bin\jsvml.dll
0x00007ff8b3c30000 - 0x00007ff8b3c48000 	D:\Java\jdks\jdk-21.0.11_10\bin\zip.dll
0x00007ff8c6440000 - 0x00007ff8c6450000 	D:\Java\jdks\jdk-21.0.11_10\bin\net.dll
0x00007ff8c4050000 - 0x00007ff8c4177000 	C:\WINDOWS\SYSTEM32\WINHTTP.dll
0x00007ff8caaf0000 - 0x00007ff8cab5c000 	C:\WINDOWS\system32\mswsock.dll
0x00007ff8b2e90000 - 0x00007ff8b2ea6000 	D:\Java\jdks\jdk-21.0.11_10\bin\nio.dll
0x00007ff8c4460000 - 0x00007ff8c4470000 	D:\Java\jdks\jdk-21.0.11_10\bin\verify.dll
0x00007ff8533a0000 - 0x00007ff8533e5000 	C:\Users\ey669\AppData\Roaming\Cursor\User\globalStorage\redhat.java\1.55.0\config_win\org.eclipse.equinox.launcher\org.eclipse.equinox.launcher.win32.win32.x86_64_1.3.100.v20260613-0559\eclipse_11924.dll
0x00007ff8ce3e0000 - 0x00007ff8ce579000 	C:\WINDOWS\System32\ole32.dll
0x00007ff8cae10000 - 0x00007ff8cae2b000 	C:\WINDOWS\SYSTEM32\CRYPTSP.dll
0x00007ff8ca4a0000 - 0x00007ff8ca4d9000 	C:\WINDOWS\system32\rsaenh.dll
0x00007ff8cabb0000 - 0x00007ff8cabe2000 	C:\WINDOWS\SYSTEM32\USERENV.dll
0x00007ff8cb750000 - 0x00007ff8cb77a000 	C:\WINDOWS\SYSTEM32\bcrypt.dll
0x00007ff8cadf0000 - 0x00007ff8cadfc000 	C:\WINDOWS\SYSTEM32\CRYPTBASE.dll
0x00007ff8c9ec0000 - 0x00007ff8c9ef3000 	C:\WINDOWS\SYSTEM32\IPHLPAPI.DLL
0x00007ff8cd820000 - 0x00007ff8cd82a000 	C:\WINDOWS\System32\NSI.dll
0x00007ff865630000 - 0x00007ff865679000 	C:\Users\ey669\AppData\Local\Temp\jna-96933957\jna8898929054662637270.dll
0x00007ff8ce2d0000 - 0x00007ff8ce2d8000 	C:\WINDOWS\System32\PSAPI.DLL
0x00007ff8c4020000 - 0x00007ff8c403d000 	C:\WINDOWS\SYSTEM32\dhcpcsvc6.DLL
0x00007ff8c3ff0000 - 0x00007ff8c4015000 	C:\WINDOWS\SYSTEM32\dhcpcsvc.DLL
0x00007ff8c6460000 - 0x00007ff8c646e000 	D:\Java\jdks\jdk-21.0.11_10\bin\sunmscapi.dll
0x00007ff8cb910000 - 0x00007ff8cba88000 	C:\WINDOWS\System32\CRYPT32.dll
0x00007ff8cb030000 - 0x00007ff8cb060000 	C:\WINDOWS\SYSTEM32\ncrypt.dll
0x00007ff8cafe0000 - 0x00007ff8cb01f000 	C:\WINDOWS\SYSTEM32\NTASN1.dll
0x00007ff8c9fb0000 - 0x00007ff8ca106000 	C:\WINDOWS\SYSTEM32\DNSAPI.dll
0x00007ff8ca8d0000 - 0x00007ff8ca8dd000 	C:\WINDOWS\SYSTEM32\DSPARSE.dll
0x00007ff8c1010000 - 0x00007ff8c101b000 	C:\Windows\System32\rasadhlp.dll
0x00007ff8c1d80000 - 0x00007ff8c1e06000 	C:\WINDOWS\System32\fwpuclnt.dll
0x00007ff8c6470000 - 0x00007ff8c6479000 	D:\Java\jdks\jdk-21.0.11_10\bin\extnet.dll

JVMTI agents:
c:\Users\ey669\.cursor\extensions\redhat.java-1.55.0-win32-x64\lombok\lombok-1.18.39-4050.jar path:D:\Java\jdks\jdk-21.0.11_10\bin\instrument.dll, loaded, initialized, instrumentlib options:none

dbghelp: loaded successfully - version: 4.0.5 - missing functions: none
symbol engine: initialized successfully - sym options: 0x614 - pdb path: .;D:\Java\jdks\jdk-21.0.11_10\bin;C:\WINDOWS\SYSTEM32;C:\WINDOWS\WinSxS\amd64_microsoft.windows.common-controls_6595b64144ccf1df_6.0.26100.8875_none_3e0d5d42e32fe9dd;D:\Java\jdks\jdk-21.0.11_10\bin\server;C:\Users\ey669\AppData\Roaming\Cursor\User\globalStorage\redhat.java\1.55.0\config_win\org.eclipse.equinox.launcher\org.eclipse.equinox.launcher.win32.win32.x86_64_1.3.100.v20260613-0559;C:\Users\ey669\AppData\Local\Temp\jna-96933957

VM Arguments:
jvm_args: --add-modules=ALL-SYSTEM --add-opens=java.base/java.util=ALL-UNNAMED --add-opens=java.base/java.lang=ALL-UNNAMED --add-opens=java.base/sun.nio.fs=ALL-UNNAMED -Declipse.application=org.eclipse.jdt.ls.core.id1 -Dosgi.bundles.defaultStartLevel=4 -Declipse.product=org.eclipse.jdt.ls.core.product -Djava.import.generatesMetadataFilesAtProjectRoot=false -DDetectVMInstallationsJob.disabled=true -Dfile.encoding=utf8 -XX:+UseParallelGC -XX:GCTimeRatio=4 -XX:AdaptiveSizePolicyWeight=90 -Dsun.zip.disableMemoryMapping=true -Xmx2G -Xms100m -Xlog:disable -javaagent:c:\Users\ey669\.cursor\extensions\redhat.java-1.55.0-win32-x64\lombok\lombok-1.18.39-4050.jar -XX:+HeapDumpOnOutOfMemoryError -XX:HeapDumpPath=c:\Users\ey669\AppData\Roaming\Cursor\User\workspaceStorage\fe64c8470bcab7440b311695d50dbcfc\redhat.java -Daether.dependencyCollector.impl=bf 
java_command: c:\Users\ey669\.cursor\extensions\redhat.java-1.55.0-win32-x64\server\plugins\org.eclipse.equinox.launcher_1.7.200.v20260619-2039.jar -configuration c:\Users\ey669\AppData\Roaming\Cursor\User\globalStorage\redhat.java\1.55.0\config_win -data c:\Users\ey669\AppData\Roaming\Cursor\User\workspaceStorage\fe64c8470bcab7440b311695d50dbcfc\redhat.java\jdt_ws --pipe=\\.\pipe\lsp-70e304ed39d5c00b46742c421d3e554b-sock
java_class_path (initial): c:\Users\ey669\.cursor\extensions\redhat.java-1.55.0-win32-x64\server\plugins\org.eclipse.equinox.launcher_1.7.200.v20260619-2039.jar
Launcher Type: SUN_STANDARD

[Global flags]
    uintx AdaptiveSizePolicyWeight                 = 90                                        {product} {command line}
     intx CICompilerCount                          = 4                                         {product} {ergonomic}
    uintx GCTimeRatio                              = 4                                         {product} {command line}
     bool HeapDumpOnOutOfMemoryError               = true                                   {manageable} {command line}
    ccstr HeapDumpPath                             = c:\Users\ey669\AppData\Roaming\Cursor\User\workspaceStorage\fe64c8470bcab7440b311695d50dbcfc\redhat.java         {manageable} {command line}
   size_t InitialHeapSize                          = 104857600                                 {product} {command line}
   size_t MaxHeapSize                              = 2147483648                                {product} {command line}
   size_t MaxNewSize                               = 715653120                                 {product} {ergonomic}
   size_t MinHeapDeltaBytes                        = 524288                                    {product} {ergonomic}
   size_t MinHeapSize                              = 104857600                                 {product} {command line}
   size_t NewSize                                  = 34603008                                  {product} {ergonomic}
    uintx NonNMethodCodeHeapSize                   = 5839372                                {pd product} {ergonomic}
    uintx NonProfiledCodeHeapSize                  = 122909434                              {pd product} {ergonomic}
   size_t OldSize                                  = 70254592                                  {product} {ergonomic}
    uintx ProfiledCodeHeapSize                     = 122909434                              {pd product} {ergonomic}
    uintx ReservedCodeCacheSize                    = 251658240                              {pd product} {ergonomic}
     bool SegmentedCodeCache                       = true                                      {product} {ergonomic}
   size_t SoftMaxHeapSize                          = 2147483648                             {manageable} {ergonomic}
     bool UseCompressedOops                        = true                           {product lp64_product} {ergonomic}
     bool UseLargePagesIndividualAllocation        = false                                  {pd product} {ergonomic}
     bool UseParallelGC                            = true                                      {product} {command line}

Logging:
Log output configuration:
 #0: stdout all=off uptime,level,tags foldmultilines=false
 #1: stderr all=off uptime,level,tags foldmultilines=false

Release file:
IMPLEMENTOR="Eclipse Adoptium" 
IMPLEMENTOR_VERSION="Temurin-21.0.11+10" 
JAVA_RUNTIME_VERSION="21.0.11+10-LTS" 
JAVA_VERSION="21.0.11" 
JAVA_VERSION_DATE="2026-04-21" 
LIBC="default" 
MODULES="java.base java.compiler java.datatransfer java.xml java.prefs java.desktop java.instrument java.logging java.management java.security.sasl java.naming java.rmi java.management.rmi java.net.http java.scripting java.security.jgss java.transaction.xa java.sql java.sql.rowset java.xml.crypto java.se java.smartcardio jdk.accessibility jdk.internal.jvmstat jdk.attach jdk.charsets jdk.internal.opt jdk.zipfs jdk.compiler jdk.crypto.ec jdk.crypto.cryptoki jdk.crypto.mscapi jdk.dynalink jdk.internal.ed jdk.editpad jdk.hotspot.agent jdk.httpserver jdk.incubator.vector jdk.internal.le jdk.internal.vm.ci jdk.internal.vm.compiler jdk.internal.vm.compiler.management jdk.jartool jdk.javadoc jdk.jcmd jdk.management jdk.management.agent jdk.jconsole jdk.jdeps jdk.jdwp.agent jdk.jdi jdk.jfr jdk.jlink jdk.jpackage jdk.jshell jdk.jsobject jdk.jstatd jdk.localedata jdk.management.jfr jdk.naming.dns jdk.naming.rmi jdk.net jdk.nio.mapmode jdk.random jdk.sctp jdk.security.auth jdk.security.jgss jdk.unsupported jdk.unsupported.desktop jdk.xml.dom" 
OS_ARCH="x86_64" 
OS_NAME="Windows" 
SOURCE=".:git:254494ad7d75" 
BUILD_SOURCE="git:a612825ee82a20ac872d60958c349854c1f29a8e"
BUILD_SOURCE_REPO="https://github.com/adoptium/temurin-build.git"
SOURCE_REPO="https://github.com/adoptium/jdk21u.git"
FULL_VERSION="21.0.11+10-LTS"
SEMANTIC_VERSION="21.0.11+10"
BUILD_INFO="OS: Windows Server 2022 Version: 10.0"
JVM_VARIANT="Hotspot"
JVM_VERSION="21.0.11+10-LTS"
IMAGE_TYPE="JDK"

Environment Variables:
JAVA_HOME=D:\Java\jdks\jdk-21.0.11_10
PATH=D:\Java\jdks\jdk-21.0.11_10\bin;C:\WINDOWS\system32;C:\WINDOWS;C:\WINDOWS\System32\Wbem;C:\WINDOWS\System32\WindowsPowerShell\v1.0\;C:\WINDOWS\System32\OpenSSH\;D:\nvm;D:\nodejs;D:\Git\cmd;D:\微信web开发者工具\dll;C:\Program Files\MySQL\MySQL Server 8.0\bin\;D:\Program Files\Docker\resources\bin;D:\Java\maven\apache-maven-3.9.16\bin;C:\Users\ey669\.cargo\bin;D:\Python312\Scripts\;D:\Python312\;C:\Program Files\MySQL\MySQL Shell 8.0\bin\;C:\Users\ey669\AppData\Local\Microsoft\WindowsApps;D:\Microsoft VS Code\bin;D:\nvm;D:\nodejs;C:\Users\ey669\AppData\Local\Programs\cursor\resources\app\bin;D:\Java\jdks\jdk-21.0.11_10\;C:\Users\ey669\.cargo\bin;
USERNAME=ey669
OS=Windows_NT
PROCESSOR_IDENTIFIER=AMD64 Family 23 Model 104 Stepping 1, AuthenticAMD
TMP=C:\Users\ey669\AppData\Local\Temp
TEMP=C:\Users\ey669\AppData\Local\Temp




Periodic native trim disabled

---------------  S Y S T E M  ---------------

OS:
 Windows 11 , 64 bit Build 26100 (10.0.26100.8875)
OS uptime: 0 days 22:28 hours
Hyper-V role detected

CPU: total 12 (initial active 12) (12 cores per cpu, 2 threads per core) family 23 model 104 stepping 1 microcode 0x8608103, cx8, cmov, fxsr, ht, mmx, 3dnowpref, sse, sse2, sse3, ssse3, sse4a, sse4.1, sse4.2, popcnt, lzcnt, tsc, tscinvbit, avx, avx2, aes, clmul, bmi1, bmi2, adx, sha, fma, vzeroupper, clflush, clflushopt, hv, rdtscp, rdpid, f16c
Processor Information for the first 12 processors :
  Max Mhz: 2100, Current Mhz: 2100, Mhz Limit: 2100

Memory: 4k page, system-wide physical 5989M (411M free)
TotalPageFile size 24421M (AvailPageFile size 190M)
current process WorkingSet (physical memory assigned to process): 422M, peak: 422M
current process commit charge ("private bytes"): 678M, peak: 679M

vm_info: OpenJDK 64-Bit Server VM (21.0.11+10-LTS) for windows-amd64 JRE (21.0.11+10-LTS), built on 2026-04-21T00:00:00Z by "admin" with MS VC++ 17.12 (VS2022)

END.
