#
# There is insufficient memory for the Java Runtime Environment to continue.
# Native memory allocation (malloc) failed to allocate 1706096 bytes. Error detail: Chunk::new
# Possible reasons:
#   The system is out of physical RAM or swap space
#   This process is running with CompressedOops enabled, and the Java Heap may be blocking the growth of the native heap
# Possible solutions:
#   Reduce memory load on the system
#   Increase physical memory or swap space
#   Check if swap backing store is full
#   Decrease Java heap size (-Xmx/-Xms)
#   Decrease number of Java threads
#   Decrease Java thread stack sizes (-Xss)
#   Set larger code cache with -XX:ReservedCodeCacheSize=
#   JVM is running with Unscaled Compressed Oops mode in which the Java heap is
#     placed in the first 4GB address space. The Java Heap base address is the
#     maximum limit for the native heap growth. Please use -XX:HeapBaseMinAddress
#     to set the Java Heap base and to place the Java Heap above 4GB virtual address.
# This output file may be truncated or incomplete.
#
#  Out of Memory Error (arena.cpp:168), pid=23036, tid=20684
#
# JRE version: OpenJDK Runtime Environment Temurin-21.0.11+10 (21.0.11+10) (build 21.0.11+10-LTS)
# Java VM: OpenJDK 64-Bit Server VM Temurin-21.0.11+10 (21.0.11+10-LTS, mixed mode, sharing, tiered, compressed oops, compressed class ptrs, parallel gc, windows-amd64)
# No core dump will be written. Minidumps are not enabled by default on client versions of Windows
#

---------------  S U M M A R Y ------------

Command Line: --add-modules=ALL-SYSTEM --add-opens=java.base/java.util=ALL-UNNAMED --add-opens=java.base/java.lang=ALL-UNNAMED --add-opens=java.base/sun.nio.fs=ALL-UNNAMED -Declipse.application=org.eclipse.jdt.ls.core.id1 -Dosgi.bundles.defaultStartLevel=4 -Declipse.product=org.eclipse.jdt.ls.core.product -Djava.import.generatesMetadataFilesAtProjectRoot=false -DDetectVMInstallationsJob.disabled=true -Dfile.encoding=utf8 -XX:+UseParallelGC -XX:GCTimeRatio=4 -XX:AdaptiveSizePolicyWeight=90 -Dsun.zip.disableMemoryMapping=true -Xmx2G -Xms100m -Xlog:disable -javaagent:c:\Users\ey669\.cursor\extensions\redhat.java-1.55.0-win32-x64\lombok\lombok-1.18.39-4050.jar -XX:+HeapDumpOnOutOfMemoryError -XX:HeapDumpPath=c:\Users\ey669\AppData\Roaming\Cursor\User\workspaceStorage\fe64c8470bcab7440b311695d50dbcfc\redhat.java -Daether.dependencyCollector.impl=bf c:\Users\ey669\.cursor\extensions\redhat.java-1.55.0-win32-x64\server\plugins\org.eclipse.equinox.launcher_1.7.200.v20260619-2039.jar -configuration c:\Users\ey669\AppData\Roaming\Cursor\User\globalStorage\redhat.java\1.55.0\config_win -data c:\Users\ey669\AppData\Roaming\Cursor\User\workspaceStorage\fe64c8470bcab7440b311695d50dbcfc\redhat.java\jdt_ws --pipe=\\.\pipe\lsp-c112cb26a61bef334cb9dbeca3a21022-sock

Host: AMD Ryzen 5 5500U with Radeon Graphics         , 12 cores, 5G,  Windows 11 , 64 bit Build 26100 (10.0.26100.8875)
Time: Tue Aug  4 17:36:51 2026 elapsed time: 50.914914 seconds (0d 0h 0m 50s)

---------------  T H R E A D  ---------------

Current thread (0x000002b1f533b380):  JavaThread "C2 CompilerThread1" daemon [_thread_in_native, id=20684, stack(0x000000c81aa00000,0x000000c81ab00000) (1024K)]


Current CompileTask:
C2:50915 16002       4       lombok.core.AST::buildWithField (21 bytes)

Stack: [0x000000c81aa00000,0x000000c81ab00000]
Native frames: (J=compiled Java code, j=interpreted, Vv=VM code, C=native code)
V  [jvm.dll+0x6d7e19]
V  [jvm.dll+0x8b5096]
V  [jvm.dll+0x8b764e]
V  [jvm.dll+0x8b7d33]
V  [jvm.dll+0x284596]
V  [jvm.dll+0xc685d]
V  [jvm.dll+0xc6da1]
V  [jvm.dll+0x3bed31]
V  [jvm.dll+0x38b2b2]
V  [jvm.dll+0x38a6fa]
V  [jvm.dll+0x24c700]
V  [jvm.dll+0x24bce0]
V  [jvm.dll+0x1cb4ae]
V  [jvm.dll+0x25baad]
V  [jvm.dll+0x25a03a]
V  [jvm.dll+0x3f868e]
V  [jvm.dll+0x85fb0d]
V  [jvm.dll+0x6d664d]
C  [ucrtbase.dll+0x2cd30]
C  [KERNEL32.DLL+0x2e957]
C  [ntdll.dll+0xaad6c]


---------------  P R O C E S S  ---------------

Threads class SMR info:
_java_thread_list=0x000002b1f7b9f190, length=95, elements={
0x000002b18c68a480, 0x000002b1ed9a4090, 0x000002b1ed9a7bf0, 0x000002b1ed9abd60,
0x000002b1ed9aeb50, 0x000002b1ed9b0b10, 0x000002b1ed9baa90, 0x000002b1ed9c0a40,
0x000002b1ed9c2c00, 0x000002b1edb97230, 0x000002b1edc64820, 0x000002b1f2716cc0,
0x000002b1f277cf80, 0x000002b1f276eed0, 0x000002b1f276f540, 0x000002b1f27cdd10,
0x000002b1eda74730, 0x000002b1edb31120, 0x000002b1f24290b0, 0x000002b1f2429740,
0x000002b1f2427670, 0x000002b1f24262c0, 0x000002b1f2426950, 0x000002b1f2426fe0,
0x000002b1f2428390, 0x000002b1f53d07b0, 0x000002b1f53ced70, 0x000002b1f53cf400,
0x000002b1f53d0e40, 0x000002b1f53d1b60, 0x000002b1f53cfa90, 0x000002b1f53d0120,
0x000002b1f53ce6e0, 0x000002b1f53d42c0, 0x000002b1f53d3c30, 0x000002b1f53d2880,
0x000002b1f53d14d0, 0x000002b1f53d4950, 0x000002b1f53d2f10, 0x000002b1f53d35a0,
0x000002b1f53d5670, 0x000002b1f28cc760, 0x000002b1f28ce830, 0x000002b1f28ceec0,
0x000002b1f28d0270, 0x000002b1f28ccdf0, 0x000002b1f28cfbe0, 0x000002b1f28d0900,
0x000002b1f28cf550, 0x000002b1f28cd480, 0x000002b1f28d0f90, 0x000002b1f28d1620,
0x000002b1f28ce1a0, 0x000002b1f28d1cb0, 0x000002b1f28d3060, 0x000002b1f28d2340,
0x000002b1f28d29d0, 0x000002b1f28d36f0, 0x000002b1f28d3d80, 0x000002b1f3041dc0,
0x000002b1f30410a0, 0x000002b1f303f660, 0x000002b1f303efd0, 0x000002b1f3042450,
0x000002b1f3043170, 0x000002b1f303fcf0, 0x000002b1f3043800, 0x000002b1f3040380,
0x000002b1f3043e90, 0x000002b1f3041730, 0x000002b1f3044520, 0x000002b1f30458d0,
0x000002b1f3045f60, 0x000002b1f3044bb0, 0x000002b1f3045240, 0x000002b1f30465f0,
0x000002b1f2427d00, 0x000002b1f31febf0, 0x000002b1f31ff280, 0x000002b1f533b380,
0x000002b1f533acb0, 0x000002b1f3200cc0, 0x000002b1f3200630, 0x000002b1f31ff910,
0x000002b1f3203ab0, 0x000002b1f3204140, 0x000002b1f3202700, 0x000002b1f3202d90,
0x000002b1f3203420, 0x000002b1f32047d0, 0x000002b1f3201350, 0x000002b1f3204e60,
0x000002b1f32019e0, 0x000002b1f32054f0, 0x000002b1f50c2e70
}

Java Threads: ( => current thread )
  0x000002b18c68a480 JavaThread "main"                              [_thread_blocked, id=20924, stack(0x000000c814d00000,0x000000c814e00000) (1024K)]
  0x000002b1ed9a4090 JavaThread "Reference Handler"          daemon [_thread_blocked, id=15900, stack(0x000000c815100000,0x000000c815200000) (1024K)]
  0x000002b1ed9a7bf0 JavaThread "Finalizer"                  daemon [_thread_blocked, id=28776, stack(0x000000c815200000,0x000000c815300000) (1024K)]
  0x000002b1ed9abd60 JavaThread "Signal Dispatcher"          daemon [_thread_blocked, id=19804, stack(0x000000c815300000,0x000000c815400000) (1024K)]
  0x000002b1ed9aeb50 JavaThread "Attach Listener"            daemon [_thread_blocked, id=14464, stack(0x000000c815400000,0x000000c815500000) (1024K)]
  0x000002b1ed9b0b10 JavaThread "Service Thread"             daemon [_thread_blocked, id=8820, stack(0x000000c815500000,0x000000c815600000) (1024K)]
  0x000002b1ed9baa90 JavaThread "Monitor Deflation Thread"   daemon [_thread_blocked, id=4020, stack(0x000000c815600000,0x000000c815700000) (1024K)]
  0x000002b1ed9c0a40 JavaThread "C2 CompilerThread0"         daemon [_thread_in_native, id=28620, stack(0x000000c815700000,0x000000c815800000) (1024K)]
  0x000002b1ed9c2c00 JavaThread "C1 CompilerThread0"         daemon [_thread_blocked, id=34764, stack(0x000000c815800000,0x000000c815900000) (1024K)]
  0x000002b1edb97230 JavaThread "Common-Cleaner"             daemon [_thread_blocked, id=8668, stack(0x000000c815a00000,0x000000c815b00000) (1024K)]
  0x000002b1edc64820 JavaThread "Notification Thread"        daemon [_thread_blocked, id=16244, stack(0x000000c815900000,0x000000c815a00000) (1024K)]
  0x000002b1f2716cc0 JavaThread "Active Thread: Equinox Container: ce4ef337-6ce6-49c4-84bd-7690f0dcf754"        [_thread_blocked, id=4160, stack(0x000000c816100000,0x000000c816200000) (1024K)]
  0x000002b1f277cf80 JavaThread "Refresh Thread: Equinox Container: ce4ef337-6ce6-49c4-84bd-7690f0dcf754" daemon [_thread_blocked, id=14868, stack(0x000000c816300000,0x000000c816400000) (1024K)]
  0x000002b1f276eed0 JavaThread "Framework Event Dispatcher: Equinox Container: ce4ef337-6ce6-49c4-84bd-7690f0dcf754" daemon [_thread_blocked, id=9952, stack(0x000000c816400000,0x000000c816500000) (1024K)]
  0x000002b1f276f540 JavaThread "Start Level: Equinox Container: ce4ef337-6ce6-49c4-84bd-7690f0dcf754" daemon [_thread_blocked, id=12600, stack(0x000000c816500000,0x000000c816600000) (1024K)]
  0x000002b1f27cdd10 JavaThread "Bundle File Closer"         daemon [_thread_blocked, id=29872, stack(0x000000c816900000,0x000000c816a00000) (1024K)]
  0x000002b1eda74730 JavaThread "SCR Component Actor"        daemon [_thread_blocked, id=15892, stack(0x000000c816600000,0x000000c816700000) (1024K)]
  0x000002b1edb31120 JavaThread "Worker-JM"                         [_thread_blocked, id=11512, stack(0x000000c816b00000,0x000000c816c00000) (1024K)]
  0x000002b1f24290b0 JavaThread "JNA Cleaner"                daemon [_thread_blocked, id=23100, stack(0x000000c816a00000,0x000000c816b00000) (1024K)]
  0x000002b1f2429740 JavaThread "Worker-0"                          [_thread_blocked, id=27372, stack(0x000000c816d00000,0x000000c816e00000) (1024K)]
  0x000002b1f2427670 JavaThread "Worker-1"                          [_thread_blocked, id=19376, stack(0x000000c816e00000,0x000000c816f00000) (1024K)]
  0x000002b1f24262c0 JavaThread "Worker-2"                          [_thread_blocked, id=1788, stack(0x000000c816f00000,0x000000c817000000) (1024K)]
  0x000002b1f2426950 JavaThread "Worker-3"                          [_thread_blocked, id=32252, stack(0x000000c817000000,0x000000c817100000) (1024K)]
  0x000002b1f2426fe0 JavaThread "Java indexing"              daemon [_thread_blocked, id=12904, stack(0x000000c817100000,0x000000c817200000) (1024K)]
  0x000002b1f2428390 JavaThread "Worker-4"                          [_thread_blocked, id=4648, stack(0x000000c817400000,0x000000c817500000) (1024K)]
  0x000002b1f53d07b0 JavaThread "Thread-1"                   daemon [_thread_in_native, id=22348, stack(0x000000c817500000,0x000000c817600000) (1024K)]
  0x000002b1f53ced70 JavaThread "Thread-2"                   daemon [_thread_in_native, id=25244, stack(0x000000c817600000,0x000000c817700000) (1024K)]
  0x000002b1f53cf400 JavaThread "Thread-3"                   daemon [_thread_in_native, id=35468, stack(0x000000c817700000,0x000000c817800000) (1024K)]
  0x000002b1f53d0e40 JavaThread "Thread-4"                   daemon [_thread_in_native, id=26928, stack(0x000000c817800000,0x000000c817900000) (1024K)]
  0x000002b1f53d1b60 JavaThread "Thread-5"                   daemon [_thread_in_native, id=26240, stack(0x000000c817900000,0x000000c817a00000) (1024K)]
  0x000002b1f53cfa90 JavaThread "Thread-6"                   daemon [_thread_in_native, id=5760, stack(0x000000c817a00000,0x000000c817b00000) (1024K)]
  0x000002b1f53d0120 JavaThread "Thread-7"                   daemon [_thread_in_native, id=12684, stack(0x000000c817b00000,0x000000c817c00000) (1024K)]
  0x000002b1f53ce6e0 JavaThread "Thread-8"                   daemon [_thread_in_native, id=20524, stack(0x000000c817c00000,0x000000c817d00000) (1024K)]
  0x000002b1f53d42c0 JavaThread "Thread-9"                   daemon [_thread_in_native, id=27316, stack(0x000000c817d00000,0x000000c817e00000) (1024K)]
  0x000002b1f53d3c30 JavaThread "Thread-10"                  daemon [_thread_in_native, id=4380, stack(0x000000c817e00000,0x000000c817f00000) (1024K)]
  0x000002b1f53d2880 JavaThread "Thread-11"                  daemon [_thread_in_native, id=32548, stack(0x000000c817f00000,0x000000c818000000) (1024K)]
  0x000002b1f53d14d0 JavaThread "Thread-12"                  daemon [_thread_in_native, id=12748, stack(0x000000c818000000,0x000000c818100000) (1024K)]
  0x000002b1f53d4950 JavaThread "Thread-13"                  daemon [_thread_in_native, id=35096, stack(0x000000c818100000,0x000000c818200000) (1024K)]
  0x000002b1f53d2f10 JavaThread "pool-2-thread-1"                   [_thread_blocked, id=20984, stack(0x000000c818200000,0x000000c818300000) (1024K)]
  0x000002b1f53d35a0 JavaThread "WorkspaceEventsHandler"            [_thread_blocked, id=35632, stack(0x000000c818300000,0x000000c818400000) (1024K)]
  0x000002b1f53d5670 JavaThread "pool-1-thread-1"                   [_thread_blocked, id=15140, stack(0x000000c818400000,0x000000c818500000) (1024K)]
  0x000002b1f28cc760 JavaThread "LocalFile Deleter"          daemon [_thread_blocked, id=16348, stack(0x000000c818500000,0x000000c818600000) (1024K)]
  0x000002b1f28ce830 JavaThread "LocalFile Deleter"          daemon [_thread_blocked, id=15504, stack(0x000000c818600000,0x000000c818700000) (1024K)]
  0x000002b1f28ceec0 JavaThread "LocalFile Deleter"          daemon [_thread_blocked, id=29688, stack(0x000000c818700000,0x000000c818800000) (1024K)]
  0x000002b1f28d0270 JavaThread "LocalFile Deleter"          daemon [_thread_blocked, id=34828, stack(0x000000c818800000,0x000000c818900000) (1024K)]
  0x000002b1f28ccdf0 JavaThread "LocalFile Deleter"          daemon [_thread_blocked, id=31204, stack(0x000000c818900000,0x000000c818a00000) (1024K)]
  0x000002b1f28cfbe0 JavaThread "LocalFile Deleter"          daemon [_thread_blocked, id=33192, stack(0x000000c818a00000,0x000000c818b00000) (1024K)]
  0x000002b1f28d0900 JavaThread "LocalFile Deleter"          daemon [_thread_blocked, id=12216, stack(0x000000c818b00000,0x000000c818c00000) (1024K)]
  0x000002b1f28cf550 JavaThread "LocalFile Deleter"          daemon [_thread_blocked, id=25368, stack(0x000000c818c00000,0x000000c818d00000) (1024K)]
  0x000002b1f28cd480 JavaThread "LocalFile Deleter"          daemon [_thread_blocked, id=20512, stack(0x000000c818d00000,0x000000c818e00000) (1024K)]
  0x000002b1f28d0f90 JavaThread "LocalFile Deleter"          daemon [_thread_blocked, id=28136, stack(0x000000c818e00000,0x000000c818f00000) (1024K)]
  0x000002b1f28d1620 JavaThread "LocalFile Deleter"          daemon [_thread_blocked, id=30152, stack(0x000000c818f00000,0x000000c819000000) (1024K)]
  0x000002b1f28ce1a0 JavaThread "LocalFile Deleter"          daemon [_thread_blocked, id=25288, stack(0x000000c819000000,0x000000c819100000) (1024K)]
  0x000002b1f28d1cb0 JavaThread "Compiler Source File Reader" daemon [_thread_blocked, id=34652, stack(0x000000c819100000,0x000000c819200000) (1024K)]
  0x000002b1f28d3060 JavaThread "Compiler Source File Reader" daemon [_thread_blocked, id=876, stack(0x000000c819200000,0x000000c819300000) (1024K)]
  0x000002b1f28d2340 JavaThread "Compiler Source File Reader" daemon [_thread_blocked, id=22636, stack(0x000000c819300000,0x000000c819400000) (1024K)]
  0x000002b1f28d29d0 JavaThread "Compiler Source File Reader" daemon [_thread_blocked, id=25992, stack(0x000000c819400000,0x000000c819500000) (1024K)]
  0x000002b1f28d36f0 JavaThread "Compiler Source File Reader" daemon [_thread_blocked, id=35508, stack(0x000000c819500000,0x000000c819600000) (1024K)]
  0x000002b1f28d3d80 JavaThread "Compiler Source File Reader" daemon [_thread_blocked, id=16148, stack(0x000000c819600000,0x000000c819700000) (1024K)]
  0x000002b1f3041dc0 JavaThread "Compiler Source File Reader" daemon [_thread_blocked, id=32128, stack(0x000000c819700000,0x000000c819800000) (1024K)]
  0x000002b1f30410a0 JavaThread "Compiler Processing Task"   daemon [_thread_blocked, id=27576, stack(0x000000c819800000,0x000000c819900000) (1024K)]
  0x000002b1f303f660 JavaThread "Compiler Class File Writer" daemon [_thread_blocked, id=18104, stack(0x000000c819900000,0x000000c819a00000) (1024K)]
  0x000002b1f303efd0 JavaThread "Compiler Class File Writer" daemon [_thread_blocked, id=19228, stack(0x000000c819a00000,0x000000c819b00000) (1024K)]
  0x000002b1f3042450 JavaThread "Compiler Class File Writer" daemon [_thread_blocked, id=21708, stack(0x000000c819b00000,0x000000c819c00000) (1024K)]
  0x000002b1f3043170 JavaThread "Compiler Class File Writer" daemon [_thread_blocked, id=21512, stack(0x000000c819c00000,0x000000c819d00000) (1024K)]
  0x000002b1f303fcf0 JavaThread "Compiler Class File Writer" daemon [_thread_blocked, id=19264, stack(0x000000c819d00000,0x000000c819e00000) (1024K)]
  0x000002b1f3043800 JavaThread "Compiler Class File Writer" daemon [_thread_blocked, id=12436, stack(0x000000c819e00000,0x000000c819f00000) (1024K)]
  0x000002b1f3040380 JavaThread "Compiler Class File Writer" daemon [_thread_blocked, id=17452, stack(0x000000c819f00000,0x000000c81a000000) (1024K)]
  0x000002b1f3043e90 JavaThread "Compiler Source File Reader" daemon [_thread_blocked, id=13380, stack(0x000000c81a000000,0x000000c81a100000) (1024K)]
  0x000002b1f3041730 JavaThread "Compiler Class File Writer" daemon [_thread_blocked, id=33628, stack(0x000000c81a100000,0x000000c81a200000) (1024K)]
  0x000002b1f3044520 JavaThread "PatternSearchJob-worker-1"  daemon [_thread_blocked, id=24408, stack(0x000000c81a200000,0x000000c81a300000) (1024K)]
  0x000002b1f30458d0 JavaThread "PatternSearchJob-worker-2"  daemon [_thread_blocked, id=21568, stack(0x000000c81a300000,0x000000c81a400000) (1024K)]
  0x000002b1f3045f60 JavaThread "PatternSearchJob-worker-3"  daemon [_thread_blocked, id=34676, stack(0x000000c81a400000,0x000000c81a500000) (1024K)]
  0x000002b1f3044bb0 JavaThread "Compiler Source File Reader" daemon [_thread_blocked, id=29352, stack(0x000000c816c00000,0x000000c816d00000) (1024K)]
  0x000002b1f3045240 JavaThread "Compiler Source File Reader" daemon [_thread_blocked, id=18752, stack(0x000000c81a500000,0x000000c81a600000) (1024K)]
  0x000002b1f30465f0 JavaThread "Compiler Class File Writer" daemon [_thread_blocked, id=30116, stack(0x000000c81a600000,0x000000c81a700000) (1024K)]
  0x000002b1f2427d00 JavaThread "Compiler Class File Writer" daemon [_thread_blocked, id=31860, stack(0x000000c81a700000,0x000000c81a800000) (1024K)]
  0x000002b1f31febf0 JavaThread "ForkJoinPool.commonPool-worker-1" daemon [_thread_blocked, id=21944, stack(0x000000c81a800000,0x000000c81a900000) (1024K)]
  0x000002b1f31ff280 JavaThread "ForkJoinPool.commonPool-worker-2" daemon [_thread_blocked, id=1808, stack(0x000000c81a900000,0x000000c81aa00000) (1024K)]
=>0x000002b1f533b380 JavaThread "C2 CompilerThread1"         daemon [_thread_in_native, id=20684, stack(0x000000c81aa00000,0x000000c81ab00000) (1024K)]
  0x000002b1f533acb0 JavaThread "C2 CompilerThread2"         daemon [_thread_in_native, id=10500, stack(0x000000c81ab00000,0x000000c81ac00000) (1024K)]
  0x000002b1f3200cc0 JavaThread "ForkJoinPool.commonPool-worker-3" daemon [_thread_blocked, id=34044, stack(0x000000c81ac00000,0x000000c81ad00000) (1024K)]
  0x000002b1f3200630 JavaThread "ForkJoinPool.commonPool-worker-4" daemon [_thread_blocked, id=2912, stack(0x000000c81ad00000,0x000000c81ae00000) (1024K)]
  0x000002b1f31ff910 JavaThread "ForkJoinPool.commonPool-worker-5" daemon [_thread_blocked, id=4400, stack(0x000000c81ae00000,0x000000c81af00000) (1024K)]
  0x000002b1f3203ab0 JavaThread "ForkJoinPool.commonPool-worker-6" daemon [_thread_blocked, id=15120, stack(0x000000c81af00000,0x000000c81b000000) (1024K)]
  0x000002b1f3204140 JavaThread "ForkJoinPool.commonPool-worker-7" daemon [_thread_blocked, id=33704, stack(0x000000c81b000000,0x000000c81b100000) (1024K)]
  0x000002b1f3202700 JavaThread "PatternSearchJob-worker-4"  daemon [_thread_blocked, id=29260, stack(0x000000c81b100000,0x000000c81b200000) (1024K)]
  0x000002b1f3202d90 JavaThread "PatternSearchJob-worker-5"  daemon [_thread_blocked, id=2768, stack(0x000000c81b200000,0x000000c81b300000) (1024K)]
  0x000002b1f3203420 JavaThread "PatternSearchJob-worker-6"  daemon [_thread_blocked, id=7532, stack(0x000000c81b300000,0x000000c81b400000) (1024K)]
  0x000002b1f32047d0 JavaThread "PatternSearchJob-worker-7"  daemon [_thread_blocked, id=27764, stack(0x000000c81b400000,0x000000c81b500000) (1024K)]
  0x000002b1f3201350 JavaThread "PatternSearchJob-worker-8"  daemon [_thread_blocked, id=20956, stack(0x000000c81b500000,0x000000c81b600000) (1024K)]
  0x000002b1f3204e60 JavaThread "PatternSearchJob-worker-9"  daemon [_thread_blocked, id=35268, stack(0x000000c81b600000,0x000000c81b700000) (1024K)]
  0x000002b1f32019e0 JavaThread "PatternSearchJob-worker-10" daemon [_thread_blocked, id=18784, stack(0x000000c81b700000,0x000000c81b800000) (1024K)]
  0x000002b1f32054f0 JavaThread "PatternSearchJob-worker-11" daemon [_thread_blocked, id=12648, stack(0x000000c81b800000,0x000000c81b900000) (1024K)]
  0x000002b1f50c2e70 JavaThread "ForkJoinPool.commonPool-worker-8" daemon [_thread_blocked, id=18292, stack(0x000000c81b900000,0x000000c81ba00000) (1024K)]
Total: 95

Other Threads:
  0x000002b18eb0eaf0 VMThread "VM Thread"                           [id=6772, stack(0x000000c815000000,0x000000c815100000) (1024K)]
  0x000002b1aa8fca00 WatcherThread "VM Periodic Task Thread"        [id=10496, stack(0x000000c814f00000,0x000000c815000000) (1024K)]
  0x000002b18ea72410 WorkerThread "GC Thread#0"                     [id=18988, stack(0x000000c814e00000,0x000000c814f00000) (1024K)]
  0x000002b1f249ae50 WorkerThread "GC Thread#1"                     [id=32140, stack(0x000000c815b00000,0x000000c815c00000) (1024K)]
  0x000002b1f249a6f0 WorkerThread "GC Thread#2"                     [id=32480, stack(0x000000c815c00000,0x000000c815d00000) (1024K)]
  0x000002b1f2499f90 WorkerThread "GC Thread#3"                     [id=14308, stack(0x000000c815d00000,0x000000c815e00000) (1024K)]
  0x000002b1f249a340 WorkerThread "GC Thread#4"                     [id=19392, stack(0x000000c815e00000,0x000000c815f00000) (1024K)]
  0x000002b1f249aaa0 WorkerThread "GC Thread#5"                     [id=34308, stack(0x000000c815f00000,0x000000c816000000) (1024K)]
  0x000002b1f2499830 WorkerThread "GC Thread#6"                     [id=35100, stack(0x000000c816000000,0x000000c816100000) (1024K)]
  0x000002b1f254e8a0 WorkerThread "GC Thread#7"                     [id=25548, stack(0x000000c816200000,0x000000c816300000) (1024K)]
  0x000002b1f254e140 WorkerThread "GC Thread#8"                     [id=9208, stack(0x000000c816700000,0x000000c816800000) (1024K)]
  0x000002b1f254ced0 WorkerThread "GC Thread#9"                     [id=14000, stack(0x000000c816800000,0x000000c816900000) (1024K)]
Total: 12

Threads with active compile tasks:
C2 CompilerThread0  51096 16152       4       lombok.eclipse.EclipseAST::drill (80 bytes)
C2 CompilerThread1  51096 16002       4       lombok.core.AST::buildWithField (21 bytes)
C2 CompilerThread2  51096 16037   !   4       lombok.core.AST::buildWithField0 (121 bytes)
Total: 3

VM state: not at safepoint (normal execution)

VM Mutex/Monitor currently owned by a thread: None

Heap address: 0x0000000080000000, size: 2048 MB, Compressed Oops mode: 32-bit

CDS archive(s) mapped at: [0x000002b1ab000000-0x000002b1abc80000-0x000002b1abc80000), size 13107200, SharedBaseAddress: 0x000002b1ab000000, ArchiveRelocationMode: 1.
Compressed class space mapped at: 0x000002b1ac000000-0x000002b1ec000000, reserved size: 1073741824
Narrow klass base: 0x000002b1ab000000, Narrow klass shift: 0, Narrow klass range: 0x100000000

GC Precious Log:
 CardTable entry size: 512
 CPUs: 12 total, 12 available
 Memory: 5989M
 Large Page Support: Disabled
 NUMA Support: Disabled
 Compressed Oops: Enabled (32-bit)
 Alignments: Space 512K, Generation 512K, Heap 2M
 Heap Min Capacity: 100M
 Heap Initial Capacity: 100M
 Heap Max Capacity: 2G
 Pre-touch: Disabled
 Parallel Workers: 10

Heap:
 PSYoungGen      total 7680K, used 7353K [0x00000000d5580000, 0x00000000d5f00000, 0x0000000100000000)
  eden space 6656K, 95% used [0x00000000d5580000,0x00000000d5bb5388,0x00000000d5c00000)
  from space 1024K, 97% used [0x00000000d5c80000,0x00000000d5d79210,0x00000000d5d80000)
  to   space 1536K, 0% used [0x00000000d5d80000,0x00000000d5d80000,0x00000000d5f00000)
 ParOldGen       total 250880K, used 250825K [0x0000000080000000, 0x000000008f500000, 0x00000000d5580000)
  object space 250880K, 99% used [0x0000000080000000,0x000000008f4f2650,0x000000008f500000)
 Metaspace       used 72194K, committed 73664K, reserved 1179648K
  class space    used 7369K, committed 8000K, reserved 1048576K

Card table byte_map: [0x000002b18e3f0000,0x000002b18e800000] _byte_map_base: 0x000002b18dff0000

Marking Bits: (ParMarkBitMap*) 0x00007ffb0eea4460
 Begin Bits: [0x000002b1a6420000, 0x000002b1a8420000)
 End Bits:   [0x000002b1a8420000, 0x000002b1aa420000)

Polling page: 0x000002b18c990000

Metaspace:

Usage:
  Non-class:     63.31 MB used.
      Class:      7.20 MB used.
       Both:     70.50 MB used.

Virtual space:
  Non-class space:      128.00 MB reserved,      64.12 MB ( 50%) committed,  2 nodes.
      Class space:        1.00 GB reserved,       7.81 MB ( <1%) committed,  1 nodes.
             Both:        1.12 GB reserved,      71.94 MB (  6%) committed. 

Chunk freelists:
   Non-Class:  15.88 MB
       Class:  8.17 MB
        Both:  24.05 MB

MaxMetaspaceSize: unlimited
CompressedClassSpaceSize: 1.00 GB
Initial GC threshold: 21.00 MB
Current GC threshold: 97.31 MB
CDS: on
 - commit_granule_bytes: 65536.
 - commit_granule_words: 8192.
 - virtual_space_node_default_size: 8388608.
 - enlarge_chunks_in_place: 1.
 - use_allocation_guard: 0.


Internal statistics:

num_allocs_failed_limit: 11.
num_arena_births: 1360.
num_arena_deaths: 20.
num_vsnodes_births: 3.
num_vsnodes_deaths: 0.
num_space_committed: 1150.
num_space_uncommitted: 0.
num_chunks_returned_to_freelist: 34.
num_chunks_taken_from_freelist: 4978.
num_chunk_merges: 13.
num_chunk_splits: 2936.
num_chunks_enlarged: 1507.
num_inconsistent_stats: 0.

CodeHeap 'non-profiled nmethods': size=120000Kb used=11342Kb max_used=11342Kb free=108657Kb
 bounds [0x000002b19ec40000, 0x000002b19f760000, 0x000002b1a6170000]
CodeHeap 'profiled nmethods': size=120000Kb used=36216Kb max_used=36216Kb free=83783Kb
 bounds [0x000002b197170000, 0x000002b1994d0000, 0x000002b19e6a0000]
CodeHeap 'non-nmethods': size=5760Kb used=1463Kb max_used=1578Kb free=4296Kb
 bounds [0x000002b19e6a0000, 0x000002b19e910000, 0x000002b19ec40000]
CodeCache: size=245760Kb, used=49021Kb, max_used=49136Kb, free=196736Kb
 total_blobs=16123, nmethods=15340, adapters=685, full_count=0
Compilation: enabled, stopped_count=0, restarted_count=0

Compilation events (20 events):
Event: 50.603 Thread 0x000002b1ed9c2c00 nmethod 16179 0x000002b199487490 code [0x000002b199487620, 0x000002b199487730]
Event: 50.610 Thread 0x000002b1ed9c2c00 16180       1       org.eclipse.jdt.core.dom.BodyDeclaration::getJavadoc (5 bytes)
Event: 50.611 Thread 0x000002b1ed9c2c00 nmethod 16180 0x000002b19f746d10 code [0x000002b19f746ea0, 0x000002b19f746f68]
Event: 50.612 Thread 0x000002b1ed9c2c00 16181   !   3       org.eclipse.jdt.internal.compiler.parser.Scanner::getNextToken0 (3068 bytes)
Event: 50.644 Thread 0x000002b1ed9c2c00 nmethod 16181 0x000002b199487810 code [0x000002b1994884e0, 0x000002b19948fff0]
Event: 50.645 Thread 0x000002b1ed9c2c00 16184       3       org.eclipse.jdt.core.dom.ASTNode::setFlags (28 bytes)
Event: 50.646 Thread 0x000002b1ed9c2c00 nmethod 16184 0x000002b199493010 code [0x000002b1994931c0, 0x000002b1994933f0]
Event: 50.646 Thread 0x000002b1ed9c2c00 16186       3       org.eclipse.jdt.internal.core.CompilationUnit::equals (43 bytes)
Event: 50.647 Thread 0x000002b1ed9c2c00 nmethod 16186 0x000002b199493590 code [0x000002b199493780, 0x000002b199493ce8]
Event: 50.647 Thread 0x000002b1ed9c2c00 16182       2       org.eclipse.jdt.internal.corext.dom.ASTNodes$4::visitNode (15 bytes)
Event: 50.647 Thread 0x000002b1ed9c2c00 nmethod 16182 0x000002b199493e10 code [0x000002b199493fc0, 0x000002b199494100]
Event: 50.647 Thread 0x000002b1ed9c2c00 16183       2       org.eclipse.jdt.internal.corext.dom.GenericVisitor::endVisitNode (1 bytes)
Event: 50.647 Thread 0x000002b1ed9c2c00 nmethod 16183 0x000002b199494210 code [0x000002b1994943a0, 0x000002b1994944a8]
Event: 50.648 Thread 0x000002b1ed9c2c00 16185       2       org.eclipse.jdt.core.dom.ASTNode::getFlags (9 bytes)
Event: 50.648 Thread 0x000002b1ed9c2c00 nmethod 16185 0x000002b199494510 code [0x000002b1994946a0, 0x000002b1994947b0]
Event: 50.651 Thread 0x000002b1ed9c2c00 16187       2       org.eclipse.jdt.internal.compiler.parser.Scanner::getLineEnd (61 bytes)
Event: 50.652 Thread 0x000002b1ed9c2c00 nmethod 16187 0x000002b199494890 code [0x000002b199494a40, 0x000002b199494c60]
Event: 50.654 Thread 0x000002b1ed9c2c00 16188       2       org.eclipse.jdt.internal.compiler.parser.Scanner::getLineStart (57 bytes)
Event: 50.654 Thread 0x000002b1ed9c2c00 nmethod 16188 0x000002b199494d10 code [0x000002b199494ec0, 0x000002b1994950e8]
Event: 50.663 Thread 0x000002b1ed9c2c00 16189       3       org.eclipse.jdt.internal.compiler.parser.Scanner::internalScanIdentifierOrKeyword (5041 bytes)

GC Heap History (20 events):
Event: 47.459 GC heap before
{Heap before GC invocations=535 (full 3):
 PSYoungGen      total 8192K, used 7975K [0x00000000d5580000, 0x00000000d6000000, 0x0000000100000000)
  eden space 6656K, 98% used [0x00000000d5580000,0x00000000d5be6e28,0x00000000d5c00000)
  from space 1536K, 92% used [0x00000000d5c00000,0x00000000d5d62fc8,0x00000000d5d80000)
  to   space 2048K, 0% used [0x00000000d5e00000,0x00000000d5e00000,0x00000000d6000000)
 ParOldGen       total 246784K, used 246469K [0x0000000080000000, 0x000000008f100000, 0x00000000d5580000)
  object space 246784K, 99% used [0x0000000080000000,0x000000008f0b1780,0x000000008f100000)
 Metaspace       used 71845K, committed 73344K, reserved 1114112K
  class space    used 7350K, committed 7936K, reserved 1048576K
}
Event: 47.464 GC heap after
{Heap after GC invocations=535 (full 3):
 PSYoungGen      total 7680K, used 688K [0x00000000d5580000, 0x00000000d5f00000, 0x0000000100000000)
  eden space 6656K, 0% used [0x00000000d5580000,0x00000000d5580000,0x00000000d5c00000)
  from space 1024K, 67% used [0x00000000d5e00000,0x00000000d5eac010,0x00000000d5f00000)
  to   space 1024K, 0% used [0x00000000d5d00000,0x00000000d5d00000,0x00000000d5e00000)
 ParOldGen       total 247296K, used 247057K [0x0000000080000000, 0x000000008f180000, 0x00000000d5580000)
  object space 247296K, 99% used [0x0000000080000000,0x000000008f144428,0x000000008f180000)
 Metaspace       used 71845K, committed 73344K, reserved 1114112K
  class space    used 7350K, committed 7936K, reserved 1048576K
}
Event: 47.724 GC heap before
{Heap before GC invocations=536 (full 3):
 PSYoungGen      total 7680K, used 7344K [0x00000000d5580000, 0x00000000d5f00000, 0x0000000100000000)
  eden space 6656K, 100% used [0x00000000d5580000,0x00000000d5c00000,0x00000000d5c00000)
  from space 1024K, 67% used [0x00000000d5e00000,0x00000000d5eac010,0x00000000d5f00000)
  to   space 1024K, 0% used [0x00000000d5d00000,0x00000000d5d00000,0x00000000d5e00000)
 ParOldGen       total 247296K, used 247057K [0x0000000080000000, 0x000000008f180000, 0x00000000d5580000)
  object space 247296K, 99% used [0x0000000080000000,0x000000008f144428,0x000000008f180000)
 Metaspace       used 71865K, committed 73344K, reserved 1114112K
  class space    used 7350K, committed 7936K, reserved 1048576K
}
Event: 47.725 GC heap after
{Heap after GC invocations=536 (full 3):
 PSYoungGen      total 7168K, used 497K [0x00000000d5580000, 0x00000000d5e80000, 0x0000000100000000)
  eden space 6656K, 0% used [0x00000000d5580000,0x00000000d5580000,0x00000000d5c00000)
  from space 512K, 97% used [0x00000000d5d00000,0x00000000d5d7c6d8,0x00000000d5d80000)
  to   space 1024K, 0% used [0x00000000d5d80000,0x00000000d5d80000,0x00000000d5e80000)
 ParOldGen       total 247296K, used 247137K [0x0000000080000000, 0x000000008f180000, 0x00000000d5580000)
  object space 247296K, 99% used [0x0000000080000000,0x000000008f158428,0x000000008f180000)
 Metaspace       used 71865K, committed 73344K, reserved 1114112K
  class space    used 7350K, committed 7936K, reserved 1048576K
}
Event: 48.105 GC heap before
{Heap before GC invocations=537 (full 3):
 PSYoungGen      total 7168K, used 7153K [0x00000000d5580000, 0x00000000d5e80000, 0x0000000100000000)
  eden space 6656K, 100% used [0x00000000d5580000,0x00000000d5c00000,0x00000000d5c00000)
  from space 512K, 97% used [0x00000000d5d00000,0x00000000d5d7c6d8,0x00000000d5d80000)
  to   space 1024K, 0% used [0x00000000d5d80000,0x00000000d5d80000,0x00000000d5e80000)
 ParOldGen       total 247296K, used 247137K [0x0000000080000000, 0x000000008f180000, 0x00000000d5580000)
  object space 247296K, 99% used [0x0000000080000000,0x000000008f158428,0x000000008f180000)
 Metaspace       used 71918K, committed 73408K, reserved 1114112K
  class space    used 7350K, committed 7936K, reserved 1048576K
}
Event: 48.109 GC heap after
{Heap after GC invocations=537 (full 3):
 PSYoungGen      total 7168K, used 480K [0x00000000d5580000, 0x00000000d5e00000, 0x0000000100000000)
  eden space 6656K, 0% used [0x00000000d5580000,0x00000000d5580000,0x00000000d5c00000)
  from space 512K, 93% used [0x00000000d5d80000,0x00000000d5df8000,0x00000000d5e00000)
  to   space 512K, 0% used [0x00000000d5d00000,0x00000000d5d00000,0x00000000d5d80000)
 ParOldGen       total 247808K, used 247535K [0x0000000080000000, 0x000000008f200000, 0x00000000d5580000)
  object space 247808K, 99% used [0x0000000080000000,0x000000008f1bbd48,0x000000008f200000)
 Metaspace       used 71918K, committed 73408K, reserved 1114112K
  class space    used 7350K, committed 7936K, reserved 1048576K
}
Event: 48.246 GC heap before
{Heap before GC invocations=538 (full 3):
 PSYoungGen      total 7168K, used 7136K [0x00000000d5580000, 0x00000000d5e00000, 0x0000000100000000)
  eden space 6656K, 100% used [0x00000000d5580000,0x00000000d5c00000,0x00000000d5c00000)
  from space 512K, 93% used [0x00000000d5d80000,0x00000000d5df8000,0x00000000d5e00000)
  to   space 512K, 0% used [0x00000000d5d00000,0x00000000d5d00000,0x00000000d5d80000)
 ParOldGen       total 247808K, used 247535K [0x0000000080000000, 0x000000008f200000, 0x00000000d5580000)
  object space 247808K, 99% used [0x0000000080000000,0x000000008f1bbd48,0x000000008f200000)
 Metaspace       used 71926K, committed 73408K, reserved 1114112K
  class space    used 7350K, committed 7936K, reserved 1048576K
}
Event: 48.248 GC heap after
{Heap after GC invocations=538 (full 3):
 PSYoungGen      total 7168K, used 256K [0x00000000d5580000, 0x00000000d5e00000, 0x0000000100000000)
  eden space 6656K, 0% used [0x00000000d5580000,0x00000000d5580000,0x00000000d5c00000)
  from space 512K, 50% used [0x00000000d5d00000,0x00000000d5d40000,0x00000000d5d80000)
  to   space 512K, 0% used [0x00000000d5d80000,0x00000000d5d80000,0x00000000d5e00000)
 ParOldGen       total 247808K, used 247791K [0x0000000080000000, 0x000000008f200000, 0x00000000d5580000)
  object space 247808K, 99% used [0x0000000080000000,0x000000008f1fbd48,0x000000008f200000)
 Metaspace       used 71926K, committed 73408K, reserved 1114112K
  class space    used 7350K, committed 7936K, reserved 1048576K
}
Event: 48.703 GC heap before
{Heap before GC invocations=539 (full 3):
 PSYoungGen      total 7168K, used 6910K [0x00000000d5580000, 0x00000000d5e00000, 0x0000000100000000)
  eden space 6656K, 99% used [0x00000000d5580000,0x00000000d5bff9c8,0x00000000d5c00000)
  from space 512K, 50% used [0x00000000d5d00000,0x00000000d5d40000,0x00000000d5d80000)
  to   space 512K, 0% used [0x00000000d5d80000,0x00000000d5d80000,0x00000000d5e00000)
 ParOldGen       total 247808K, used 247791K [0x0000000080000000, 0x000000008f200000, 0x00000000d5580000)
  object space 247808K, 99% used [0x0000000080000000,0x000000008f1fbd48,0x000000008f200000)
 Metaspace       used 71944K, committed 73408K, reserved 1114112K
  class space    used 7350K, committed 7936K, reserved 1048576K
}
Event: 48.705 GC heap after
{Heap after GC invocations=539 (full 3):
 PSYoungGen      total 7168K, used 416K [0x00000000d5580000, 0x00000000d5e00000, 0x0000000100000000)
  eden space 6656K, 0% used [0x00000000d5580000,0x00000000d5580000,0x00000000d5c00000)
  from space 512K, 81% used [0x00000000d5d80000,0x00000000d5de8000,0x00000000d5e00000)
  to   space 512K, 0% used [0x00000000d5d00000,0x00000000d5d00000,0x00000000d5d80000)
 ParOldGen       total 248320K, used 247847K [0x0000000080000000, 0x000000008f280000, 0x00000000d5580000)
  object space 248320K, 99% used [0x0000000080000000,0x000000008f209d48,0x000000008f280000)
 Metaspace       used 71944K, committed 73408K, reserved 1114112K
  class space    used 7350K, committed 7936K, reserved 1048576K
}
Event: 49.237 GC heap before
{Heap before GC invocations=540 (full 3):
 PSYoungGen      total 7168K, used 7072K [0x00000000d5580000, 0x00000000d5e00000, 0x0000000100000000)
  eden space 6656K, 100% used [0x00000000d5580000,0x00000000d5c00000,0x00000000d5c00000)
  from space 512K, 81% used [0x00000000d5d80000,0x00000000d5de8000,0x00000000d5e00000)
  to   space 512K, 0% used [0x00000000d5d00000,0x00000000d5d00000,0x00000000d5d80000)
 ParOldGen       total 248320K, used 247847K [0x0000000080000000, 0x000000008f280000, 0x00000000d5580000)
  object space 248320K, 99% used [0x0000000080000000,0x000000008f209d48,0x000000008f280000)
 Metaspace       used 71968K, committed 73472K, reserved 1114112K
  class space    used 7352K, committed 7936K, reserved 1048576K
}
Event: 49.239 GC heap after
{Heap after GC invocations=540 (full 3):
 PSYoungGen      total 7168K, used 224K [0x00000000d5580000, 0x00000000d5e00000, 0x0000000100000000)
  eden space 6656K, 0% used [0x00000000d5580000,0x00000000d5580000,0x00000000d5c00000)
  from space 512K, 43% used [0x00000000d5d00000,0x00000000d5d38000,0x00000000d5d80000)
  to   space 512K, 0% used [0x00000000d5d80000,0x00000000d5d80000,0x00000000d5e00000)
 ParOldGen       total 248320K, used 248071K [0x0000000080000000, 0x000000008f280000, 0x00000000d5580000)
  object space 248320K, 99% used [0x0000000080000000,0x000000008f241d48,0x000000008f280000)
 Metaspace       used 71968K, committed 73472K, reserved 1114112K
  class space    used 7352K, committed 7936K, reserved 1048576K
}
Event: 49.771 GC heap before
{Heap before GC invocations=541 (full 3):
 PSYoungGen      total 7168K, used 6880K [0x00000000d5580000, 0x00000000d5e00000, 0x0000000100000000)
  eden space 6656K, 100% used [0x00000000d5580000,0x00000000d5c00000,0x00000000d5c00000)
  from space 512K, 43% used [0x00000000d5d00000,0x00000000d5d38000,0x00000000d5d80000)
  to   space 512K, 0% used [0x00000000d5d80000,0x00000000d5d80000,0x00000000d5e00000)
 ParOldGen       total 248320K, used 248071K [0x0000000080000000, 0x000000008f280000, 0x00000000d5580000)
  object space 248320K, 99% used [0x0000000080000000,0x000000008f241d48,0x000000008f280000)
 Metaspace       used 72044K, committed 73600K, reserved 1179648K
  class space    used 7361K, committed 8000K, reserved 1048576K
}
Event: 49.775 GC heap after
{Heap after GC invocations=541 (full 3):
 PSYoungGen      total 7168K, used 489K [0x00000000d5580000, 0x00000000d5e00000, 0x0000000100000000)
  eden space 6656K, 0% used [0x00000000d5580000,0x00000000d5580000,0x00000000d5c00000)
  from space 512K, 95% used [0x00000000d5d80000,0x00000000d5dfa400,0x00000000d5e00000)
  to   space 1024K, 0% used [0x00000000d5c00000,0x00000000d5c00000,0x00000000d5d00000)
 ParOldGen       total 248832K, used 248439K [0x0000000080000000, 0x000000008f300000, 0x00000000d5580000)
  object space 248832K, 99% used [0x0000000080000000,0x000000008f29dd48,0x000000008f300000)
 Metaspace       used 72044K, committed 73600K, reserved 1179648K
  class space    used 7361K, committed 8000K, reserved 1048576K
}
Event: 49.980 GC heap before
{Heap before GC invocations=542 (full 3):
 PSYoungGen      total 7168K, used 7145K [0x00000000d5580000, 0x00000000d5e00000, 0x0000000100000000)
  eden space 6656K, 100% used [0x00000000d5580000,0x00000000d5c00000,0x00000000d5c00000)
  from space 512K, 95% used [0x00000000d5d80000,0x00000000d5dfa400,0x00000000d5e00000)
  to   space 1024K, 0% used [0x00000000d5c00000,0x00000000d5c00000,0x00000000d5d00000)
 ParOldGen       total 248832K, used 248439K [0x0000000080000000, 0x000000008f300000, 0x00000000d5580000)
  object space 248832K, 99% used [0x0000000080000000,0x000000008f29dd48,0x000000008f300000)
 Metaspace       used 72065K, committed 73600K, reserved 1179648K
  class space    used 7362K, committed 8000K, reserved 1048576K
}
Event: 49.985 GC heap after
{Heap after GC invocations=542 (full 3):
 PSYoungGen      total 7680K, used 1012K [0x00000000d5580000, 0x00000000d6000000, 0x0000000100000000)
  eden space 6656K, 0% used [0x00000000d5580000,0x00000000d5580000,0x00000000d5c00000)
  from space 1024K, 98% used [0x00000000d5c00000,0x00000000d5cfd220,0x00000000d5d00000)
  to   space 2048K, 0% used [0x00000000d5e00000,0x00000000d5e00000,0x00000000d6000000)
 ParOldGen       total 249344K, used 248912K [0x0000000080000000, 0x000000008f380000, 0x00000000d5580000)
  object space 249344K, 99% used [0x0000000080000000,0x000000008f314158,0x000000008f380000)
 Metaspace       used 72065K, committed 73600K, reserved 1179648K
  class space    used 7362K, committed 8000K, reserved 1048576K
}
Event: 50.154 GC heap before
{Heap before GC invocations=543 (full 3):
 PSYoungGen      total 7680K, used 7668K [0x00000000d5580000, 0x00000000d6000000, 0x0000000100000000)
  eden space 6656K, 100% used [0x00000000d5580000,0x00000000d5c00000,0x00000000d5c00000)
  from space 1024K, 98% used [0x00000000d5c00000,0x00000000d5cfd220,0x00000000d5d00000)
  to   space 2048K, 0% used [0x00000000d5e00000,0x00000000d5e00000,0x00000000d6000000)
 ParOldGen       total 249344K, used 248912K [0x0000000080000000, 0x000000008f380000, 0x00000000d5580000)
  object space 249344K, 99% used [0x0000000080000000,0x000000008f314158,0x000000008f380000)
 Metaspace       used 72114K, committed 73600K, reserved 1179648K
  class space    used 7367K, committed 8000K, reserved 1048576K
}
Event: 50.164 GC heap after
{Heap after GC invocations=543 (full 3):
 PSYoungGen      total 8192K, used 1294K [0x00000000d5580000, 0x00000000d5f80000, 0x0000000100000000)
  eden space 6656K, 0% used [0x00000000d5580000,0x00000000d5580000,0x00000000d5c00000)
  from space 1536K, 84% used [0x00000000d5e00000,0x00000000d5f43bc8,0x00000000d5f80000)
  to   space 1536K, 0% used [0x00000000d5c80000,0x00000000d5c80000,0x00000000d5e00000)
 ParOldGen       total 249856K, used 249652K [0x0000000080000000, 0x000000008f400000, 0x00000000d5580000)
  object space 249856K, 99% used [0x0000000080000000,0x000000008f3cd378,0x000000008f400000)
 Metaspace       used 72114K, committed 73600K, reserved 1179648K
  class space    used 7367K, committed 8000K, reserved 1048576K
}
Event: 50.423 GC heap before
{Heap before GC invocations=544 (full 3):
 PSYoungGen      total 8192K, used 7950K [0x00000000d5580000, 0x00000000d5f80000, 0x0000000100000000)
  eden space 6656K, 100% used [0x00000000d5580000,0x00000000d5c00000,0x00000000d5c00000)
  from space 1536K, 84% used [0x00000000d5e00000,0x00000000d5f43bc8,0x00000000d5f80000)
  to   space 1536K, 0% used [0x00000000d5c80000,0x00000000d5c80000,0x00000000d5e00000)
 ParOldGen       total 249856K, used 249652K [0x0000000080000000, 0x000000008f400000, 0x00000000d5580000)
  object space 249856K, 99% used [0x0000000080000000,0x000000008f3cd378,0x000000008f400000)
 Metaspace       used 72146K, committed 73664K, reserved 1179648K
  class space    used 7369K, committed 8000K, reserved 1048576K
}
Event: 50.429 GC heap after
{Heap after GC invocations=544 (full 3):
 PSYoungGen      total 7680K, used 996K [0x00000000d5580000, 0x00000000d5f00000, 0x0000000100000000)
  eden space 6656K, 0% used [0x00000000d5580000,0x00000000d5580000,0x00000000d5c00000)
  from space 1024K, 97% used [0x00000000d5c80000,0x00000000d5d79210,0x00000000d5d80000)
  to   space 1536K, 0% used [0x00000000d5d80000,0x00000000d5d80000,0x00000000d5f00000)
 ParOldGen       total 250880K, used 250825K [0x0000000080000000, 0x000000008f500000, 0x00000000d5580000)
  object space 250880K, 99% used [0x0000000080000000,0x000000008f4f2650,0x000000008f500000)
 Metaspace       used 72146K, committed 73664K, reserved 1179648K
  class space    used 7369K, committed 8000K, reserved 1048576K
}

Dll operation events (11 events):
Event: 0.043 Loaded shared library D:\Java\jdks\jdk-21.0.11_10\bin\java.dll
Event: 0.131 Loaded shared library D:\Java\jdks\jdk-21.0.11_10\bin\jsvml.dll
Event: 0.229 Loaded shared library D:\Java\jdks\jdk-21.0.11_10\bin\zip.dll
Event: 0.239 Loaded shared library D:\Java\jdks\jdk-21.0.11_10\bin\instrument.dll
Event: 0.249 Loaded shared library D:\Java\jdks\jdk-21.0.11_10\bin\net.dll
Event: 0.255 Loaded shared library D:\Java\jdks\jdk-21.0.11_10\bin\nio.dll
Event: 0.263 Loaded shared library D:\Java\jdks\jdk-21.0.11_10\bin\zip.dll
Event: 0.308 Loaded shared library D:\Java\jdks\jdk-21.0.11_10\bin\jimage.dll
Event: 0.620 Loaded shared library D:\Java\jdks\jdk-21.0.11_10\bin\verify.dll
Event: 3.739 Loaded shared library C:\Users\ey669\AppData\Roaming\Cursor\User\globalStorage\redhat.java\1.55.0\config_win\org.eclipse.equinox.launcher\org.eclipse.equinox.launcher.win32.win32.x86_64_1.3.100.v20260613-0559\eclipse_11924.dll
Event: 8.162 Loaded shared library C:\Users\ey669\AppData\Local\Temp\jna-96933957\jna5250317523962121901.dll

Deoptimization events (20 events):
Event: 50.377 Thread 0x000002b1f31ff910 Uncommon trap: trap_request=0xffffff45 fr.pc=0x000002b19efe397c relative=0x0000000000000ddc
Event: 50.377 Thread 0x000002b1f31ff910 Uncommon trap: reason=unstable_if action=reinterpret pc=0x000002b19efe397c method=org.eclipse.core.internal.watson.ElementTree.getElementData(Lorg/eclipse/core/runtime/IPath;)Ljava/lang/Object; @ 21 c2
Event: 50.377 Thread 0x000002b1f31ff910 DEOPT PACKING pc=0x000002b19efe397c sp=0x000000c81aefd250
Event: 50.377 Thread 0x000002b1f31ff910 DEOPT UNPACKING pc=0x000002b19e6f3aa2 sp=0x000000c81aefd1b0 mode 2
Event: 50.609 Thread 0x000002b1f31ff910 Uncommon trap: trap_request=0xffffff45 fr.pc=0x000002b19f71657c relative=0x0000000000000b3c
Event: 50.609 Thread 0x000002b1f31ff910 Uncommon trap: reason=unstable_if action=reinterpret pc=0x000002b19f71657c method=org.eclipse.jdt.internal.compiler.parser.Scanner.getNextToken0()Lorg/eclipse/jdt/internal/compiler/parser/TerminalToken; @ 1003 c2
Event: 50.609 Thread 0x000002b1f31ff910 DEOPT PACKING pc=0x000002b19f71657c sp=0x000000c81aefe010
Event: 50.609 Thread 0x000002b1f31ff910 DEOPT UNPACKING pc=0x000002b19e6f3aa2 sp=0x000000c81aefdf58 mode 2
Event: 50.652 Thread 0x000002b1f31ff910 Uncommon trap: trap_request=0xffffff45 fr.pc=0x000002b19f7265f4 relative=0x0000000000003834
Event: 50.652 Thread 0x000002b1f31ff910 Uncommon trap: reason=unstable_if action=reinterpret pc=0x000002b19f7265f4 method=org.eclipse.jdt.internal.compiler.parser.Scanner.internalScanIdentifierOrKeyword(II[C)Lorg/eclipse/jdt/internal/compiler/parser/TerminalToken; @ 340 c2
Event: 50.652 Thread 0x000002b1f31ff910 DEOPT PACKING pc=0x000002b19f7265f4 sp=0x000000c81aefda30
Event: 50.652 Thread 0x000002b1f31ff910 DEOPT UNPACKING pc=0x000002b19e6f3aa2 sp=0x000000c81aefd9c0 mode 2
Event: 50.671 Thread 0x000002b1f31ff910 Uncommon trap: trap_request=0x00000631 fr.pc=0x000002b19f71c378 relative=0x0000000000001b98
Event: 50.671 Thread 0x000002b1f31ff910 Uncommon trap: reason=unloaded action=reinterpret pc=0x000002b19f71c378 method=org.eclipse.jdt.internal.compiler.parser.Parser.consumeToken(Lorg/eclipse/jdt/internal/compiler/parser/TerminalToken;)V @ 1438 c2
Event: 50.671 Thread 0x000002b1f31ff910 DEOPT PACKING pc=0x000002b19f71c378 sp=0x000000c81aefdbc0
Event: 50.671 Thread 0x000002b1f31ff910 DEOPT UNPACKING pc=0x000002b19e6f3aa2 sp=0x000000c81aefdb88 mode 2
Event: 50.708 Thread 0x000002b1f31ff910 Uncommon trap: trap_request=0xffffff45 fr.pc=0x000002b19f5a2cb8 relative=0x00000000000003d8
Event: 50.899 Thread 0x000002b1f31ff910 Uncommon trap: reason=unstable_if action=reinterpret pc=0x000002b19f5a2cb8 method=org.eclipse.jdt.internal.compiler.parser.Scanner.getNextToken()Lorg/eclipse/jdt/internal/compiler/parser/TerminalToken; @ 144 c2
Event: 50.899 Thread 0x000002b1f31ff910 DEOPT PACKING pc=0x000002b19f5a2cb8 sp=0x000000c81aefdc00
Event: 50.899 Thread 0x000002b1f31ff910 DEOPT UNPACKING pc=0x000002b19e6f3aa2 sp=0x000000c81aefdb98 mode 2

Classes loaded (20 events):
Event: 42.170 Loading class java/util/Collections$SynchronizedList
Event: 42.181 Loading class java/util/Collections$SynchronizedList done
Event: 42.181 Loading class java/util/Collections$SynchronizedRandomAccessList done
Event: 42.186 Loading class java/util/concurrent/CompletableFuture$UniApply done
Event: 42.187 Loading class java/util/concurrent/CompletableFuture$UniExceptionally
Event: 42.196 Loading class java/util/concurrent/CompletableFuture$UniExceptionally done
Event: 42.211 Loading class java/util/concurrent/CompletableFuture$Signaller
Event: 42.251 Loading class java/util/concurrent/CompletableFuture$Signaller done
Event: 43.060 Loading class java/nio/charset/CharacterCodingException
Event: 43.064 Loading class java/nio/charset/CharacterCodingException done
Event: 43.064 Loading class java/io/SequenceInputStream
Event: 43.072 Loading class java/io/SequenceInputStream done
Event: 43.574 Loading class javax/xml/transform/TransformerConfigurationException
Event: 43.576 Loading class javax/xml/transform/TransformerConfigurationException done
Event: 43.705 Loading class java/util/Hashtable$KeySet
Event: 43.707 Loading class java/util/Hashtable$KeySet done
Event: 44.057 Loading class java/lang/UnsupportedClassVersionError
Event: 44.061 Loading class java/lang/UnsupportedClassVersionError done
Event: 46.824 Loading class java/util/HashMap$EntrySpliterator
Event: 46.825 Loading class java/util/HashMap$EntrySpliterator done

Classes unloaded (10 events):
Event: 8.977 Thread 0x000002b18eb0eaf0 Unloading class 0x000002b1ac1af800 'java/lang/invoke/LambdaForm$MH+0x000002b1ac1af800'
Event: 8.977 Thread 0x000002b18eb0eaf0 Unloading class 0x000002b1ac1af400 'java/lang/invoke/LambdaForm$MH+0x000002b1ac1af400'
Event: 8.977 Thread 0x000002b18eb0eaf0 Unloading class 0x000002b1ac1af000 'java/lang/invoke/LambdaForm$MH+0x000002b1ac1af000'
Event: 8.977 Thread 0x000002b18eb0eaf0 Unloading class 0x000002b1ac1aec00 'java/lang/invoke/LambdaForm$MH+0x000002b1ac1aec00'
Event: 8.977 Thread 0x000002b18eb0eaf0 Unloading class 0x000002b1ac1ae800 'java/lang/invoke/LambdaForm$BMH+0x000002b1ac1ae800'
Event: 8.977 Thread 0x000002b18eb0eaf0 Unloading class 0x000002b1ac1ae400 'java/lang/invoke/LambdaForm$DMH+0x000002b1ac1ae400'
Event: 8.977 Thread 0x000002b18eb0eaf0 Unloading class 0x000002b1ac1ad400 'java/lang/invoke/LambdaForm$DMH+0x000002b1ac1ad400'
Event: 22.630 Thread 0x000002b18eb0eaf0 Unloading class 0x000002b1ac67a000 'java/lang/invoke/LambdaForm$DMH+0x000002b1ac67a000'
Event: 22.630 Thread 0x000002b18eb0eaf0 Unloading class 0x000002b1ac679c00 'java/lang/invoke/LambdaForm$DMH+0x000002b1ac679c00'
Event: 22.630 Thread 0x000002b18eb0eaf0 Unloading class 0x000002b1ac679800 'java/lang/invoke/LambdaForm$DMH+0x000002b1ac679800'

Classes redefined (0 events):
No events

Internal exceptions (20 events):
Event: 48.176 Thread 0x000002b1f2427670 Exception <a 'sun/nio/fs/WindowsException'{0x00000000d5980350}> (0x00000000d5980350) 
thrown [s\src\hotspot\share\prims\jni.cpp, line 520]
Event: 48.185 Thread 0x000002b1f2427670 Exception <a 'sun/nio/fs/WindowsException'{0x00000000d59a3a10}> (0x00000000d59a3a10) 
thrown [s\src\hotspot\share\prims\jni.cpp, line 520]
Event: 48.185 Thread 0x000002b1f2427670 Exception <a 'sun/nio/fs/WindowsException'{0x00000000d59a42e8}> (0x00000000d59a42e8) 
thrown [s\src\hotspot\share\prims\jni.cpp, line 520]
Event: 48.640 Thread 0x000002b1f31ff910 Exception <a 'sun/nio/fs/WindowsException'{0x00000000d587d2e0}> (0x00000000d587d2e0) 
thrown [s\src\hotspot\share\prims\jni.cpp, line 520]
Event: 48.640 Thread 0x000002b1f31ff910 Exception <a 'sun/nio/fs/WindowsException'{0x00000000d587dbb8}> (0x00000000d587dbb8) 
thrown [s\src\hotspot\share\prims\jni.cpp, line 520]
Event: 48.641 Thread 0x000002b1f31ff910 Exception <a 'sun/nio/fs/WindowsException'{0x00000000d587e920}> (0x00000000d587e920) 
thrown [s\src\hotspot\share\prims\jni.cpp, line 520]
Event: 48.641 Thread 0x000002b1f31ff910 Exception <a 'sun/nio/fs/WindowsException'{0x00000000d587f1f8}> (0x00000000d587f1f8) 
thrown [s\src\hotspot\share\prims\jni.cpp, line 520]
Event: 48.642 Thread 0x000002b1f31ff910 Exception <a 'sun/nio/fs/WindowsException'{0x00000000d5880970}> (0x00000000d5880970) 
thrown [s\src\hotspot\share\prims\jni.cpp, line 520]
Event: 48.642 Thread 0x000002b1f31ff910 Exception <a 'sun/nio/fs/WindowsException'{0x00000000d5881248}> (0x00000000d5881248) 
thrown [s\src\hotspot\share\prims\jni.cpp, line 520]
Event: 48.650 Thread 0x000002b1f31ff910 Exception <a 'sun/nio/fs/WindowsException'{0x00000000d589db80}> (0x00000000d589db80) 
thrown [s\src\hotspot\share\prims\jni.cpp, line 520]
Event: 48.650 Thread 0x000002b1f31ff910 Exception <a 'sun/nio/fs/WindowsException'{0x00000000d589e458}> (0x00000000d589e458) 
thrown [s\src\hotspot\share\prims\jni.cpp, line 520]
Event: 49.752 Thread 0x000002b1f31ff280 Exception <a 'sun/nio/fs/WindowsException'{0x00000000d5ac3658}> (0x00000000d5ac3658) 
thrown [s\src\hotspot\share\prims\jni.cpp, line 520]
Event: 49.752 Thread 0x000002b1f31ff280 Exception <a 'sun/nio/fs/WindowsException'{0x00000000d5ac3f30}> (0x00000000d5ac3f30) 
thrown [s\src\hotspot\share\prims\jni.cpp, line 520]
Event: 49.753 Thread 0x000002b1f31ff280 Exception <a 'sun/nio/fs/WindowsException'{0x00000000d5ac4cb0}> (0x00000000d5ac4cb0) 
thrown [s\src\hotspot\share\prims\jni.cpp, line 520]
Event: 49.754 Thread 0x000002b1f31ff280 Exception <a 'sun/nio/fs/WindowsException'{0x00000000d5ac5588}> (0x00000000d5ac5588) 
thrown [s\src\hotspot\share\prims\jni.cpp, line 520]
Event: 49.755 Thread 0x000002b1f31ff280 Exception <a 'sun/nio/fs/WindowsException'{0x00000000d5ac6d00}> (0x00000000d5ac6d00) 
thrown [s\src\hotspot\share\prims\jni.cpp, line 520]
Event: 49.755 Thread 0x000002b1f31ff280 Exception <a 'sun/nio/fs/WindowsException'{0x00000000d5ac75d8}> (0x00000000d5ac75d8) 
thrown [s\src\hotspot\share\prims\jni.cpp, line 520]
Event: 49.766 Thread 0x000002b1f31ff280 Exception <a 'sun/nio/fs/WindowsException'{0x00000000d5b63028}> (0x00000000d5b63028) 
thrown [s\src\hotspot\share\prims\jni.cpp, line 520]
Event: 49.767 Thread 0x000002b1f31ff280 Exception <a 'sun/nio/fs/WindowsException'{0x00000000d5b63900}> (0x00000000d5b63900) 
thrown [s\src\hotspot\share\prims\jni.cpp, line 520]
Event: 50.377 Thread 0x000002b1f31ff910 Implicit null exception at 0x000002b19efe30d4 to 0x000002b19efe3958

ZGC Phase Switch (0 events):
No events

VM Operations (20 events):
Event: 47.723 Executing safepoint VM operation: ParallelGCFailedAllocation (Allocation Failure)
Event: 47.725 Executing safepoint VM operation: ParallelGCFailedAllocation (Allocation Failure) done
Event: 48.105 Executing safepoint VM operation: ParallelGCFailedAllocation (Allocation Failure)
Event: 48.109 Executing safepoint VM operation: ParallelGCFailedAllocation (Allocation Failure) done
Event: 48.246 Executing safepoint VM operation: ParallelGCFailedAllocation (Allocation Failure)
Event: 48.248 Executing safepoint VM operation: ParallelGCFailedAllocation (Allocation Failure) done
Event: 48.703 Executing safepoint VM operation: ParallelGCFailedAllocation (Allocation Failure)
Event: 48.705 Executing safepoint VM operation: ParallelGCFailedAllocation (Allocation Failure) done
Event: 49.237 Executing safepoint VM operation: ParallelGCFailedAllocation (Allocation Failure)
Event: 49.239 Executing safepoint VM operation: ParallelGCFailedAllocation (Allocation Failure) done
Event: 49.771 Executing safepoint VM operation: ParallelGCFailedAllocation (Allocation Failure)
Event: 49.775 Executing safepoint VM operation: ParallelGCFailedAllocation (Allocation Failure) done
Event: 49.980 Executing safepoint VM operation: ParallelGCFailedAllocation (Allocation Failure)
Event: 49.985 Executing safepoint VM operation: ParallelGCFailedAllocation (Allocation Failure) done
Event: 50.154 Executing safepoint VM operation: ParallelGCFailedAllocation (Allocation Failure)
Event: 50.164 Executing safepoint VM operation: ParallelGCFailedAllocation (Allocation Failure) done
Event: 50.423 Executing safepoint VM operation: ParallelGCFailedAllocation (Allocation Failure)
Event: 50.429 Executing safepoint VM operation: ParallelGCFailedAllocation (Allocation Failure) done
Event: 50.663 Executing non-safepoint VM operation: HandshakeAllThreads (Deoptimize)
Event: 50.664 Executing non-safepoint VM operation: HandshakeAllThreads (Deoptimize) done

Memory protections (0 events):
No events

Nmethod flushes (20 events):
Event: 22.679 Thread 0x000002b18eb0eaf0 flushing  nmethod 0x000002b197bfda10
Event: 22.679 Thread 0x000002b18eb0eaf0 flushing  nmethod 0x000002b197bfdf90
Event: 22.679 Thread 0x000002b18eb0eaf0 flushing  nmethod 0x000002b197bfe310
Event: 22.679 Thread 0x000002b18eb0eaf0 flushing  nmethod 0x000002b197bff990
Event: 22.679 Thread 0x000002b18eb0eaf0 flushing  nmethod 0x000002b197c00990
Event: 22.679 Thread 0x000002b18eb0eaf0 flushing  nmethod 0x000002b197c01190
Event: 22.679 Thread 0x000002b18eb0eaf0 flushing  nmethod 0x000002b197c03d10
Event: 22.679 Thread 0x000002b18eb0eaf0 flushing  nmethod 0x000002b197c04890
Event: 22.679 Thread 0x000002b18eb0eaf0 flushing  nmethod 0x000002b197c05410
Event: 22.679 Thread 0x000002b18eb0eaf0 flushing  nmethod 0x000002b197c05990
Event: 22.679 Thread 0x000002b18eb0eaf0 flushing  nmethod 0x000002b197c05d90
Event: 22.679 Thread 0x000002b18eb0eaf0 flushing  nmethod 0x000002b197c0ba90
Event: 22.679 Thread 0x000002b18eb0eaf0 flushing  nmethod 0x000002b197c0de90
Event: 22.679 Thread 0x000002b18eb0eaf0 flushing  nmethod 0x000002b197c0e210
Event: 22.679 Thread 0x000002b18eb0eaf0 flushing  nmethod 0x000002b197c10790
Event: 22.679 Thread 0x000002b18eb0eaf0 flushing  nmethod 0x000002b197c10c10
Event: 22.679 Thread 0x000002b18eb0eaf0 flushing  nmethod 0x000002b197c18d10
Event: 22.679 Thread 0x000002b18eb0eaf0 flushing  nmethod 0x000002b197c1a610
Event: 22.679 Thread 0x000002b18eb0eaf0 flushing  nmethod 0x000002b197c25390
Event: 22.679 Thread 0x000002b18eb0eaf0 flushing  nmethod 0x000002b197c2f690

Events (20 events):
Event: 42.253 Thread 0x000002b1ed9c2c00 Thread added: 0x000002b1f48e95d0
Event: 42.368 Thread 0x000002b1ed9c2c00 Thread added: 0x000002b1f48e8830
Event: 42.507 Thread 0x000002b1f48e8830 Thread exited: 0x000002b1f48e8830
Event: 42.781 Thread 0x000002b1f48e95d0 Thread exited: 0x000002b1f48e95d0
Event: 43.079 Thread 0x000002b1ed9c2c00 Thread added: 0x000002b1f533b380
Event: 43.079 Thread 0x000002b1ed9c2c00 Thread added: 0x000002b1f533acb0
Event: 43.497 Thread 0x000002b1f53d5670 Thread added: 0x000002b1f3200cc0
Event: 43.504 Thread 0x000002b1f53d5670 Thread added: 0x000002b1f3200630
Event: 43.513 Thread 0x000002b1f53d5670 Thread added: 0x000002b1f31ff910
Event: 43.516 Thread 0x000002b1f31ff910 Thread added: 0x000002b1f3203ab0
Event: 43.520 Thread 0x000002b1f53d5670 Thread added: 0x000002b1f3204140
Event: 43.601 Thread 0x000002b1f30458d0 Thread added: 0x000002b1f3202700
Event: 43.605 Thread 0x000002b1f3045f60 Thread added: 0x000002b1f3202d90
Event: 43.619 Thread 0x000002b1f3202d90 Thread added: 0x000002b1f3203420
Event: 43.621 Thread 0x000002b1f3203420 Thread added: 0x000002b1f32047d0
Event: 43.622 Thread 0x000002b1f3202700 Thread added: 0x000002b1f3201350
Event: 43.634 Thread 0x000002b1f3201350 Thread added: 0x000002b1f3204e60
Event: 43.637 Thread 0x000002b1f32047d0 Thread added: 0x000002b1f32019e0
Event: 43.647 Thread 0x000002b1f3204e60 Thread added: 0x000002b1f32054f0
Event: 45.721 Thread 0x000002b1f3200630 Thread added: 0x000002b1f50c2e70


Dynamic libraries:
0x00007ff7ee9f0000 - 0x00007ff7ee9fe000 	D:\Java\jdks\jdk-21.0.11_10\bin\java.exe
0x00007ffbd08c0000 - 0x00007ffbd0b26000 	C:\WINDOWS\SYSTEM32\ntdll.dll
0x00007ffbceb70000 - 0x00007ffbcec39000 	C:\WINDOWS\System32\KERNEL32.DLL
0x00007ffbcddf0000 - 0x00007ffbce1ee000 	C:\WINDOWS\System32\KERNELBASE.dll
0x00007ffbcdc60000 - 0x00007ffbcddac000 	C:\WINDOWS\System32\ucrtbase.dll
0x00007ffbc8790000 - 0x00007ffbc87a8000 	D:\Java\jdks\jdk-21.0.11_10\bin\jli.dll
0x00007ffbc5ba0000 - 0x00007ffbc5bbe000 	D:\Java\jdks\jdk-21.0.11_10\bin\VCRUNTIME140.dll
0x00007ffbd0060000 - 0x00007ffbd0227000 	C:\WINDOWS\System32\USER32.dll
0x00007ffbcddc0000 - 0x00007ffbcdde7000 	C:\WINDOWS\System32\win32u.dll
0x00007ffbcec40000 - 0x00007ffbcec6b000 	C:\WINDOWS\System32\GDI32.dll
0x00007ffbba380000 - 0x00007ffbba612000 	C:\WINDOWS\WinSxS\amd64_microsoft.windows.common-controls_6595b64144ccf1df_6.0.26100.8875_none_3e0d5d42e32fe9dd\COMCTL32.dll
0x00007ffbce2c0000 - 0x00007ffbce3ea000 	C:\WINDOWS\System32\gdi32full.dll
0x00007ffbce3f0000 - 0x00007ffbce493000 	C:\WINDOWS\System32\msvcp_win.dll
0x00007ffbcfd40000 - 0x00007ffbcfde9000 	C:\WINDOWS\System32\msvcrt.dll
0x00007ffbce890000 - 0x00007ffbce8c2000 	C:\WINDOWS\System32\IMM32.DLL
0x00007ffbc8580000 - 0x00007ffbc858c000 	D:\Java\jdks\jdk-21.0.11_10\bin\vcruntime140_1.dll
0x00007ffbc2830000 - 0x00007ffbc28bd000 	D:\Java\jdks\jdk-21.0.11_10\bin\msvcp140.dll
0x00007ffb0e1e0000 - 0x00007ffb0ef82000 	D:\Java\jdks\jdk-21.0.11_10\bin\server\jvm.dll
0x00007ffbcffa0000 - 0x00007ffbd0057000 	C:\WINDOWS\System32\ADVAPI32.dll
0x00007ffbce8d0000 - 0x00007ffbce97a000 	C:\WINDOWS\System32\sechost.dll
0x00007ffbcfc20000 - 0x00007ffbcfd38000 	C:\WINDOWS\System32\RPCRT4.dll
0x00007ffbd0230000 - 0x00007ffbd02b0000 	C:\WINDOWS\System32\WS2_32.dll
0x00007ffbcd940000 - 0x00007ffbcd99e000 	C:\WINDOWS\SYSTEM32\POWRPROF.dll
0x00007ffbc5cb0000 - 0x00007ffbc5ce6000 	C:\WINDOWS\SYSTEM32\WINMM.dll
0x00007ffbc7210000 - 0x00007ffbc721b000 	C:\WINDOWS\SYSTEM32\VERSION.dll
0x00007ffbcd920000 - 0x00007ffbcd934000 	C:\WINDOWS\SYSTEM32\UMPDC.dll
0x00007ffbcc7c0000 - 0x00007ffbcc7db000 	C:\WINDOWS\SYSTEM32\kernel.appcore.dll
0x00007ffbc7990000 - 0x00007ffbc799a000 	D:\Java\jdks\jdk-21.0.11_10\bin\jimage.dll
0x00007ffbcb2f0000 - 0x00007ffbcb532000 	C:\WINDOWS\SYSTEM32\DBGHELP.DLL
0x00007ffbcec70000 - 0x00007ffbceff3000 	C:\WINDOWS\System32\combase.dll
0x00007ffbcea80000 - 0x00007ffbceb59000 	C:\WINDOWS\System32\OLEAUT32.dll
0x00007ffbb8de0000 - 0x00007ffbb8e1b000 	C:\WINDOWS\SYSTEM32\dbgcore.DLL
0x00007ffbce200000 - 0x00007ffbce2ac000 	C:\WINDOWS\System32\bcryptPrimitives.dll
0x00007ffbc5dc0000 - 0x00007ffbc5dcf000 	D:\Java\jdks\jdk-21.0.11_10\bin\instrument.dll
0x00007ffbc32a0000 - 0x00007ffbc32c0000 	D:\Java\jdks\jdk-21.0.11_10\bin\java.dll
0x00007ffbcf100000 - 0x00007ffbcf892000 	C:\WINDOWS\System32\SHELL32.dll
0x00007ffbcb570000 - 0x00007ffbcbe02000 	C:\WINDOWS\SYSTEM32\windows.storage.dll
0x00007ffbcf000000 - 0x00007ffbcf0f7000 	C:\WINDOWS\System32\SHCORE.dll
0x00007ffbd0340000 - 0x00007ffbd03a7000 	C:\WINDOWS\System32\shlwapi.dll
0x00007ffbcda00000 - 0x00007ffbcda29000 	C:\WINDOWS\SYSTEM32\profapi.dll
0x00007ffbad300000 - 0x00007ffbad3d7000 	D:\Java\jdks\jdk-21.0.11_10\bin\jsvml.dll
0x00007ffbc2970000 - 0x00007ffbc2988000 	D:\Java\jdks\jdk-21.0.11_10\bin\zip.dll
0x00007ffbc5bf0000 - 0x00007ffbc5c00000 	D:\Java\jdks\jdk-21.0.11_10\bin\net.dll
0x00007ffbc3690000 - 0x00007ffbc37b7000 	C:\WINDOWS\SYSTEM32\WINHTTP.dll
0x00007ffbccd70000 - 0x00007ffbccddc000 	C:\WINDOWS\system32\mswsock.dll
0x00007ffbc2940000 - 0x00007ffbc2956000 	D:\Java\jdks\jdk-21.0.11_10\bin\nio.dll
0x00007ffbc3390000 - 0x00007ffbc33a0000 	D:\Java\jdks\jdk-21.0.11_10\bin\verify.dll
0x00007ffbc26b0000 - 0x00007ffbc26f5000 	C:\Users\ey669\AppData\Roaming\Cursor\User\globalStorage\redhat.java\1.55.0\config_win\org.eclipse.equinox.launcher\org.eclipse.equinox.launcher.win32.win32.x86_64_1.3.100.v20260613-0559\eclipse_11924.dll
0x00007ffbcf8a0000 - 0x00007ffbcfa39000 	C:\WINDOWS\System32\ole32.dll
0x00007ffbcd070000 - 0x00007ffbcd08b000 	C:\WINDOWS\SYSTEM32\CRYPTSP.dll
0x00007ffbcc720000 - 0x00007ffbcc759000 	C:\WINDOWS\system32\rsaenh.dll
0x00007ffbcce30000 - 0x00007ffbcce62000 	C:\WINDOWS\SYSTEM32\USERENV.dll
0x00007ffbcd9d0000 - 0x00007ffbcd9fa000 	C:\WINDOWS\SYSTEM32\bcrypt.dll
0x00007ffbcd090000 - 0x00007ffbcd09c000 	C:\WINDOWS\SYSTEM32\CRYPTBASE.dll
0x00007ffbcc140000 - 0x00007ffbcc173000 	C:\WINDOWS\SYSTEM32\IPHLPAPI.DLL
0x00007ffbce700000 - 0x00007ffbce70a000 	C:\WINDOWS\System32\NSI.dll
0x00007ffbb5ab0000 - 0x00007ffbb5af9000 	C:\Users\ey669\AppData\Local\Temp\jna-96933957\jna5250317523962121901.dll
0x00007ffbceb60000 - 0x00007ffbceb68000 	C:\WINDOWS\System32\PSAPI.DLL
0x00007ffbc3660000 - 0x00007ffbc367d000 	C:\WINDOWS\SYSTEM32\dhcpcsvc6.DLL
0x00007ffbc3630000 - 0x00007ffbc3655000 	C:\WINDOWS\SYSTEM32\dhcpcsvc.DLL

JVMTI agents:
c:\Users\ey669\.cursor\extensions\redhat.java-1.55.0-win32-x64\lombok\lombok-1.18.39-4050.jar path:D:\Java\jdks\jdk-21.0.11_10\bin\instrument.dll, loaded, initialized, instrumentlib options:none

dbghelp: loaded successfully - version: 4.0.5 - missing functions: none
symbol engine: initialized successfully - sym options: 0x614 - pdb path: .;D:\Java\jdks\jdk-21.0.11_10\bin;C:\WINDOWS\SYSTEM32;C:\WINDOWS\WinSxS\amd64_microsoft.windows.common-controls_6595b64144ccf1df_6.0.26100.8875_none_3e0d5d42e32fe9dd;D:\Java\jdks\jdk-21.0.11_10\bin\server;C:\Users\ey669\AppData\Roaming\Cursor\User\globalStorage\redhat.java\1.55.0\config_win\org.eclipse.equinox.launcher\org.eclipse.equinox.launcher.win32.win32.x86_64_1.3.100.v20260613-0559;C:\Users\ey669\AppData\Local\Temp\jna-96933957

VM Arguments:
jvm_args: --add-modules=ALL-SYSTEM --add-opens=java.base/java.util=ALL-UNNAMED --add-opens=java.base/java.lang=ALL-UNNAMED --add-opens=java.base/sun.nio.fs=ALL-UNNAMED -Declipse.application=org.eclipse.jdt.ls.core.id1 -Dosgi.bundles.defaultStartLevel=4 -Declipse.product=org.eclipse.jdt.ls.core.product -Djava.import.generatesMetadataFilesAtProjectRoot=false -DDetectVMInstallationsJob.disabled=true -Dfile.encoding=utf8 -XX:+UseParallelGC -XX:GCTimeRatio=4 -XX:AdaptiveSizePolicyWeight=90 -Dsun.zip.disableMemoryMapping=true -Xmx2G -Xms100m -Xlog:disable -javaagent:c:\Users\ey669\.cursor\extensions\redhat.java-1.55.0-win32-x64\lombok\lombok-1.18.39-4050.jar -XX:+HeapDumpOnOutOfMemoryError -XX:HeapDumpPath=c:\Users\ey669\AppData\Roaming\Cursor\User\workspaceStorage\fe64c8470bcab7440b311695d50dbcfc\redhat.java -Daether.dependencyCollector.impl=bf 
java_command: c:\Users\ey669\.cursor\extensions\redhat.java-1.55.0-win32-x64\server\plugins\org.eclipse.equinox.launcher_1.7.200.v20260619-2039.jar -configuration c:\Users\ey669\AppData\Roaming\Cursor\User\globalStorage\redhat.java\1.55.0\config_win -data c:\Users\ey669\AppData\Roaming\Cursor\User\workspaceStorage\fe64c8470bcab7440b311695d50dbcfc\redhat.java\jdt_ws --pipe=\\.\pipe\lsp-c112cb26a61bef334cb9dbeca3a21022-sock
java_class_path (initial): c:\Users\ey669\.cursor\extensions\redhat.java-1.55.0-win32-x64\server\plugins\org.eclipse.equinox.launcher_1.7.200.v20260619-2039.jar
Launcher Type: SUN_STANDARD

[Global flags]
    uintx AdaptiveSizePolicyWeight                 = 90                                        {product} {command line}
     intx CICompilerCount                          = 4                                         {product} {ergonomic}
    uintx GCTimeRatio                              = 4                                         {product} {command line}
     bool HeapDumpOnOutOfMemoryError               = true                                   {manageable} {command line}
    ccstr HeapDumpPath                             = c:\Users\ey669\AppData\Roaming\Cursor\User\workspaceStorage\fe64c8470bcab7440b311695d50dbcfc\redhat.java         {manageable} {command line}
   size_t InitialHeapSize                          = 104857600                                 {product} {command line}
   size_t MaxHeapSize                              = 2147483648                                {product} {command line}
   size_t MaxNewSize                               = 715653120                                 {product} {ergonomic}
   size_t MinHeapDeltaBytes                        = 524288                                    {product} {ergonomic}
   size_t MinHeapSize                              = 104857600                                 {product} {command line}
   size_t NewSize                                  = 34603008                                  {product} {ergonomic}
    uintx NonNMethodCodeHeapSize                   = 5839372                                {pd product} {ergonomic}
    uintx NonProfiledCodeHeapSize                  = 122909434                              {pd product} {ergonomic}
   size_t OldSize                                  = 70254592                                  {product} {ergonomic}
    uintx ProfiledCodeHeapSize                     = 122909434                              {pd product} {ergonomic}
    uintx ReservedCodeCacheSize                    = 251658240                              {pd product} {ergonomic}
     bool SegmentedCodeCache                       = true                                      {product} {ergonomic}
   size_t SoftMaxHeapSize                          = 2147483648                             {manageable} {ergonomic}
     bool UseCompressedOops                        = true                           {product lp64_product} {ergonomic}
     bool UseLargePagesIndividualAllocation        = false                                  {pd product} {ergonomic}
     bool UseParallelGC                            = true                                      {product} {command line}

Logging:
Log output configuration:
 #0: stdout all=off uptime,level,tags foldmultilines=false
 #1: stderr all=off uptime,level,tags foldmultilines=false

Release file:
IMPLEMENTOR="Eclipse Adoptium" 
IMPLEMENTOR_VERSION="Temurin-21.0.11+10" 
JAVA_RUNTIME_VERSION="21.0.11+10-LTS" 
JAVA_VERSION="21.0.11" 
JAVA_VERSION_DATE="2026-04-21" 
LIBC="default" 
MODULES="java.base java.compiler java.datatransfer java.xml java.prefs java.desktop java.instrument java.logging java.management java.security.sasl java.naming java.rmi java.management.rmi java.net.http java.scripting java.security.jgss java.transaction.xa java.sql java.sql.rowset java.xml.crypto java.se java.smartcardio jdk.accessibility jdk.internal.jvmstat jdk.attach jdk.charsets jdk.internal.opt jdk.zipfs jdk.compiler jdk.crypto.ec jdk.crypto.cryptoki jdk.crypto.mscapi jdk.dynalink jdk.internal.ed jdk.editpad jdk.hotspot.agent jdk.httpserver jdk.incubator.vector jdk.internal.le jdk.internal.vm.ci jdk.internal.vm.compiler jdk.internal.vm.compiler.management jdk.jartool jdk.javadoc jdk.jcmd jdk.management jdk.management.agent jdk.jconsole jdk.jdeps jdk.jdwp.agent jdk.jdi jdk.jfr jdk.jlink jdk.jpackage jdk.jshell jdk.jsobject jdk.jstatd jdk.localedata jdk.management.jfr jdk.naming.dns jdk.naming.rmi jdk.net jdk.nio.mapmode jdk.random jdk.sctp jdk.security.auth jdk.security.jgss jdk.unsupported jdk.unsupported.desktop jdk.xml.dom" 
OS_ARCH="x86_64" 
OS_NAME="Windows" 
SOURCE=".:git:254494ad7d75" 
BUILD_SOURCE="git:a612825ee82a20ac872d60958c349854c1f29a8e"
BUILD_SOURCE_REPO="https://github.com/adoptium/temurin-build.git"
SOURCE_REPO="https://github.com/adoptium/jdk21u.git"
FULL_VERSION="21.0.11+10-LTS"
SEMANTIC_VERSION="21.0.11+10"
BUILD_INFO="OS: Windows Server 2022 Version: 10.0"
JVM_VARIANT="Hotspot"
JVM_VERSION="21.0.11+10-LTS"
IMAGE_TYPE="JDK"

Environment Variables:
JAVA_HOME=D:\Java\jdks\jdk-21.0.11_10
PATH=D:\Java\jdks\jdk-21.0.11_10\bin;C:\WINDOWS\system32;C:\WINDOWS;C:\WINDOWS\System32\Wbem;C:\WINDOWS\System32\WindowsPowerShell\v1.0\;C:\WINDOWS\System32\OpenSSH\;D:\nvm;D:\nodejs;D:\Git\cmd;D:\微信web开发者工具\dll;C:\Program Files\MySQL\MySQL Server 8.0\bin\;D:\Program Files\Docker\resources\bin;D:\Java\maven\apache-maven-3.9.16\bin;C:\Users\ey669\.cargo\bin;D:\Python312\Scripts\;D:\Python312\;C:\Program Files\MySQL\MySQL Shell 8.0\bin\;C:\Users\ey669\AppData\Local\Microsoft\WindowsApps;D:\Microsoft VS Code\bin;D:\nvm;D:\nodejs;C:\Users\ey669\AppData\Local\Programs\cursor\resources\app\bin;D:\Java\jdks\jdk-21.0.11_10\;C:\Users\ey669\.cargo\bin;
USERNAME=ey669
OS=Windows_NT
PROCESSOR_IDENTIFIER=AMD64 Family 23 Model 104 Stepping 1, AuthenticAMD
TMP=C:\Users\ey669\AppData\Local\Temp
TEMP=C:\Users\ey669\AppData\Local\Temp




Periodic native trim disabled

---------------  S Y S T E M  ---------------

OS:
 Windows 11 , 64 bit Build 26100 (10.0.26100.8875)
OS uptime: 12 days 7:54 hours
Hyper-V role detected

CPU: total 12 (initial active 12) (12 cores per cpu, 2 threads per core) family 23 model 104 stepping 1 microcode 0x8608103, cx8, cmov, fxsr, ht, mmx, 3dnowpref, sse, sse2, sse3, ssse3, sse4a, sse4.1, sse4.2, popcnt, lzcnt, tsc, tscinvbit, avx, avx2, aes, clmul, bmi1, bmi2, adx, sha, fma, vzeroupper, clflush, clflushopt, hv, rdtscp, rdpid, f16c
Processor Information for processor 0
  Max Mhz: 2100, Current Mhz: 2100, Mhz Limit: 2100
Processor Information for processor 1
  Max Mhz: 2100, Current Mhz: 2100, Mhz Limit: 2100
Processor Information for processor 2
  Max Mhz: 2100, Current Mhz: 2100, Mhz Limit: 2100
Processor Information for processor 3
  Max Mhz: 2100, Current Mhz: 1988, Mhz Limit: 2100
Processor Information for processor 4
  Max Mhz: 2100, Current Mhz: 1988, Mhz Limit: 2100
Processor Information for processor 5
  Max Mhz: 2100, Current Mhz: 2100, Mhz Limit: 2100
Processor Information for processor 6
  Max Mhz: 2100, Current Mhz: 2100, Mhz Limit: 2100
Processor Information for processor 7
  Max Mhz: 2100, Current Mhz: 1988, Mhz Limit: 2100
Processor Information for processor 8
  Max Mhz: 2100, Current Mhz: 2100, Mhz Limit: 2100
Processor Information for processor 9
  Max Mhz: 2100, Current Mhz: 2100, Mhz Limit: 2100
Processor Information for processor 10
  Max Mhz: 2100, Current Mhz: 2100, Mhz Limit: 2100
Processor Information for processor 11
  Max Mhz: 2100, Current Mhz: 1988, Mhz Limit: 2100

Memory: 4k page, system-wide physical 5989M (480M free)
TotalPageFile size 24421M (AvailPageFile size 7M)
current process WorkingSet (physical memory assigned to process): 370M, peak: 392M
current process commit charge ("private bytes"): 654M, peak: 658M

vm_info: OpenJDK 64-Bit Server VM (21.0.11+10-LTS) for windows-amd64 JRE (21.0.11+10-LTS), built on 2026-04-21T00:00:00Z by "admin" with MS VC++ 17.12 (VS2022)

END.
